START 20:49:24
[INFO] Scanning for projects...
[INFO] 
[INFO] --------------< com.arthur.labops:lab-equipment-platform >--------------
[INFO] Building LabEquipmentPlatform 0.0.1-SNAPSHOT
[INFO] --------------------------------[ jar ]---------------------------------
[INFO] 
[INFO] --- maven-resources-plugin:3.3.1:resources (default-resources) @ lab-equipment-platform ---
[INFO] Copying 2 resources from src/main/resources to target/classes
[INFO] Copying 18 resources from src/main/resources to target/classes
[INFO] 
[INFO] --- maven-compiler-plugin:3.14.1:compile (default-compile) @ lab-equipment-platform ---
[INFO] Nothing to compile - all classes are up to date.
[INFO] 
[INFO] --- maven-resources-plugin:3.3.1:testResources (default-testResources) @ lab-equipment-platform ---
[INFO] Copying 1 resource from src/test/resources to target/test-classes
[INFO] 
[INFO] --- maven-compiler-plugin:3.14.1:testCompile (default-testCompile) @ lab-equipment-platform ---
[INFO] Recompiling the module because of changed source code.
[INFO] Compiling 61 source files with javac [debug parameters release 21] to target/test-classes
[INFO] 
[INFO] --- maven-surefire-plugin:3.5.6:test (default-test) @ lab-equipment-platform ---
[INFO] Using auto detected provider org.apache.maven.surefire.junitplatform.JUnitPlatformProvider
[INFO] 
[INFO] -------------------------------------------------------
[INFO]  T E S T S
[INFO] -------------------------------------------------------
[INFO] Running com.arthur.labops.MysqlCriticalConcurrencyRegressionTest
20:50:55.604 [main] INFO org.testcontainers.images.PullPolicy -- Image pull policy will be performed by: DefaultPullPolicy()
20:50:55.659 [main] INFO org.testcontainers.utility.ImageNameSubstitutor -- Image name substitution will be performed by: DefaultImageNameSubstitutor (composite of 'ConfigurationFileImageNameSubstitutor' and 'PrefixingImageNameSubstitutor')
20:50:55.735 [main] INFO org.testcontainers.DockerClientFactory -- Testcontainers version: 1.21.4
20:50:57.385 [main] INFO org.testcontainers.dockerclient.DockerClientProviderStrategy -- Loaded org.testcontainers.dockerclient.UnixSocketClientProviderStrategy from ~/.testcontainers.properties, will try it first
20:51:02.523 [main] INFO org.testcontainers.dockerclient.DockerClientProviderStrategy -- Found Docker environment with local Unix socket (unix:///var/run/docker.sock)
20:51:02.530 [main] INFO org.testcontainers.DockerClientFactory -- Docker host IP address is localhost
20:51:02.612 [main] INFO org.testcontainers.DockerClientFactory -- Connected to docker: 
  Server Version: 29.1.3
  API Version: 1.52
  Operating System: Ubuntu 24.04.4 LTS
  Total Memory: 5920 MB
20:51:02.819 [main] INFO tc.testcontainers/ryuk:0.12.0 -- Creating container for image: testcontainers/ryuk:0.12.0
20:51:02.882 [main] INFO org.testcontainers.utility.RegistryAuthLocator -- Failure when attempting to lookup auth config. Please ignore if you don't have images in an authenticated registry. Details: (dockerImageName: testcontainers/ryuk:0.12.0, configFile: /root/.docker/config.json, configEnv: DOCKER_AUTH_CONFIG). Falling back to docker-java default behaviour. Exception message: Status 404: No config supplied. Checked in order: /root/.docker/config.json (file not found), DOCKER_AUTH_CONFIG (not set)
20:51:03.887 [main] INFO tc.testcontainers/ryuk:0.12.0 -- Container testcontainers/ryuk:0.12.0 is starting: a229d72cc7dabe88bb72c3651cd837e2e878ad2e850560752ffcbfeddd67b19f
20:51:05.360 [main] INFO tc.testcontainers/ryuk:0.12.0 -- Container testcontainers/ryuk:0.12.0 started in PT2.541277825S
20:51:05.371 [main] INFO org.testcontainers.utility.RyukResourceReaper -- Ryuk started - will monitor and terminate Testcontainers containers on JVM exit
20:51:05.371 [main] INFO org.testcontainers.DockerClientFactory -- Checking the system...
20:51:05.374 [main] INFO org.testcontainers.DockerClientFactory -- ✔︎ Docker server version should be at least 1.6.0
20:51:05.393 [main] INFO tc.mysql:8.4 -- Creating container for image: mysql:8.4
20:51:05.575 [main] INFO tc.mysql:8.4 -- Container mysql:8.4 is starting: b8cc902bae5573ccf1d3d95520187c2d1aaa1b3f0ff07e6cb9cef0bf8747c44f
20:51:06.014 [main] INFO tc.mysql:8.4 -- Waiting for database connection to become available at jdbc:mysql://localhost:43262/test using query 'SELECT 1'
20:51:18.440 [main] INFO tc.mysql:8.4 -- Container mysql:8.4 started in PT13.04680287S
20:51:18.440 [main] INFO tc.mysql:8.4 -- Container is started (JDBC URL: jdbc:mysql://localhost:43262/test)
20:51:22.126 [main] INFO org.springframework.boot.test.context.SpringBootTestContextBootstrapper -- Found @SpringBootConfiguration com.arthur.labops.LabEquipmentPlatformApplication for test class com.arthur.labops.MysqlCriticalConcurrencyRegressionTest

  .   ____          _            __ _ _
 /\\ / ___'_ __ _ _(_)_ __  __ _ \ \ \ \
( ( )\___ | '_ | '_| | '_ \/ _` | \ \ \ \
 \\/  ___)| |_)| | | | | || (_| |  ) ) ) )
  '  |____| .__|_| |_|_| |_\__, | / / / /
 =========|_|==============|___/=/_/_/_/

 :: Spring Boot ::               (v3.5.16)

2026-09-15T20:51:25.697+08:00  INFO 81426 --- [           main] l.MysqlCriticalConcurrencyRegressionTest : Starting MysqlCriticalConcurrencyRegressionTest using Java 21.0.12 with PID 81426 (started by root in <workdir>/labflow)
2026-09-15T20:51:25.702+08:00  INFO 81426 --- [           main] l.MysqlCriticalConcurrencyRegressionTest : No active profile set, falling back to 1 default profile: "default"
2026-09-15T20:51:42.718+08:00  INFO 81426 --- [           main] .s.d.r.c.RepositoryConfigurationDelegate : Multiple Spring Data modules found, entering strict repository configuration mode
2026-09-15T20:51:42.753+08:00  INFO 81426 --- [           main] .s.d.r.c.RepositoryConfigurationDelegate : Bootstrapping Spring Data JPA repositories in DEFAULT mode.
2026-09-15T20:51:47.959+08:00  INFO 81426 --- [           main] .s.d.r.c.RepositoryConfigurationDelegate : Finished Spring Data repository scanning in 5119 ms. Found 10 JPA repository interfaces.
2026-09-15T20:51:48.093+08:00  INFO 81426 --- [           main] .s.d.r.c.RepositoryConfigurationDelegate : Multiple Spring Data modules found, entering strict repository configuration mode
2026-09-15T20:51:48.102+08:00  INFO 81426 --- [           main] .s.d.r.c.RepositoryConfigurationDelegate : Bootstrapping Spring Data Redis repositories in DEFAULT mode.
2026-09-15T20:51:49.015+08:00  INFO 81426 --- [           main] .RepositoryConfigurationExtensionSupport : Spring Data Redis - Could not safely identify store assignment for repository candidate interface com.arthur.labops.audit.OperationLogRepository; If you want this repository to be a Redis repository, consider annotating your entities with one of these annotations: org.springframework.data.redis.core.RedisHash (preferred), or consider extending one of the following types with your repository: org.springframework.data.keyvalue.repository.KeyValueRepository
2026-09-15T20:51:49.016+08:00  INFO 81426 --- [           main] .RepositoryConfigurationExtensionSupport : Spring Data Redis - Could not safely identify store assignment for repository candidate interface com.arthur.labops.auth.RefreshTokenFamilyRepository; If you want this repository to be a Redis repository, consider annotating your entities with one of these annotations: org.springframework.data.redis.core.RedisHash (preferred), or consider extending one of the following types with your repository: org.springframework.data.keyvalue.repository.KeyValueRepository
2026-09-15T20:51:49.016+08:00  INFO 81426 --- [           main] .RepositoryConfigurationExtensionSupport : Spring Data Redis - Could not safely identify store assignment for repository candidate interface com.arthur.labops.auth.RefreshTokenRepository; If you want this repository to be a Redis repository, consider annotating your entities with one of these annotations: org.springframework.data.redis.core.RedisHash (preferred), or consider extending one of the following types with your repository: org.springframework.data.keyvalue.repository.KeyValueRepository
2026-09-15T20:51:49.016+08:00  INFO 81426 --- [           main] .RepositoryConfigurationExtensionSupport : Spring Data Redis - Could not safely identify store assignment for repository candidate interface com.arthur.labops.equipment.EquipmentRepository; If you want this repository to be a Redis repository, consider annotating your entities with one of these annotations: org.springframework.data.redis.core.RedisHash (preferred), or consider extending one of the following types with your repository: org.springframework.data.keyvalue.repository.KeyValueRepository
2026-09-15T20:51:49.016+08:00  INFO 81426 --- [           main] .RepositoryConfigurationExtensionSupport : Spring Data Redis - Could not safely identify store assignment for repository candidate interface com.arthur.labops.payment.PaymentOrderRepository; If you want this repository to be a Redis repository, consider annotating your entities with one of these annotations: org.springframework.data.redis.core.RedisHash (preferred), or consider extending one of the following types with your repository: org.springframework.data.keyvalue.repository.KeyValueRepository
2026-09-15T20:51:49.016+08:00  INFO 81426 --- [           main] .RepositoryConfigurationExtensionSupport : Spring Data Redis - Could not safely identify store assignment for repository candidate interface com.arthur.labops.payment.PaymentRequestRepository; If you want this repository to be a Redis repository, consider annotating your entities with one of these annotations: org.springframework.data.redis.core.RedisHash (preferred), or consider extending one of the following types with your repository: org.springframework.data.keyvalue.repository.KeyValueRepository
2026-09-15T20:51:49.017+08:00  INFO 81426 --- [           main] .RepositoryConfigurationExtensionSupport : Spring Data Redis - Could not safely identify store assignment for repository candidate interface com.arthur.labops.payment.PaymentTransactionRepository; If you want this repository to be a Redis repository, consider annotating your entities with one of these annotations: org.springframework.data.redis.core.RedisHash (preferred), or consider extending one of the following types with your repository: org.springframework.data.keyvalue.repository.KeyValueRepository
2026-09-15T20:51:49.017+08:00  INFO 81426 --- [           main] .RepositoryConfigurationExtensionSupport : Spring Data Redis - Could not safely identify store assignment for repository candidate interface com.arthur.labops.reservation.ReservationRepository; If you want this repository to be a Redis repository, consider annotating your entities with one of these annotations: org.springframework.data.redis.core.RedisHash (preferred), or consider extending one of the following types with your repository: org.springframework.data.keyvalue.repository.KeyValueRepository
2026-09-15T20:51:49.017+08:00  INFO 81426 --- [           main] .RepositoryConfigurationExtensionSupport : Spring Data Redis - Could not safely identify store assignment for repository candidate interface com.arthur.labops.user.PlatformUserRepository; If you want this repository to be a Redis repository, consider annotating your entities with one of these annotations: org.springframework.data.redis.core.RedisHash (preferred), or consider extending one of the following types with your repository: org.springframework.data.keyvalue.repository.KeyValueRepository
2026-09-15T20:51:49.017+08:00  INFO 81426 --- [           main] .RepositoryConfigurationExtensionSupport : Spring Data Redis - Could not safely identify store assignment for repository candidate interface com.arthur.labops.workorder.FaultWorkOrderRepository; If you want this repository to be a Redis repository, consider annotating your entities with one of these annotations: org.springframework.data.redis.core.RedisHash (preferred), or consider extending one of the following types with your repository: org.springframework.data.keyvalue.repository.KeyValueRepository
2026-09-15T20:51:49.017+08:00  INFO 81426 --- [           main] .s.d.r.c.RepositoryConfigurationDelegate : Finished Spring Data repository scanning in 816 ms. Found 0 Redis repository interfaces.
2026-09-15T20:51:52.484+08:00  WARN 81426 --- [           main] trationDelegate$BeanPostProcessorChecker : Bean 'queryControl' of type [com.arthur.labops.MysqlCriticalConcurrencyRegressionTest$QueryControl] is not eligible for getting processed by all BeanPostProcessors (for example: not eligible for auto-proxying). Is this bean getting eagerly injected/applied to a currently created BeanPostProcessor [mysqlConcurrencyRepositoryDecorator]? Check the corresponding BeanPostProcessor declaration and its dependencies/advisors. If this bean does not have to be post-processed, declare it with ROLE_INFRASTRUCTURE.
2026-09-15T20:51:56.134+08:00  INFO 81426 --- [           main] org.flywaydb.core.FlywayExecutor         : Database: jdbc:mysql://localhost:43262/test (MySQL 8.4)
2026-09-15T20:51:56.235+08:00  WARN 81426 --- [           main] o.f.c.internal.database.base.Database    : Flyway upgrade recommended: MySQL 8.4 is newer than this version of Flyway and support has not been tested. The latest supported version of MySQL is 8.1.
2026-09-15T20:51:57.101+08:00  INFO 81426 --- [           main] o.f.c.i.s.JdbcTableSchemaHistory         : Schema history table `test`.`flyway_schema_history` does not exist yet
2026-09-15T20:51:57.122+08:00  INFO 81426 --- [           main] o.f.core.internal.command.DbValidate     : Successfully validated 18 migrations (execution time 00:00.806s)
2026-09-15T20:51:57.173+08:00  INFO 81426 --- [           main] o.f.c.i.s.JdbcTableSchemaHistory         : Creating Schema History table `test`.`flyway_schema_history` ...
2026-09-15T20:51:57.405+08:00  INFO 81426 --- [           main] o.f.core.internal.command.DbMigrate      : Current version of schema `test`: << Empty Schema >>
2026-09-15T20:51:57.513+08:00  INFO 81426 --- [           main] o.f.core.internal.command.DbMigrate      : Migrating schema `test` to version "1 - init"
2026-09-15T20:51:57.974+08:00  INFO 81426 --- [           main] o.f.core.internal.command.DbMigrate      : Migrating schema `test` to version "2 - work order version"
2026-09-15T20:51:58.273+08:00  INFO 81426 --- [           main] o.f.core.internal.command.DbMigrate      : Migrating schema `test` to version "3 - platform users"
2026-09-15T20:51:58.449+08:00  INFO 81426 --- [           main] o.f.core.internal.command.DbMigrate      : Migrating schema `test` to version "4 - reservation expiry"
2026-09-15T20:51:58.657+08:00  INFO 81426 --- [           main] o.f.core.internal.command.DbMigrate      : Migrating schema `test` to version "5 - audit and user links"
2026-09-15T20:51:59.316+08:00  INFO 81426 --- [           main] o.f.core.internal.command.DbMigrate      : Migrating schema `test` to version "6 - equipment profile"
2026-09-15T20:52:00.033+08:00  INFO 81426 --- [           main] o.f.core.internal.command.DbMigrate      : Migrating schema `test` to version "7 - refresh tokens"
2026-09-15T20:52:00.273+08:00  INFO 81426 --- [           main] o.f.core.internal.command.DbMigrate      : Migrating schema `test` to version "8 - reservation version"
2026-09-15T20:52:00.509+08:00  INFO 81426 --- [           main] o.f.core.internal.command.DbMigrate      : Migrating schema `test` to version "9 - work order equipment offline"
2026-09-15T20:52:00.759+08:00  INFO 81426 --- [           main] o.f.core.internal.command.DbMigrate      : Migrating schema `test` to version "10 - equipment hourly price"
2026-09-15T20:52:01.036+08:00  INFO 81426 --- [           main] o.f.core.internal.command.DbMigrate      : Migrating schema `test` to version "11 - reservation payment deadline"
2026-09-15T20:52:01.341+08:00  INFO 81426 --- [           main] o.f.core.internal.command.DbMigrate      : Migrating schema `test` to version "12 - payment ledger"
2026-09-15T20:52:01.623+08:00  INFO 81426 --- [           main] o.f.core.internal.command.DbMigrate      : Migrating schema `test` to version "13 - work order payment discrepancy"
2026-09-15T20:52:02.013+08:00  INFO 81426 --- [           main] o.f.core.internal.command.DbMigrate      : Migrating schema `test` to version "14 - payment transaction idempotency"
2026-09-15T20:52:02.134+08:00  INFO 81426 --- [           main] o.f.core.internal.command.DbMigrate      : Migrating schema `test` to version "15 - payment outbound requests"
2026-09-15T20:52:02.378+08:00  INFO 81426 --- [           main] o.f.core.internal.command.DbMigrate      : Migrating schema `test` to version "16 - payment request channel attempt"
2026-09-15T20:52:02.577+08:00  INFO 81426 --- [           main] o.f.core.internal.command.DbMigrate      : Migrating schema `test` to version "17 - refresh token families"
2026-09-15T20:52:03.677+08:00  INFO 81426 --- [           main] o.f.core.internal.command.DbMigrate      : Migrating schema `test` to version "18 - payment request order index"
2026-09-15T20:52:03.737+08:00  INFO 81426 --- [           main] o.f.core.internal.command.DbMigrate      : Successfully applied 18 migrations to schema `test`, now at version v18 (execution time 00:04.602s)
2026-09-15T20:52:05.295+08:00  INFO 81426 --- [           main] o.hibernate.jpa.internal.util.LogHelper  : HHH000204: Processing PersistenceUnitInfo [name: default]
2026-09-15T20:52:06.424+08:00  INFO 81426 --- [           main] org.hibernate.Version                    : HHH000412: Hibernate ORM core version 6.6.53.Final
2026-09-15T20:52:07.017+08:00  INFO 81426 --- [           main] o.h.c.internal.RegionFactoryInitiator    : HHH000026: Second-level cache disabled
2026-09-15T20:52:11.988+08:00  INFO 81426 --- [           main] o.s.o.j.p.SpringPersistenceUnitInfo      : No LoadTimeWeaver setup: ignoring JPA class transformer
2026-09-15T20:52:12.480+08:00  INFO 81426 --- [           main] com.zaxxer.hikari.HikariDataSource       : HikariPool-1 - Starting...
2026-09-15T20:52:12.666+08:00  INFO 81426 --- [           main] com.zaxxer.hikari.pool.HikariPool        : HikariPool-1 - Added connection com.mysql.cj.jdbc.ConnectionImpl@128ebca1
2026-09-15T20:52:12.701+08:00  INFO 81426 --- [           main] com.zaxxer.hikari.HikariDataSource       : HikariPool-1 - Start completed.
2026-09-15T20:52:13.057+08:00  WARN 81426 --- [           main] org.hibernate.orm.deprecation            : HHH90000025: MySQLDialect does not need to be specified explicitly using 'hibernate.dialect' (remove the property setting and it will be selected by default)
2026-09-15T20:52:13.285+08:00  INFO 81426 --- [           main] org.hibernate.orm.connections.pooling    : HHH10001005: Database info:
	Database JDBC URL [Connecting through datasource 'HikariDataSource (HikariPool-1)']
	Database driver: undefined/unknown
	Database version: 8.4.10
	Autocommit mode: undefined/unknown
	Isolation level: undefined/unknown
	Minimum pool size: undefined/unknown
	Maximum pool size: undefined/unknown
2026-09-15T20:52:26.373+08:00  INFO 81426 --- [           main] o.h.e.t.j.p.i.JtaPlatformInitiator       : HHH000489: No JTA platform available (set 'hibernate.transaction.jta.platform' to enable JTA platform integration)
2026-09-15T20:52:26.759+08:00  INFO 81426 --- [           main] j.LocalContainerEntityManagerFactoryBean : Initialized JPA EntityManagerFactory for persistence unit 'default'
2026-09-15T20:52:29.158+08:00  INFO 81426 --- [           main] o.s.d.j.r.query.QueryEnhancerFactory     : Hibernate is in classpath; If applicable, HQL parser will be used.
2026-09-15T20:52:33.778+08:00  INFO 81426 --- [           main] r$InitializeUserDetailsManagerConfigurer : Global AuthenticationManager configured with UserDetailsService bean with name databaseUserDetailsService
2026-09-15T20:52:36.058+08:00  WARN 81426 --- [           main] JpaBaseConfiguration$JpaWebConfiguration : spring.jpa.open-in-view is enabled by default. Therefore, database queries may be performed during view rendering. Explicitly configure spring.jpa.open-in-view to disable this warning
2026-09-15T20:52:39.743+08:00  INFO 81426 --- [           main] o.s.b.a.e.web.EndpointLinksResolver      : Exposing 1 endpoint beneath base path '/actuator'
2026-09-15T20:52:48.103+08:00  INFO 81426 --- [           main] o.s.b.t.m.w.SpringBootMockServletContext : Initializing Spring TestDispatcherServlet ''
2026-09-15T20:52:48.103+08:00  INFO 81426 --- [           main] o.s.t.web.servlet.TestDispatcherServlet  : Initializing Servlet ''
2026-09-15T20:52:48.104+08:00  INFO 81426 --- [           main] o.s.t.web.servlet.TestDispatcherServlet  : Completed initialization in 1 ms
2026-09-15T20:52:48.454+08:00  INFO 81426 --- [           main] l.MysqlCriticalConcurrencyRegressionTest : Started MysqlCriticalConcurrencyRegressionTest in 84.558 seconds (process running for 119.495)
2026-09-15T20:52:56.285+08:00  INFO 81426 --- [           main] c.arthur.labops.payment.PaymentService   : Payment order opened orderNo=LF00000003 reservationId=3 amountCents=6000
2026-09-15T20:52:56.442+08:00  INFO 81426 --- [pool-6-thread-6] c.a.l.payment.PaymentCallbackService     : Payment callback recorded orderNo=LF00000003 type=PAYMENT amountCents=6000 orderStatus=PAID
2026-09-15T20:52:56.456+08:00  INFO 81426 --- [pool-6-thread-1] c.a.l.payment.PaymentCallbackService     : Payment callback ignored as replay orderNo=LF00000003 idempotencyKey=LF00000003:PAY
2026-09-15T20:52:56.464+08:00  INFO 81426 --- [pool-6-thread-3] c.a.l.payment.PaymentCallbackService     : Payment callback ignored as replay orderNo=LF00000003 idempotencyKey=LF00000003:PAY
2026-09-15T20:52:56.470+08:00  INFO 81426 --- [pool-6-thread-9] c.a.l.payment.PaymentCallbackService     : Payment callback ignored as replay orderNo=LF00000003 idempotencyKey=LF00000003:PAY
2026-09-15T20:52:56.475+08:00  INFO 81426 --- [pool-6-thread-8] c.a.l.payment.PaymentCallbackService     : Payment callback ignored as replay orderNo=LF00000003 idempotencyKey=LF00000003:PAY
2026-09-15T20:52:56.480+08:00  INFO 81426 --- [pool-6-thread-7] c.a.l.payment.PaymentCallbackService     : Payment callback ignored as replay orderNo=LF00000003 idempotencyKey=LF00000003:PAY
2026-09-15T20:52:56.486+08:00  INFO 81426 --- [pool-6-thread-2] c.a.l.payment.PaymentCallbackService     : Payment callback ignored as replay orderNo=LF00000003 idempotencyKey=LF00000003:PAY
2026-09-15T20:52:56.492+08:00  INFO 81426 --- [pool-6-thread-5] c.a.l.payment.PaymentCallbackService     : Payment callback ignored as replay orderNo=LF00000003 idempotencyKey=LF00000003:PAY
2026-09-15T20:52:56.497+08:00  INFO 81426 --- [pool-6-thread-4] c.a.l.payment.PaymentCallbackService     : Payment callback ignored as replay orderNo=LF00000003 idempotencyKey=LF00000003:PAY
2026-09-15T20:52:56.504+08:00  INFO 81426 --- [ool-6-thread-10] c.a.l.payment.PaymentCallbackService     : Payment callback ignored as replay orderNo=LF00000003 idempotencyKey=LF00000003:PAY
2026-09-15T20:52:57.186+08:00  INFO 81426 --- [           main] c.arthur.labops.payment.PaymentService   : Payment order opened orderNo=LF00000004 reservationId=4 amountCents=6000
2026-09-15T20:52:57.218+08:00  INFO 81426 --- [           main] c.arthur.labops.payment.PaymentService   : Payment order opened orderNo=LF00000005 reservationId=5 amountCents=6000
2026-09-15T20:52:57.252+08:00  INFO 81426 --- [           main] c.arthur.labops.payment.PaymentService   : Payment order opened orderNo=LF00000006 reservationId=6 amountCents=6000
2026-09-15T20:52:57.287+08:00  INFO 81426 --- [           main] c.arthur.labops.payment.PaymentService   : Payment order opened orderNo=LF00000007 reservationId=7 amountCents=6000
2026-09-15T20:52:57.322+08:00  INFO 81426 --- [           main] c.arthur.labops.payment.PaymentService   : Payment order opened orderNo=LF00000008 reservationId=8 amountCents=12000
2026-09-15T20:52:57.358+08:00  INFO 81426 --- [           main] c.arthur.labops.payment.PaymentService   : Payment order opened orderNo=LF00000009 reservationId=9 amountCents=12000
2026-09-15T20:52:57.389+08:00  INFO 81426 --- [           main] c.arthur.labops.payment.PaymentService   : Payment order opened orderNo=LF00000010 reservationId=10 amountCents=12000
2026-09-15T20:52:57.426+08:00  INFO 81426 --- [           main] c.arthur.labops.payment.PaymentService   : Payment order opened orderNo=LF00000011 reservationId=11 amountCents=12000
2026-09-15T20:52:57.479+08:00  INFO 81426 --- [pool-7-thread-2] c.a.l.payment.PaymentCallbackService     : Payment callback recorded orderNo=LF00000005 type=PAYMENT amountCents=6000 orderStatus=PAID
2026-09-15T20:52:57.479+08:00  INFO 81426 --- [pool-7-thread-4] c.a.l.payment.PaymentCallbackService     : Payment callback recorded orderNo=LF00000007 type=PAYMENT amountCents=6000 orderStatus=PAID
2026-09-15T20:52:57.479+08:00  INFO 81426 --- [pool-7-thread-6] c.a.l.payment.PaymentCallbackService     : Payment callback recorded orderNo=LF00000009 type=PAYMENT amountCents=12000 orderStatus=PAID
2026-09-15T20:52:57.480+08:00  INFO 81426 --- [pool-7-thread-1] c.a.l.payment.PaymentCallbackService     : Payment callback recorded orderNo=LF00000004 type=PAYMENT amountCents=6000 orderStatus=PAID
2026-09-15T20:52:57.481+08:00  INFO 81426 --- [pool-7-thread-3] c.a.l.payment.PaymentCallbackService     : Payment callback recorded orderNo=LF00000006 type=PAYMENT amountCents=6000 orderStatus=PAID
2026-09-15T20:52:57.517+08:00  INFO 81426 --- [pool-7-thread-8] c.a.l.payment.PaymentCallbackService     : Payment callback recorded orderNo=LF00000011 type=PAYMENT amountCents=12000 orderStatus=PAID
2026-09-15T20:52:57.542+08:00  INFO 81426 --- [pool-7-thread-5] c.a.l.payment.PaymentCallbackService     : Payment callback recorded orderNo=LF00000008 type=PAYMENT amountCents=12000 orderStatus=PAID
2026-09-15T20:52:57.564+08:00  INFO 81426 --- [pool-7-thread-7] c.a.l.payment.PaymentCallbackService     : Payment callback recorded orderNo=LF00000010 type=PAYMENT amountCents=12000 orderStatus=PAID
[INFO] Tests run: 3, Failures: 0, Errors: 0, Skipped: 0, Time elapsed: 123.5 s -- in com.arthur.labops.MysqlCriticalConcurrencyRegressionTest
[INFO] 
[INFO] Results:
[INFO] 
[INFO] Tests run: 3, Failures: 0, Errors: 0, Skipped: 0
[INFO] 
[INFO] ------------------------------------------------------------------------
[INFO] BUILD SUCCESS
[INFO] ------------------------------------------------------------------------
[INFO] Total time:  03:33 min
[INFO] Finished at: 2026-09-15T20:52:58+08:00
[INFO] ------------------------------------------------------------------------
EXIT=0 20:52:59
