BENCH begin correctness profile=mysql-redis N=200 round=1
base_url=http://127.0.0.1:18080 python=3.14.0 (tags/v3.14.0:ebf955d, Oct  7 2025, 10:15:03) [MSC v.1944 64 bit (AMD64)] pid=960
LOGIN student status=200 latency_ms=69.6
LOGIN admin status=200 latency_ms=77.1
CREATE_EQUIPMENT code=BM-C-mysql-redis-20260814T070434Z-200-R1 status=201 latency_ms=36.6
CORRECTNESS start profile=mysql-redis N=200 round=1 equipmentId=24 startTime=2026-08-18T08:04:34Z endTime=2026-08-18T09:04:34Z
---- SUMMARY ----
{
  "scenario": "correctness",
  "profile": "mysql-redis",
  "lock_impl": "RedisReservationLock",
  "base_url": "http://127.0.0.1:18080",
  "concurrency": 200,
  "round": 1,
  "total_planned": 200,
  "total_observed": 200,
  "success_201": 1,
  "conflict_409": 199,
  "failed_other": 0,
  "status_counts": {
    "201": 1,
    "409": 199
  },
  "error_code_counts": {
    "RESERVATION_CONFLICT": 160,
    "RESERVATION_LOCK_TIMEOUT": 39,
    "HTTP_201": 1
  },
  "wall_seconds": 2.100125,
  "throughput_rps": 95.232431,
  "latency_all": {
    "count": 200,
    "min_ms": 54.353,
    "avg_ms": 1089.146,
    "p50_ms": 958.259,
    "p95_ms": 2086.318,
    "p99_ms": 2093.546,
    "max_ms": 2097.509
  },
  "latency_201": {
    "count": 1,
    "min_ms": 54.353,
    "avg_ms": 54.353,
    "p50_ms": 54.353,
    "p95_ms": 54.353,
    "p99_ms": 54.353,
    "max_ms": 54.353
  },
  "latency_409": {
    "count": 199,
    "min_ms": 71.351,
    "avg_ms": 1094.346,
    "p50_ms": 962.389,
    "p95_ms": 2086.374,
    "p99_ms": 2093.583,
    "max_ms": 2097.509
  },
  "started_at": "2026-08-14T07:04:36+00:00",
  "equipment_id": 24,
  "equipment_code": "BM-C-mysql-redis-20260814T070434Z-200-R1",
  "start_time": "2026-08-18T08:04:34Z",
  "end_time": "2026-08-18T09:04:34Z",
  "worker_exceptions": [],
  "threads_still_alive": []
}
---- PER-REQUEST ----
idx=0 status=409 class=conflict code=RESERVATION_CONFLICT latency_ms=95.542 reservation_id=None
idx=1 status=409 class=conflict code=RESERVATION_CONFLICT latency_ms=1119.726 reservation_id=None
idx=2 status=409 class=conflict code=RESERVATION_CONFLICT latency_ms=287.631 reservation_id=None
idx=3 status=409 class=conflict code=RESERVATION_LOCK_TIMEOUT latency_ms=2097.509 reservation_id=None
idx=4 status=409 class=conflict code=RESERVATION_CONFLICT latency_ms=1632.869 reservation_id=None
idx=5 status=409 class=conflict code=RESERVATION_CONFLICT latency_ms=911.9 reservation_id=None
idx=6 status=409 class=conflict code=RESERVATION_CONFLICT latency_ms=1065.149 reservation_id=None
idx=7 status=409 class=conflict code=RESERVATION_CONFLICT latency_ms=136.962 reservation_id=None
idx=8 status=409 class=conflict code=RESERVATION_CONFLICT latency_ms=551.249 reservation_id=None
idx=9 status=409 class=conflict code=RESERVATION_CONFLICT latency_ms=561.075 reservation_id=None
idx=10 status=409 class=conflict code=RESERVATION_CONFLICT latency_ms=2042.78 reservation_id=None
idx=11 status=409 class=conflict code=RESERVATION_LOCK_TIMEOUT latency_ms=2030.514 reservation_id=None
idx=12 status=409 class=conflict code=RESERVATION_LOCK_TIMEOUT latency_ms=2081.912 reservation_id=None
idx=13 status=409 class=conflict code=RESERVATION_CONFLICT latency_ms=1371.176 reservation_id=None
idx=14 status=409 class=conflict code=RESERVATION_LOCK_TIMEOUT latency_ms=2097.189 reservation_id=None
idx=15 status=409 class=conflict code=RESERVATION_CONFLICT latency_ms=294.036 reservation_id=None
idx=16 status=409 class=conflict code=RESERVATION_CONFLICT latency_ms=704.493 reservation_id=None
idx=17 status=409 class=conflict code=RESERVATION_CONFLICT latency_ms=1871.763 reservation_id=None
idx=18 status=409 class=conflict code=RESERVATION_CONFLICT latency_ms=965.943 reservation_id=None
idx=19 status=409 class=conflict code=RESERVATION_CONFLICT latency_ms=589.043 reservation_id=None
idx=20 status=409 class=conflict code=RESERVATION_LOCK_TIMEOUT latency_ms=2037.941 reservation_id=None
idx=21 status=409 class=conflict code=RESERVATION_CONFLICT latency_ms=903.441 reservation_id=None
idx=22 status=409 class=conflict code=RESERVATION_CONFLICT latency_ms=643.187 reservation_id=None
idx=23 status=409 class=conflict code=RESERVATION_CONFLICT latency_ms=900.707 reservation_id=None
idx=24 status=409 class=conflict code=RESERVATION_CONFLICT latency_ms=1478.608 reservation_id=None
idx=25 status=409 class=conflict code=RESERVATION_CONFLICT latency_ms=962.389 reservation_id=None
idx=26 status=409 class=conflict code=RESERVATION_CONFLICT latency_ms=1785.423 reservation_id=None
idx=27 status=409 class=conflict code=RESERVATION_CONFLICT latency_ms=1989.307 reservation_id=None
idx=28 status=409 class=conflict code=RESERVATION_CONFLICT latency_ms=75.479 reservation_id=None
idx=29 status=409 class=conflict code=RESERVATION_CONFLICT latency_ms=1170.038 reservation_id=None
idx=30 status=409 class=conflict code=RESERVATION_CONFLICT latency_ms=804.061 reservation_id=None
idx=31 status=409 class=conflict code=RESERVATION_CONFLICT latency_ms=298.053 reservation_id=None
idx=32 status=409 class=conflict code=RESERVATION_CONFLICT latency_ms=1684.163 reservation_id=None
idx=33 status=409 class=conflict code=RESERVATION_CONFLICT latency_ms=1207.518 reservation_id=None
idx=34 status=409 class=conflict code=RESERVATION_CONFLICT latency_ms=349.941 reservation_id=None
idx=35 status=409 class=conflict code=RESERVATION_LOCK_TIMEOUT latency_ms=2090.333 reservation_id=None
idx=36 status=409 class=conflict code=RESERVATION_CONFLICT latency_ms=913.605 reservation_id=None
idx=37 status=409 class=conflict code=RESERVATION_LOCK_TIMEOUT latency_ms=2038.585 reservation_id=None
idx=38 status=409 class=conflict code=RESERVATION_CONFLICT latency_ms=1515.088 reservation_id=None
idx=39 status=409 class=conflict code=RESERVATION_CONFLICT latency_ms=1275.976 reservation_id=None
idx=40 status=409 class=conflict code=RESERVATION_CONFLICT latency_ms=125.11 reservation_id=None
idx=41 status=409 class=conflict code=RESERVATION_CONFLICT latency_ms=395.253 reservation_id=None
idx=42 status=409 class=conflict code=RESERVATION_CONFLICT latency_ms=1736.404 reservation_id=None
idx=43 status=409 class=conflict code=RESERVATION_LOCK_TIMEOUT latency_ms=2078.722 reservation_id=None
idx=44 status=409 class=conflict code=RESERVATION_CONFLICT latency_ms=493.148 reservation_id=None
idx=45 status=409 class=conflict code=RESERVATION_CONFLICT latency_ms=188.295 reservation_id=None
idx=46 status=409 class=conflict code=RESERVATION_LOCK_TIMEOUT latency_ms=2033.738 reservation_id=None
idx=47 status=409 class=conflict code=RESERVATION_CONFLICT latency_ms=290.37 reservation_id=None
idx=48 status=409 class=conflict code=RESERVATION_LOCK_TIMEOUT latency_ms=2089.509 reservation_id=None
idx=49 status=409 class=conflict code=RESERVATION_LOCK_TIMEOUT latency_ms=2087.37 reservation_id=None
idx=50 status=409 class=conflict code=RESERVATION_CONFLICT latency_ms=686.633 reservation_id=None
idx=51 status=409 class=conflict code=RESERVATION_CONFLICT latency_ms=1579.226 reservation_id=None
idx=52 status=409 class=conflict code=RESERVATION_CONFLICT latency_ms=121.32 reservation_id=None
idx=53 status=409 class=conflict code=RESERVATION_CONFLICT latency_ms=130.042 reservation_id=None
idx=54 status=409 class=conflict code=RESERVATION_CONFLICT latency_ms=1417.609 reservation_id=None
idx=55 status=409 class=conflict code=RESERVATION_CONFLICT latency_ms=954.128 reservation_id=None
idx=56 status=409 class=conflict code=RESERVATION_CONFLICT latency_ms=1409.021 reservation_id=None
idx=57 status=409 class=conflict code=RESERVATION_CONFLICT latency_ms=185.266 reservation_id=None
idx=58 status=409 class=conflict code=RESERVATION_LOCK_TIMEOUT latency_ms=2071.627 reservation_id=None
idx=59 status=409 class=conflict code=RESERVATION_CONFLICT latency_ms=589.576 reservation_id=None
idx=60 status=409 class=conflict code=RESERVATION_CONFLICT latency_ms=1834.337 reservation_id=None
idx=61 status=409 class=conflict code=RESERVATION_CONFLICT latency_ms=1522.979 reservation_id=None
idx=62 status=409 class=conflict code=RESERVATION_CONFLICT latency_ms=490.481 reservation_id=None
idx=63 status=409 class=conflict code=RESERVATION_LOCK_TIMEOUT latency_ms=2036.549 reservation_id=None
idx=64 status=409 class=conflict code=RESERVATION_CONFLICT latency_ms=757.788 reservation_id=None
idx=65 status=409 class=conflict code=RESERVATION_CONFLICT latency_ms=1831.393 reservation_id=None
idx=66 status=409 class=conflict code=RESERVATION_CONFLICT latency_ms=234.708 reservation_id=None
idx=67 status=409 class=conflict code=RESERVATION_CONFLICT latency_ms=1058.642 reservation_id=None
idx=68 status=409 class=conflict code=RESERVATION_CONFLICT latency_ms=789.186 reservation_id=None
idx=69 status=409 class=conflict code=RESERVATION_LOCK_TIMEOUT latency_ms=2088.776 reservation_id=None
idx=70 status=409 class=conflict code=RESERVATION_LOCK_TIMEOUT latency_ms=2084.742 reservation_id=None
idx=71 status=409 class=conflict code=RESERVATION_CONFLICT latency_ms=386.559 reservation_id=None
idx=72 status=409 class=conflict code=RESERVATION_LOCK_TIMEOUT latency_ms=2029.558 reservation_id=None
idx=73 status=409 class=conflict code=RESERVATION_CONFLICT latency_ms=804.955 reservation_id=None
idx=74 status=409 class=conflict code=RESERVATION_CONFLICT latency_ms=2031.803 reservation_id=None
idx=75 status=409 class=conflict code=RESERVATION_CONFLICT latency_ms=1321.454 reservation_id=None
idx=76 status=409 class=conflict code=RESERVATION_CONFLICT latency_ms=1318.021 reservation_id=None
idx=77 status=201 class=success code=None latency_ms=54.353 reservation_id=36
idx=78 status=409 class=conflict code=RESERVATION_CONFLICT latency_ms=703.352 reservation_id=None
idx=79 status=409 class=conflict code=RESERVATION_CONFLICT latency_ms=852.901 reservation_id=None
idx=80 status=409 class=conflict code=RESERVATION_CONFLICT latency_ms=71.351 reservation_id=None
idx=81 status=409 class=conflict code=RESERVATION_CONFLICT latency_ms=597.955 reservation_id=None
idx=82 status=409 class=conflict code=RESERVATION_CONFLICT latency_ms=590.113 reservation_id=None
idx=83 status=409 class=conflict code=RESERVATION_CONFLICT latency_ms=85.206 reservation_id=None
idx=84 status=409 class=conflict code=RESERVATION_CONFLICT latency_ms=333.239 reservation_id=None
idx=85 status=409 class=conflict code=RESERVATION_CONFLICT latency_ms=330.658 reservation_id=None
idx=86 status=409 class=conflict code=RESERVATION_CONFLICT latency_ms=1164.613 reservation_id=None
idx=87 status=409 class=conflict code=RESERVATION_CONFLICT latency_ms=382.01 reservation_id=None
idx=88 status=409 class=conflict code=RESERVATION_LOCK_TIMEOUT latency_ms=2087.478 reservation_id=None
idx=89 status=409 class=conflict code=RESERVATION_CONFLICT latency_ms=433.508 reservation_id=None
idx=90 status=409 class=conflict code=RESERVATION_CONFLICT latency_ms=1635.716 reservation_id=None
idx=91 status=409 class=conflict code=RESERVATION_LOCK_TIMEOUT latency_ms=2091.344 reservation_id=None
idx=92 status=409 class=conflict code=RESERVATION_CONFLICT latency_ms=695.96 reservation_id=None
idx=93 status=409 class=conflict code=RESERVATION_CONFLICT latency_ms=180.086 reservation_id=None
idx=94 status=409 class=conflict code=RESERVATION_CONFLICT latency_ms=175.641 reservation_id=None
idx=95 status=409 class=conflict code=RESERVATION_CONFLICT latency_ms=272.895 reservation_id=None
idx=96 status=409 class=conflict code=RESERVATION_CONFLICT latency_ms=287.918 reservation_id=None
idx=97 status=409 class=conflict code=RESERVATION_CONFLICT latency_ms=128.109 reservation_id=None
idx=98 status=409 class=conflict code=RESERVATION_CONFLICT latency_ms=445.682 reservation_id=None
idx=99 status=409 class=conflict code=RESERVATION_LOCK_TIMEOUT latency_ms=2093.509 reservation_id=None
idx=100 status=409 class=conflict code=RESERVATION_LOCK_TIMEOUT latency_ms=2075.534 reservation_id=None
idx=101 status=409 class=conflict code=RESERVATION_CONFLICT latency_ms=192.38 reservation_id=None
idx=102 status=409 class=conflict code=RESERVATION_CONFLICT latency_ms=231.536 reservation_id=None
idx=103 status=409 class=conflict code=RESERVATION_LOCK_TIMEOUT latency_ms=2034.878 reservation_id=None
idx=104 status=409 class=conflict code=RESERVATION_CONFLICT latency_ms=1120.321 reservation_id=None
idx=105 status=409 class=conflict code=RESERVATION_CONFLICT latency_ms=1199.206 reservation_id=None
idx=106 status=409 class=conflict code=RESERVATION_CONFLICT latency_ms=499.569 reservation_id=None
idx=107 status=409 class=conflict code=RESERVATION_CONFLICT latency_ms=1210.598 reservation_id=None
idx=108 status=409 class=conflict code=RESERVATION_CONFLICT latency_ms=1684.783 reservation_id=None
idx=109 status=409 class=conflict code=RESERVATION_CONFLICT latency_ms=1817.286 reservation_id=None
idx=110 status=409 class=conflict code=RESERVATION_CONFLICT latency_ms=227.109 reservation_id=None
idx=111 status=409 class=conflict code=RESERVATION_LOCK_TIMEOUT latency_ms=2078.072 reservation_id=None
idx=112 status=409 class=conflict code=RESERVATION_CONFLICT latency_ms=247.968 reservation_id=None
idx=113 status=409 class=conflict code=RESERVATION_CONFLICT latency_ms=432.605 reservation_id=None
idx=114 status=409 class=conflict code=RESERVATION_CONFLICT latency_ms=1571.072 reservation_id=None
idx=115 status=409 class=conflict code=RESERVATION_CONFLICT latency_ms=1153.416 reservation_id=None
idx=116 status=409 class=conflict code=RESERVATION_CONFLICT latency_ms=75.06 reservation_id=None
idx=117 status=409 class=conflict code=RESERVATION_LOCK_TIMEOUT latency_ms=2083.828 reservation_id=None
idx=118 status=409 class=conflict code=RESERVATION_CONFLICT latency_ms=750.82 reservation_id=None
idx=119 status=409 class=conflict code=RESERVATION_CONFLICT latency_ms=450.358 reservation_id=None
idx=120 status=409 class=conflict code=RESERVATION_LOCK_TIMEOUT latency_ms=2077.403 reservation_id=None
idx=121 status=409 class=conflict code=RESERVATION_CONFLICT latency_ms=848.02 reservation_id=None
idx=122 status=409 class=conflict code=RESERVATION_LOCK_TIMEOUT latency_ms=2092.903 reservation_id=None
idx=123 status=409 class=conflict code=RESERVATION_CONFLICT latency_ms=804.376 reservation_id=None
idx=124 status=409 class=conflict code=RESERVATION_CONFLICT latency_ms=290.911 reservation_id=None
idx=125 status=409 class=conflict code=RESERVATION_CONFLICT latency_ms=485.15 reservation_id=None
idx=126 status=409 class=conflict code=RESERVATION_CONFLICT latency_ms=1365.597 reservation_id=None
idx=127 status=409 class=conflict code=RESERVATION_CONFLICT latency_ms=638.415 reservation_id=None
idx=128 status=409 class=conflict code=RESERVATION_CONFLICT latency_ms=636.072 reservation_id=None
idx=129 status=409 class=conflict code=RESERVATION_LOCK_TIMEOUT latency_ms=2086.263 reservation_id=None
idx=130 status=409 class=conflict code=RESERVATION_CONFLICT latency_ms=386.106 reservation_id=None
idx=131 status=409 class=conflict code=RESERVATION_CONFLICT latency_ms=847.027 reservation_id=None
idx=132 status=409 class=conflict code=RESERVATION_LOCK_TIMEOUT latency_ms=2073.089 reservation_id=None
idx=133 status=409 class=conflict code=RESERVATION_CONFLICT latency_ms=243.944 reservation_id=None
idx=134 status=409 class=conflict code=RESERVATION_CONFLICT latency_ms=85.57 reservation_id=None
idx=135 status=409 class=conflict code=RESERVATION_LOCK_TIMEOUT latency_ms=2075.913 reservation_id=None
idx=136 status=409 class=conflict code=RESERVATION_CONFLICT latency_ms=1572.204 reservation_id=None
idx=137 status=409 class=conflict code=RESERVATION_CONFLICT latency_ms=234.992 reservation_id=None
idx=138 status=409 class=conflict code=RESERVATION_CONFLICT latency_ms=180.492 reservation_id=None
idx=139 status=409 class=conflict code=RESERVATION_CONFLICT latency_ms=1780.856 reservation_id=None
idx=140 status=409 class=conflict code=RESERVATION_CONFLICT latency_ms=250.721 reservation_id=None
idx=141 status=409 class=conflict code=RESERVATION_CONFLICT latency_ms=493.61 reservation_id=None
idx=142 status=409 class=conflict code=RESERVATION_CONFLICT latency_ms=1516.851 reservation_id=None
idx=143 status=409 class=conflict code=RESERVATION_CONFLICT latency_ms=737.991 reservation_id=None
idx=144 status=409 class=conflict code=RESERVATION_CONFLICT latency_ms=1016.476 reservation_id=None
idx=145 status=409 class=conflict code=RESERVATION_LOCK_TIMEOUT latency_ms=2030.073 reservation_id=None
idx=146 status=409 class=conflict code=RESERVATION_CONFLICT latency_ms=648.145 reservation_id=None
idx=147 status=409 class=conflict code=RESERVATION_CONFLICT latency_ms=1314.082 reservation_id=None
idx=148 status=409 class=conflict code=RESERVATION_LOCK_TIMEOUT latency_ms=2027.454 reservation_id=None
idx=149 status=409 class=conflict code=RESERVATION_CONFLICT latency_ms=741.96 reservation_id=None
idx=150 status=409 class=conflict code=RESERVATION_LOCK_TIMEOUT latency_ms=2081.522 reservation_id=None
idx=151 status=409 class=conflict code=RESERVATION_CONFLICT latency_ms=692.787 reservation_id=None
idx=152 status=409 class=conflict code=RESERVATION_CONFLICT latency_ms=807.975 reservation_id=None
idx=153 status=409 class=conflict code=RESERVATION_LOCK_TIMEOUT latency_ms=2029.783 reservation_id=None
idx=154 status=409 class=conflict code=RESERVATION_LOCK_TIMEOUT latency_ms=2085.885 reservation_id=None
idx=155 status=409 class=conflict code=RESERVATION_CONFLICT latency_ms=1411.308 reservation_id=None
idx=156 status=409 class=conflict code=RESERVATION_CONFLICT latency_ms=900.465 reservation_id=None
idx=157 status=409 class=conflict code=RESERVATION_CONFLICT latency_ms=344.526 reservation_id=None
idx=158 status=409 class=conflict code=RESERVATION_CONFLICT latency_ms=452.782 reservation_id=None
idx=159 status=409 class=conflict code=RESERVATION_CONFLICT latency_ms=1930.878 reservation_id=None
idx=160 status=409 class=conflict code=RESERVATION_CONFLICT latency_ms=1941.706 reservation_id=None
idx=161 status=409 class=conflict code=RESERVATION_LOCK_TIMEOUT latency_ms=2066.325 reservation_id=None
idx=162 status=409 class=conflict code=RESERVATION_CONFLICT latency_ms=1266.124 reservation_id=None
idx=163 status=409 class=conflict code=RESERVATION_CONFLICT latency_ms=1255.081 reservation_id=None
idx=164 status=409 class=conflict code=RESERVATION_CONFLICT latency_ms=1884.012 reservation_id=None
idx=165 status=409 class=conflict code=RESERVATION_CONFLICT latency_ms=649.84 reservation_id=None
idx=166 status=409 class=conflict code=RESERVATION_LOCK_TIMEOUT latency_ms=2084.969 reservation_id=None
idx=167 status=409 class=conflict code=RESERVATION_LOCK_TIMEOUT latency_ms=2078.82 reservation_id=None
idx=168 status=409 class=conflict code=RESERVATION_CONFLICT latency_ms=1000.388 reservation_id=None
idx=169 status=409 class=conflict code=RESERVATION_CONFLICT latency_ms=1724.483 reservation_id=None
idx=170 status=409 class=conflict code=RESERVATION_CONFLICT latency_ms=147.953 reservation_id=None
idx=171 status=409 class=conflict code=RESERVATION_CONFLICT latency_ms=946.003 reservation_id=None
idx=172 status=409 class=conflict code=RESERVATION_CONFLICT latency_ms=1106.731 reservation_id=None
idx=173 status=409 class=conflict code=RESERVATION_CONFLICT latency_ms=329.475 reservation_id=None
idx=174 status=409 class=conflict code=RESERVATION_CONFLICT latency_ms=331.428 reservation_id=None
idx=175 status=409 class=conflict code=RESERVATION_CONFLICT latency_ms=92.03 reservation_id=None
idx=176 status=409 class=conflict code=RESERVATION_CONFLICT latency_ms=1724.531 reservation_id=None
idx=177 status=409 class=conflict code=RESERVATION_CONFLICT latency_ms=860.076 reservation_id=None
idx=178 status=409 class=conflict code=RESERVATION_CONFLICT latency_ms=136.182 reservation_id=None
idx=179 status=409 class=conflict code=RESERVATION_CONFLICT latency_ms=538.843 reservation_id=None
idx=180 status=409 class=conflict code=RESERVATION_CONFLICT latency_ms=1621.988 reservation_id=None
idx=181 status=409 class=conflict code=RESERVATION_LOCK_TIMEOUT latency_ms=2071.957 reservation_id=None
idx=182 status=409 class=conflict code=RESERVATION_CONFLICT latency_ms=394.141 reservation_id=None
idx=183 status=409 class=conflict code=RESERVATION_CONFLICT latency_ms=1062.013 reservation_id=None
idx=184 status=409 class=conflict code=RESERVATION_CONFLICT latency_ms=855.345 reservation_id=None
idx=185 status=409 class=conflict code=RESERVATION_CONFLICT latency_ms=989.853 reservation_id=None
idx=186 status=409 class=conflict code=RESERVATION_CONFLICT latency_ms=1666.528 reservation_id=None
idx=187 status=409 class=conflict code=RESERVATION_CONFLICT latency_ms=533.35 reservation_id=None
idx=188 status=409 class=conflict code=RESERVATION_CONFLICT latency_ms=1889.51 reservation_id=None
idx=189 status=409 class=conflict code=RESERVATION_LOCK_TIMEOUT latency_ms=2073.875 reservation_id=None
idx=190 status=409 class=conflict code=RESERVATION_CONFLICT latency_ms=743.642 reservation_id=None
idx=191 status=409 class=conflict code=RESERVATION_CONFLICT latency_ms=1010.163 reservation_id=None
idx=192 status=409 class=conflict code=RESERVATION_CONFLICT latency_ms=1467.01 reservation_id=None
idx=193 status=409 class=conflict code=RESERVATION_CONFLICT latency_ms=584.188 reservation_id=None
idx=194 status=409 class=conflict code=RESERVATION_CONFLICT latency_ms=1935.3 reservation_id=None
idx=195 status=409 class=conflict code=RESERVATION_CONFLICT latency_ms=1975.495 reservation_id=None
idx=196 status=409 class=conflict code=RESERVATION_CONFLICT latency_ms=503.939 reservation_id=None
idx=197 status=409 class=conflict code=RESERVATION_LOCK_TIMEOUT latency_ms=2018.354 reservation_id=None
idx=198 status=409 class=conflict code=RESERVATION_CONFLICT latency_ms=650.68 reservation_id=None
idx=199 status=409 class=conflict code=RESERVATION_CONFLICT latency_ms=549.734 reservation_id=None
WROTE <REPO>\benchmark\results\20260814T070350Z-mysql-redis-correctness-n200-r1.json
WROTE <REPO>\benchmark\results\20260814T070350Z-mysql-redis-correctness-n200-r1.jsonl
