BENCH begin performance profile=h2-local N=50 round=1
base_url=http://127.0.0.1:18080 python=3.14.0 (tags/v3.14.0:ebf955d, Oct  7 2025, 10:15:03) [MSC v.1944 64 bit (AMD64)] pid=37920
LOGIN student status=200 latency_ms=63.7
LOGIN admin status=200 latency_ms=73.7
CREATE_EQUIPMENT code=BM-WARM-h2-local-065951 status=201 latency_ms=27.6
WARMUP reservation status=201 latency_ms=30.1 body={"id":14,"equipmentId":18,"requesterId":1,"requesterName":"林知夏","purpose":"warmup","startTime":"2026-08-17T06:59:51Z","endTime":"2026-08-17T07:59:51Z","status":
PERFORMANCE creating 50 dedicated equipment (one per worker)...
CREATE_EQUIPMENT code=BM-P-h2-local-20260814T065951Z-0000 status=201 latency_ms=14.3
CREATE_EQUIPMENT code=BM-P-h2-local-20260814T065951Z-0001 status=201 latency_ms=15.8
CREATE_EQUIPMENT code=BM-P-h2-local-20260814T065951Z-0002 status=201 latency_ms=4.4
CREATE_EQUIPMENT code=BM-P-h2-local-20260814T065951Z-0003 status=201 latency_ms=26.9
CREATE_EQUIPMENT code=BM-P-h2-local-20260814T065951Z-0004 status=201 latency_ms=15.2
CREATE_EQUIPMENT code=BM-P-h2-local-20260814T065951Z-0005 status=201 latency_ms=17.0
CREATE_EQUIPMENT code=BM-P-h2-local-20260814T065951Z-0006 status=201 latency_ms=14.5
CREATE_EQUIPMENT code=BM-P-h2-local-20260814T065951Z-0007 status=201 latency_ms=17.5
CREATE_EQUIPMENT code=BM-P-h2-local-20260814T065951Z-0008 status=201 latency_ms=16.4
CREATE_EQUIPMENT code=BM-P-h2-local-20260814T065951Z-0009 status=201 latency_ms=27.7
CREATE_EQUIPMENT code=BM-P-h2-local-20260814T065951Z-0010 status=201 latency_ms=15.0
CREATE_EQUIPMENT code=BM-P-h2-local-20260814T065951Z-0011 status=201 latency_ms=17.2
CREATE_EQUIPMENT code=BM-P-h2-local-20260814T065951Z-0012 status=201 latency_ms=15.5
CREATE_EQUIPMENT code=BM-P-h2-local-20260814T065951Z-0013 status=201 latency_ms=16.6
CREATE_EQUIPMENT code=BM-P-h2-local-20260814T065951Z-0014 status=201 latency_ms=31.1
CREATE_EQUIPMENT code=BM-P-h2-local-20260814T065951Z-0015 status=201 latency_ms=6.8
CREATE_EQUIPMENT code=BM-P-h2-local-20260814T065951Z-0016 status=201 latency_ms=4.6
CREATE_EQUIPMENT code=BM-P-h2-local-20260814T065951Z-0017 status=201 latency_ms=17.0
CREATE_EQUIPMENT code=BM-P-h2-local-20260814T065951Z-0018 status=201 latency_ms=16.4
CREATE_EQUIPMENT code=BM-P-h2-local-20260814T065951Z-0019 status=201 latency_ms=5.7
CREATE_EQUIPMENT code=BM-P-h2-local-20260814T065951Z-0020 status=201 latency_ms=24.3
CREATE_EQUIPMENT code=BM-P-h2-local-20260814T065951Z-0021 status=201 latency_ms=17.9
CREATE_EQUIPMENT code=BM-P-h2-local-20260814T065951Z-0022 status=201 latency_ms=13.7
CREATE_EQUIPMENT code=BM-P-h2-local-20260814T065951Z-0023 status=201 latency_ms=15.5
CREATE_EQUIPMENT code=BM-P-h2-local-20260814T065951Z-0024 status=201 latency_ms=15.2
CREATE_EQUIPMENT code=BM-P-h2-local-20260814T065951Z-0025 status=201 latency_ms=15.6
CREATE_EQUIPMENT code=BM-P-h2-local-20260814T065951Z-0026 status=201 latency_ms=15.9
CREATE_EQUIPMENT code=BM-P-h2-local-20260814T065951Z-0027 status=201 latency_ms=13.3
CREATE_EQUIPMENT code=BM-P-h2-local-20260814T065951Z-0028 status=201 latency_ms=16.9
CREATE_EQUIPMENT code=BM-P-h2-local-20260814T065951Z-0029 status=201 latency_ms=15.6
CREATE_EQUIPMENT code=BM-P-h2-local-20260814T065951Z-0030 status=201 latency_ms=15.3
CREATE_EQUIPMENT code=BM-P-h2-local-20260814T065951Z-0031 status=201 latency_ms=16.7
CREATE_EQUIPMENT code=BM-P-h2-local-20260814T065951Z-0032 status=201 latency_ms=16.3
CREATE_EQUIPMENT code=BM-P-h2-local-20260814T065951Z-0033 status=201 latency_ms=30.3
CREATE_EQUIPMENT code=BM-P-h2-local-20260814T065951Z-0034 status=201 latency_ms=15.0
CREATE_EQUIPMENT code=BM-P-h2-local-20260814T065951Z-0035 status=201 latency_ms=4.4
CREATE_EQUIPMENT code=BM-P-h2-local-20260814T065951Z-0036 status=201 latency_ms=28.3
CREATE_EQUIPMENT code=BM-P-h2-local-20260814T065951Z-0037 status=201 latency_ms=15.4
CREATE_EQUIPMENT code=BM-P-h2-local-20260814T065951Z-0038 status=201 latency_ms=4.6
CREATE_EQUIPMENT code=BM-P-h2-local-20260814T065951Z-0039 status=201 latency_ms=25.5
CREATE_EQUIPMENT code=BM-P-h2-local-20260814T065951Z-0040 status=201 latency_ms=14.8
CREATE_EQUIPMENT code=BM-P-h2-local-20260814T065951Z-0041 status=201 latency_ms=17.5
CREATE_EQUIPMENT code=BM-P-h2-local-20260814T065951Z-0042 status=201 latency_ms=15.0
CREATE_EQUIPMENT code=BM-P-h2-local-20260814T065951Z-0043 status=201 latency_ms=15.9
CREATE_EQUIPMENT code=BM-P-h2-local-20260814T065951Z-0044 status=201 latency_ms=16.6
CREATE_EQUIPMENT code=BM-P-h2-local-20260814T065951Z-0045 status=201 latency_ms=15.3
CREATE_EQUIPMENT code=BM-P-h2-local-20260814T065951Z-0046 status=201 latency_ms=13.8
CREATE_EQUIPMENT code=BM-P-h2-local-20260814T065951Z-0047 status=201 latency_ms=17.6
CREATE_EQUIPMENT code=BM-P-h2-local-20260814T065951Z-0048 status=201 latency_ms=14.3
CREATE_EQUIPMENT code=BM-P-h2-local-20260814T065951Z-0049 status=201 latency_ms=15.9
PERFORMANCE start profile=h2-local concurrency=50 total=500 equipment=50 base_start=2026-08-19T06:59:52Z
---- SUMMARY ----
{
  "scenario": "performance",
  "profile": "h2-local",
  "lock_impl": "LocalReservationLock",
  "base_url": "http://127.0.0.1:18080",
  "concurrency": 50,
  "round": 1,
  "total_planned": 500,
  "total_observed": 500,
  "success_201": 500,
  "conflict_409": 0,
  "failed_other": 0,
  "status_counts": {
    "201": 500
  },
  "error_code_counts": {
    "HTTP_201": 500
  },
  "wall_seconds": 0.271929,
  "throughput_rps": 1838.71593,
  "latency_all": {
    "count": 500,
    "min_ms": 5.11,
    "avg_ms": 23.411,
    "p50_ms": 22.842,
    "p95_ms": 35.563,
    "p99_ms": 41.439,
    "max_ms": 49.446
  },
  "latency_201": {
    "count": 500,
    "min_ms": 5.11,
    "avg_ms": 23.411,
    "p50_ms": 22.842,
    "p95_ms": 35.563,
    "p99_ms": 41.439,
    "max_ms": 49.446
  },
  "latency_409": {
    "count": 0,
    "min_ms": null,
    "avg_ms": null,
    "p50_ms": null,
    "p95_ms": null,
    "p99_ms": null,
    "max_ms": null
  },
  "started_at": "2026-08-14T06:59:52+00:00",
  "equipment_ids": [
    19,
    20,
    21,
    22,
    23,
    24,
    25,
    26,
    27,
    28,
    29,
    30,
    31,
    32,
    33,
    34,
    35,
    36,
    37,
    38,
    39,
    40,
    41,
    42,
    43,
    44,
    45,
    46,
    47,
    48,
    49,
    50,
    51,
    52,
    53,
    54,
    55,
    56,
    57,
    58,
    59,
    60,
    61,
    62,
    63,
    64,
    65,
    66,
    67,
    68
  ],
  "per_worker": [
    10,
    10,
    10,
    10,
    10,
    10,
    10,
    10,
    10,
    10,
    10,
    10,
    10,
    10,
    10,
    10,
    10,
    10,
    10,
    10,
    10,
    10,
    10,
    10,
    10,
    10,
    10,
    10,
    10,
    10,
    10,
    10,
    10,
    10,
    10,
    10,
    10,
    10,
    10,
    10,
    10,
    10,
    10,
    10,
    10,
    10,
    10,
    10,
    10,
    10
  ],
  "base_start": "2026-08-19T06:59:52Z",
  "worker_exceptions": [],
  "threads_still_alive": []
}
---- PER-REQUEST ----
idx=0 status=201 class=success code=None latency_ms=21.402 reservation_id=40
idx=1 status=201 class=success code=None latency_ms=27.391 reservation_id=106
idx=2 status=201 class=success code=None latency_ms=25.735 reservation_id=157
idx=3 status=201 class=success code=None latency_ms=22.241 reservation_id=197
idx=4 status=201 class=success code=None latency_ms=23.671 reservation_id=252
idx=5 status=201 class=success code=None latency_ms=17.586 reservation_id=285
idx=6 status=201 class=success code=None latency_ms=20.524 reservation_id=320
idx=7 status=201 class=success code=None latency_ms=29.693 reservation_id=385
idx=8 status=201 class=success code=None latency_ms=21.989 reservation_id=434
idx=9 status=201 class=success code=None latency_ms=22.039 reservation_id=477
idx=10 status=201 class=success code=None latency_ms=23.247 reservation_id=44
idx=11 status=201 class=success code=None latency_ms=25.46 reservation_id=91
idx=12 status=201 class=success code=None latency_ms=18.742 reservation_id=131
idx=13 status=201 class=success code=None latency_ms=27.12 reservation_id=187
idx=14 status=201 class=success code=None latency_ms=26.945 reservation_id=241
idx=15 status=201 class=success code=None latency_ms=23.636 reservation_id=293
idx=16 status=201 class=success code=None latency_ms=30.157 reservation_id=344
idx=17 status=201 class=success code=None latency_ms=21.562 reservation_id=407
idx=18 status=201 class=success code=None latency_ms=25.091 reservation_id=453
idx=19 status=201 class=success code=None latency_ms=18.876 reservation_id=492
idx=20 status=201 class=success code=None latency_ms=27.646 reservation_id=55
idx=21 status=201 class=success code=None latency_ms=28.519 reservation_id=126
idx=22 status=201 class=success code=None latency_ms=38.097 reservation_id=186
idx=23 status=201 class=success code=None latency_ms=25.278 reservation_id=253
idx=24 status=201 class=success code=None latency_ms=27.64 reservation_id=296
idx=25 status=201 class=success code=None latency_ms=31.483 reservation_id=342
idx=26 status=201 class=success code=None latency_ms=28.457 reservation_id=431
idx=27 status=201 class=success code=None latency_ms=30.66 reservation_id=495
idx=28 status=201 class=success code=None latency_ms=5.269 reservation_id=511
idx=29 status=201 class=success code=None latency_ms=25.051 reservation_id=514
idx=30 status=201 class=success code=None latency_ms=23.73 reservation_id=46
idx=31 status=201 class=success code=None latency_ms=11.272 reservation_id=70
idx=32 status=201 class=success code=None latency_ms=40.046 reservation_id=159
idx=33 status=201 class=success code=None latency_ms=25.903 reservation_id=202
idx=34 status=201 class=success code=None latency_ms=35.958 reservation_id=264
idx=35 status=201 class=success code=None latency_ms=36.763 reservation_id=360
idx=36 status=201 class=success code=None latency_ms=25.774 reservation_id=403
idx=37 status=201 class=success code=None latency_ms=21.059 reservation_id=442
idx=38 status=201 class=success code=None latency_ms=21.109 reservation_id=503
idx=39 status=201 class=success code=None latency_ms=29.089 reservation_id=512
idx=40 status=201 class=success code=None latency_ms=15.686 reservation_id=19
idx=41 status=201 class=success code=None latency_ms=20.201 reservation_id=68
idx=42 status=201 class=success code=None latency_ms=19.171 reservation_id=123
idx=43 status=201 class=success code=None latency_ms=20.231 reservation_id=142
idx=44 status=201 class=success code=None latency_ms=38.181 reservation_id=210
idx=45 status=201 class=success code=None latency_ms=28.539 reservation_id=273
idx=46 status=201 class=success code=None latency_ms=21.984 reservation_id=332
idx=47 status=201 class=success code=None latency_ms=8.744 reservation_id=350
idx=48 status=201 class=success code=None latency_ms=34.192 reservation_id=416
idx=49 status=201 class=success code=None latency_ms=19.188 reservation_id=450
idx=50 status=201 class=success code=None latency_ms=24.01 reservation_id=43
idx=51 status=201 class=success code=None latency_ms=19.209 reservation_id=85
idx=52 status=201 class=success code=None latency_ms=17.873 reservation_id=133
idx=53 status=201 class=success code=None latency_ms=28.247 reservation_id=196
idx=54 status=201 class=success code=None latency_ms=24.744 reservation_id=226
idx=55 status=201 class=success code=None latency_ms=21.07 reservation_id=270
idx=56 status=201 class=success code=None latency_ms=21.2 reservation_id=322
idx=57 status=201 class=success code=None latency_ms=13.558 reservation_id=347
idx=58 status=201 class=success code=None latency_ms=31.964 reservation_id=408
idx=59 status=201 class=success code=None latency_ms=22.668 reservation_id=461
idx=60 status=201 class=success code=None latency_ms=28.495 reservation_id=35
idx=61 status=201 class=success code=None latency_ms=14.215 reservation_id=94
idx=62 status=201 class=success code=None latency_ms=23.865 reservation_id=140
idx=63 status=201 class=success code=None latency_ms=26.331 reservation_id=194
idx=64 status=201 class=success code=None latency_ms=31.18 reservation_id=247
idx=65 status=201 class=success code=None latency_ms=18.115 reservation_id=286
idx=66 status=201 class=success code=None latency_ms=19.088 reservation_id=324
idx=67 status=201 class=success code=None latency_ms=16.064 reservation_id=367
idx=68 status=201 class=success code=None latency_ms=20.677 reservation_id=414
idx=69 status=201 class=success code=None latency_ms=27.276 reservation_id=460
idx=70 status=201 class=success code=None latency_ms=16.552 reservation_id=24
idx=71 status=201 class=success code=None latency_ms=19.801 reservation_id=64
idx=72 status=201 class=success code=None latency_ms=33.69 reservation_id=124
idx=73 status=201 class=success code=None latency_ms=28.499 reservation_id=200
idx=74 status=201 class=success code=None latency_ms=30.877 reservation_id=257
idx=75 status=201 class=success code=None latency_ms=21.102 reservation_id=307
idx=76 status=201 class=success code=None latency_ms=30.719 reservation_id=365
idx=77 status=201 class=success code=None latency_ms=20.155 reservation_id=409
idx=78 status=201 class=success code=None latency_ms=23.183 reservation_id=462
idx=79 status=201 class=success code=None latency_ms=12.805 reservation_id=490
idx=80 status=201 class=success code=None latency_ms=18.373 reservation_id=51
idx=81 status=201 class=success code=None latency_ms=15.996 reservation_id=80
idx=82 status=201 class=success code=None latency_ms=17.756 reservation_id=120
idx=83 status=201 class=success code=None latency_ms=17.224 reservation_id=148
idx=84 status=201 class=success code=None latency_ms=22.429 reservation_id=192
idx=85 status=201 class=success code=None latency_ms=14.302 reservation_id=235
idx=86 status=201 class=success code=None latency_ms=26.132 reservation_id=276
idx=87 status=201 class=success code=None latency_ms=23.166 reservation_id=314
idx=88 status=201 class=success code=None latency_ms=41.2 reservation_id=398
idx=89 status=201 class=success code=None latency_ms=27.789 reservation_id=454
idx=90 status=201 class=success code=None latency_ms=11.638 reservation_id=22
idx=91 status=201 class=success code=None latency_ms=33.062 reservation_id=98
idx=92 status=201 class=success code=None latency_ms=31.466 reservation_id=156
idx=93 status=201 class=success code=None latency_ms=12.924 reservation_id=205
idx=94 status=201 class=success code=None latency_ms=19.813 reservation_id=229
idx=95 status=201 class=success code=None latency_ms=26.469 reservation_id=278
idx=96 status=201 class=success code=None latency_ms=21.432 reservation_id=331
idx=97 status=201 class=success code=None latency_ms=20.506 reservation_id=358
idx=98 status=201 class=success code=None latency_ms=20.264 reservation_id=417
idx=99 status=201 class=success code=None latency_ms=35.993 reservation_id=480
idx=100 status=201 class=success code=None latency_ms=19.332 reservation_id=18
idx=101 status=201 class=success code=None latency_ms=23.829 reservation_id=90
idx=102 status=201 class=success code=None latency_ms=13.844 reservation_id=105
idx=103 status=201 class=success code=None latency_ms=23.952 reservation_id=154
idx=104 status=201 class=success code=None latency_ms=28.252 reservation_id=214
idx=105 status=201 class=success code=None latency_ms=24.407 reservation_id=266
idx=106 status=201 class=success code=None latency_ms=21.797 reservation_id=325
idx=107 status=201 class=success code=None latency_ms=41.84 reservation_id=388
idx=108 status=201 class=success code=None latency_ms=27.912 reservation_id=455
idx=109 status=201 class=success code=None latency_ms=13.723 reservation_id=488
idx=110 status=201 class=success code=None latency_ms=29.035 reservation_id=60
idx=111 status=201 class=success code=None latency_ms=15.316 reservation_id=93
idx=112 status=201 class=success code=None latency_ms=23.387 reservation_id=128
idx=113 status=201 class=success code=None latency_ms=25.99 reservation_id=179
idx=114 status=201 class=success code=None latency_ms=19.743 reservation_id=237
idx=115 status=201 class=success code=None latency_ms=16.026 reservation_id=268
idx=116 status=201 class=success code=None latency_ms=35.556 reservation_id=321
idx=117 status=201 class=success code=None latency_ms=28.411 reservation_id=392
idx=118 status=201 class=success code=None latency_ms=26.85 reservation_id=441
idx=119 status=201 class=success code=None latency_ms=17.344 reservation_id=494
idx=120 status=201 class=success code=None latency_ms=25.765 reservation_id=52
idx=121 status=201 class=success code=None latency_ms=28.163 reservation_id=110
idx=122 status=201 class=success code=None latency_ms=20.194 reservation_id=151
idx=123 status=201 class=success code=None latency_ms=29.1 reservation_id=190
idx=124 status=201 class=success code=None latency_ms=24.514 reservation_id=261
idx=125 status=201 class=success code=None latency_ms=30.906 reservation_id=316
idx=126 status=201 class=success code=None latency_ms=14.769 reservation_id=353
idx=127 status=201 class=success code=None latency_ms=20.11 reservation_id=395
idx=128 status=201 class=success code=None latency_ms=34.834 reservation_id=464
idx=129 status=201 class=success code=None latency_ms=15.069 reservation_id=505
idx=130 status=201 class=success code=None latency_ms=24.802 reservation_id=56
idx=131 status=201 class=success code=None latency_ms=31.274 reservation_id=125
idx=132 status=201 class=success code=None latency_ms=20.397 reservation_id=172
idx=133 status=201 class=success code=None latency_ms=36.307 reservation_id=223
idx=134 status=201 class=success code=None latency_ms=34.136 reservation_id=297
idx=135 status=201 class=success code=None latency_ms=23.547 reservation_id=349
idx=136 status=201 class=success code=None latency_ms=20.584 reservation_id=389
idx=137 status=201 class=success code=None latency_ms=28.571 reservation_id=439
idx=138 status=201 class=success code=None latency_ms=15.668 reservation_id=496
idx=139 status=201 class=success code=None latency_ms=5.11 reservation_id=508
idx=140 status=201 class=success code=None latency_ms=27.696 reservation_id=61
idx=141 status=201 class=success code=None latency_ms=24.012 reservation_id=109
idx=142 status=201 class=success code=None latency_ms=20.897 reservation_id=146
idx=143 status=201 class=success code=None latency_ms=24.765 reservation_id=191
idx=144 status=201 class=success code=None latency_ms=25.22 reservation_id=242
idx=145 status=201 class=success code=None latency_ms=23.334 reservation_id=295
idx=146 status=201 class=success code=None latency_ms=31.814 reservation_id=370
idx=147 status=201 class=success code=None latency_ms=17.47 reservation_id=400
idx=148 status=201 class=success code=None latency_ms=30.607 reservation_id=446
idx=149 status=201 class=success code=None latency_ms=15.605 reservation_id=502
idx=150 status=201 class=success code=None latency_ms=23.595 reservation_id=36
idx=151 status=201 class=success code=None latency_ms=29.933 reservation_id=108
idx=152 status=201 class=success code=None latency_ms=19.636 reservation_id=150
idx=153 status=201 class=success code=None latency_ms=15.847 reservation_id=189
idx=154 status=201 class=success code=None latency_ms=18.035 reservation_id=221
idx=155 status=201 class=success code=None latency_ms=31.727 reservation_id=279
idx=156 status=201 class=success code=None latency_ms=23.077 reservation_id=327
idx=157 status=201 class=success code=None latency_ms=24.162 reservation_id=372
idx=158 status=201 class=success code=None latency_ms=30.251 reservation_id=419
idx=159 status=201 class=success code=None latency_ms=17.986 reservation_id=489
idx=160 status=201 class=success code=None latency_ms=22.186 reservation_id=53
idx=161 status=201 class=success code=None latency_ms=13.793 reservation_id=72
idx=162 status=201 class=success code=None latency_ms=24.126 reservation_id=122
idx=163 status=201 class=success code=None latency_ms=24.684 reservation_id=183
idx=164 status=201 class=success code=None latency_ms=23.37 reservation_id=231
idx=165 status=201 class=success code=None latency_ms=20.641 reservation_id=246
idx=166 status=201 class=success code=None latency_ms=27.331 reservation_id=319
idx=167 status=201 class=success code=None latency_ms=33.425 reservation_id=383
idx=168 status=201 class=success code=None latency_ms=32.248 reservation_id=458
idx=169 status=201 class=success code=None latency_ms=16.67 reservation_id=487
idx=170 status=201 class=success code=None latency_ms=20.663 reservation_id=23
idx=171 status=201 class=success code=None latency_ms=12.427 reservation_id=74
idx=172 status=201 class=success code=None latency_ms=15.615 reservation_id=89
idx=173 status=201 class=success code=None latency_ms=19.044 reservation_id=141
idx=174 status=201 class=success code=None latency_ms=31.881 reservation_id=208
idx=175 status=201 class=success code=None latency_ms=17.659 reservation_id=239
idx=176 status=201 class=success code=None latency_ms=19.623 reservation_id=282
idx=177 status=201 class=success code=None latency_ms=25.754 reservation_id=329
idx=178 status=201 class=success code=None latency_ms=22.056 reservation_id=373
idx=179 status=201 class=success code=None latency_ms=31.961 reservation_id=433
idx=180 status=201 class=success code=None latency_ms=18.516 reservation_id=31
idx=181 status=201 class=success code=None latency_ms=18.529 reservation_id=82
idx=182 status=201 class=success code=None latency_ms=21.756 reservation_id=130
idx=183 status=201 class=success code=None latency_ms=24.872 reservation_id=174
idx=184 status=201 class=success code=None latency_ms=28.193 reservation_id=243
idx=185 status=201 class=success code=None latency_ms=18.551 reservation_id=280
idx=186 status=201 class=success code=None latency_ms=30.079 reservation_id=330
idx=187 status=201 class=success code=None latency_ms=19.732 reservation_id=369
idx=188 status=201 class=success code=None latency_ms=40.084 reservation_id=448
idx=189 status=201 class=success code=None latency_ms=18.805 reservation_id=498
idx=190 status=201 class=success code=None latency_ms=16.587 reservation_id=26
idx=191 status=201 class=success code=None latency_ms=23.665 reservation_id=75
idx=192 status=201 class=success code=None latency_ms=25.082 reservation_id=134
idx=193 status=201 class=success code=None latency_ms=27.126 reservation_id=198
idx=194 status=201 class=success code=None latency_ms=28.119 reservation_id=251
idx=195 status=201 class=success code=None latency_ms=25.6 reservation_id=291
idx=196 status=201 class=success code=None latency_ms=22.271 reservation_id=345
idx=197 status=201 class=success code=None latency_ms=21.865 reservation_id=387
idx=198 status=201 class=success code=None latency_ms=20.775 reservation_id=426
idx=199 status=201 class=success code=None latency_ms=15.864 reservation_id=470
idx=200 status=201 class=success code=None latency_ms=29.85 reservation_id=37
idx=201 status=201 class=success code=None latency_ms=31.267 reservation_id=137
idx=202 status=201 class=success code=None latency_ms=16.225 reservation_id=162
idx=203 status=201 class=success code=None latency_ms=16.916 reservation_id=193
idx=204 status=201 class=success code=None latency_ms=23.412 reservation_id=234
idx=205 status=201 class=success code=None latency_ms=13.103 reservation_id=283
idx=206 status=201 class=success code=None latency_ms=20.696 reservation_id=309
idx=207 status=201 class=success code=None latency_ms=23.167 reservation_id=364
idx=208 status=201 class=success code=None latency_ms=30.806 reservation_id=422
idx=209 status=201 class=success code=None latency_ms=26.845 reservation_id=471
idx=210 status=201 class=success code=None latency_ms=20.707 reservation_id=34
idx=211 status=201 class=success code=None latency_ms=19.686 reservation_id=77
idx=212 status=201 class=success code=None latency_ms=26.788 reservation_id=136
idx=213 status=201 class=success code=None latency_ms=14.989 reservation_id=177
idx=214 status=201 class=success code=None latency_ms=29.764 reservation_id=225
idx=215 status=201 class=success code=None latency_ms=28.881 reservation_id=289
idx=216 status=201 class=success code=None latency_ms=24.269 reservation_id=340
idx=217 status=201 class=success code=None latency_ms=24.427 reservation_id=390
idx=218 status=201 class=success code=None latency_ms=27.284 reservation_id=438
idx=219 status=201 class=success code=None latency_ms=16.868 reservation_id=475
idx=220 status=201 class=success code=None latency_ms=20.818 reservation_id=32
idx=221 status=201 class=success code=None latency_ms=24.408 reservation_id=84
idx=222 status=201 class=success code=None latency_ms=18.828 reservation_id=138
idx=223 status=201 class=success code=None latency_ms=23.212 reservation_id=169
idx=224 status=201 class=success code=None latency_ms=21.079 reservation_id=220
idx=225 status=201 class=success code=None latency_ms=13.512 reservation_id=263
idx=226 status=201 class=success code=None latency_ms=22.642 reservation_id=300
idx=227 status=201 class=success code=None latency_ms=30.304 reservation_id=351
idx=228 status=201 class=success code=None latency_ms=35.803 reservation_id=429
idx=229 status=201 class=success code=None latency_ms=12.462 reservation_id=469
idx=230 status=201 class=success code=None latency_ms=25.417 reservation_id=59
idx=231 status=201 class=success code=None latency_ms=22.634 reservation_id=96
idx=232 status=201 class=success code=None latency_ms=22.007 reservation_id=145
idx=233 status=201 class=success code=None latency_ms=28.04 reservation_id=185
idx=234 status=201 class=success code=None latency_ms=32.577 reservation_id=259
idx=235 status=201 class=success code=None latency_ms=22.838 reservation_id=312
idx=236 status=201 class=success code=None latency_ms=14.956 reservation_id=346
idx=237 status=201 class=success code=None latency_ms=26.719 reservation_id=379
idx=238 status=201 class=success code=None latency_ms=16.78 reservation_id=437
idx=239 status=201 class=success code=None latency_ms=16.541 reservation_id=468
idx=240 status=201 class=success code=None latency_ms=30.618 reservation_id=48
idx=241 status=201 class=success code=None latency_ms=20.438 reservation_id=112
idx=242 status=201 class=success code=None latency_ms=23.392 reservation_id=155
idx=243 status=201 class=success code=None latency_ms=26.26 reservation_id=199
idx=244 status=201 class=success code=None latency_ms=19.506 reservation_id=248
idx=245 status=201 class=success code=None latency_ms=35.374 reservation_id=304
idx=246 status=201 class=success code=None latency_ms=28.728 reservation_id=371
idx=247 status=201 class=success code=None latency_ms=17.38 reservation_id=421
idx=248 status=201 class=success code=None latency_ms=20.108 reservation_id=444
idx=249 status=201 class=success code=None latency_ms=15.061 reservation_id=491
idx=250 status=201 class=success code=None latency_ms=22.38 reservation_id=39
idx=251 status=201 class=success code=None latency_ms=17.348 reservation_id=76
idx=252 status=201 class=success code=None latency_ms=28.719 reservation_id=143
idx=253 status=201 class=success code=None latency_ms=21.079 reservation_id=182
idx=254 status=201 class=success code=None latency_ms=18.003 reservation_id=222
idx=255 status=201 class=success code=None latency_ms=25.781 reservation_id=269
idx=256 status=201 class=success code=None latency_ms=17.952 reservation_id=315
idx=257 status=201 class=success code=None latency_ms=49.446 reservation_id=402
idx=258 status=201 class=success code=None latency_ms=17.504 reservation_id=457
idx=259 status=201 class=success code=None latency_ms=13.974 reservation_id=481
idx=260 status=201 class=success code=None latency_ms=22.785 reservation_id=50
idx=261 status=201 class=success code=None latency_ms=11.526 reservation_id=78
idx=262 status=201 class=success code=None latency_ms=19.246 reservation_id=114
idx=263 status=201 class=success code=None latency_ms=40.426 reservation_id=178
idx=264 status=201 class=success code=None latency_ms=23.647 reservation_id=245
idx=265 status=201 class=success code=None latency_ms=23.988 reservation_id=284
idx=266 status=201 class=success code=None latency_ms=21.678 reservation_id=337
idx=267 status=201 class=success code=None latency_ms=20.252 reservation_id=374
idx=268 status=201 class=success code=None latency_ms=27.535 reservation_id=435
idx=269 status=201 class=success code=None latency_ms=21.358 reservation_id=473
idx=270 status=201 class=success code=None latency_ms=14.05 reservation_id=30
idx=271 status=201 class=success code=None latency_ms=22.357 reservation_id=73
idx=272 status=201 class=success code=None latency_ms=20.319 reservation_id=132
idx=273 status=201 class=success code=None latency_ms=28.907 reservation_id=168
idx=274 status=201 class=success code=None latency_ms=21.529 reservation_id=232
idx=275 status=201 class=success code=None latency_ms=34.584 reservation_id=292
idx=276 status=201 class=success code=None latency_ms=21.584 reservation_id=335
idx=277 status=201 class=success code=None latency_ms=18.952 reservation_id=377
idx=278 status=201 class=success code=None latency_ms=17.839 reservation_id=415
idx=279 status=201 class=success code=None latency_ms=25.736 reservation_id=467
idx=280 status=201 class=success code=None latency_ms=12.84 reservation_id=17
idx=281 status=201 class=success code=None latency_ms=24.953 reservation_id=83
idx=282 status=201 class=success code=None latency_ms=13.467 reservation_id=115
idx=283 status=201 class=success code=None latency_ms=21.868 reservation_id=152
idx=284 status=201 class=success code=None latency_ms=23.264 reservation_id=209
idx=285 status=201 class=success code=None latency_ms=29.616 reservation_id=249
idx=286 status=201 class=success code=None latency_ms=25.795 reservation_id=305
idx=287 status=201 class=success code=None latency_ms=26.948 reservation_id=368
idx=288 status=201 class=success code=None latency_ms=17.979 reservation_id=406
idx=289 status=201 class=success code=None latency_ms=30.437 reservation_id=447
idx=290 status=201 class=success code=None latency_ms=11.896 reservation_id=15
idx=291 status=201 class=success code=None latency_ms=21.328 reservation_id=65
idx=292 status=201 class=success code=None latency_ms=14.067 reservation_id=102
idx=293 status=201 class=success code=None latency_ms=22.846 reservation_id=153
idx=294 status=201 class=success code=None latency_ms=12.957 reservation_id=176
idx=295 status=201 class=success code=None latency_ms=30.791 reservation_id=219
idx=296 status=201 class=success code=None latency_ms=13.67 reservation_id=260
idx=297 status=201 class=success code=None latency_ms=28.281 reservation_id=317
idx=298 status=201 class=success code=None latency_ms=22.847 reservation_id=366
idx=299 status=201 class=success code=None latency_ms=21.684 reservation_id=413
idx=300 status=201 class=success code=None latency_ms=13.857 reservation_id=20
idx=301 status=201 class=success code=None latency_ms=34.915 reservation_id=71
idx=302 status=201 class=success code=None latency_ms=49.331 reservation_id=180
idx=303 status=201 class=success code=None latency_ms=33.337 reservation_id=250
idx=304 status=201 class=success code=None latency_ms=20.638 reservation_id=301
idx=305 status=201 class=success code=None latency_ms=23.698 reservation_id=352
idx=306 status=201 class=success code=None latency_ms=14.659 reservation_id=397
idx=307 status=201 class=success code=None latency_ms=26.515 reservation_id=427
idx=308 status=201 class=success code=None latency_ms=20.504 reservation_id=486
idx=309 status=201 class=success code=None latency_ms=5.193 reservation_id=506
idx=310 status=201 class=success code=None latency_ms=17.499 reservation_id=49
idx=311 status=201 class=success code=None latency_ms=41.435 reservation_id=95
idx=312 status=201 class=success code=None latency_ms=17.647 reservation_id=167
idx=313 status=201 class=success code=None latency_ms=24.154 reservation_id=213
idx=314 status=201 class=success code=None latency_ms=19.737 reservation_id=256
idx=315 status=201 class=success code=None latency_ms=20.877 reservation_id=299
idx=316 status=201 class=success code=None latency_ms=22.964 reservation_id=334
idx=317 status=201 class=success code=None latency_ms=26.252 reservation_id=380
idx=318 status=201 class=success code=None latency_ms=20.857 reservation_id=425
idx=319 status=201 class=success code=None latency_ms=17.586 reservation_id=478
idx=320 status=201 class=success code=None latency_ms=20.102 reservation_id=16
idx=321 status=201 class=success code=None latency_ms=20.923 reservation_id=88
idx=322 status=201 class=success code=None latency_ms=23.976 reservation_id=127
idx=323 status=201 class=success code=None latency_ms=34.564 reservation_id=201
idx=324 status=201 class=success code=None latency_ms=29.681 reservation_id=262
idx=325 status=201 class=success code=None latency_ms=36.506 reservation_id=333
idx=326 status=201 class=success code=None latency_ms=21.31 reservation_id=378
idx=327 status=201 class=success code=None latency_ms=21.345 reservation_id=428
idx=328 status=201 class=success code=None latency_ms=28.299 reservation_id=485
idx=329 status=201 class=success code=None latency_ms=32.379 reservation_id=513
idx=330 status=201 class=success code=None latency_ms=25.797 reservation_id=63
idx=331 status=201 class=success code=None latency_ms=30.184 reservation_id=107
idx=332 status=201 class=success code=None latency_ms=25.377 reservation_id=173
idx=333 status=201 class=success code=None latency_ms=20.546 reservation_id=215
idx=334 status=201 class=success code=None latency_ms=29.397 reservation_id=281
idx=335 status=201 class=success code=None latency_ms=23.195 reservation_id=306
idx=336 status=201 class=success code=None latency_ms=36.862 reservation_id=384
idx=337 status=201 class=success code=None latency_ms=17.884 reservation_id=430
idx=338 status=201 class=success code=None latency_ms=24.576 reservation_id=474
idx=339 status=201 class=success code=None latency_ms=8.644 reservation_id=504
idx=340 status=201 class=success code=None latency_ms=15.429 reservation_id=21
idx=341 status=201 class=success code=None latency_ms=47.322 reservation_id=103
idx=342 status=201 class=success code=None latency_ms=17.712 reservation_id=165
idx=343 status=201 class=success code=None latency_ms=29.419 reservation_id=227
idx=344 status=201 class=success code=None latency_ms=12.63 reservation_id=258
idx=345 status=201 class=success code=None latency_ms=30.736 reservation_id=311
idx=346 status=201 class=success code=None latency_ms=21.532 reservation_id=354
idx=347 status=201 class=success code=None latency_ms=26.62 reservation_id=394
idx=348 status=201 class=success code=None latency_ms=25.75 reservation_id=459
idx=349 status=201 class=success code=None latency_ms=12.324 reservation_id=493
idx=350 status=201 class=success code=None latency_ms=21.897 reservation_id=54
idx=351 status=201 class=success code=None latency_ms=28.938 reservation_id=97
idx=352 status=201 class=success code=None latency_ms=20.657 reservation_id=147
idx=353 status=201 class=success code=None latency_ms=19.012 reservation_id=204
idx=354 status=201 class=success code=None latency_ms=17.772 reservation_id=233
idx=355 status=201 class=success code=None latency_ms=21.198 reservation_id=274
idx=356 status=201 class=success code=None latency_ms=23.167 reservation_id=318
idx=357 status=201 class=success code=None latency_ms=23.142 reservation_id=355
idx=358 status=201 class=success code=None latency_ms=25.557 reservation_id=420
idx=359 status=201 class=success code=None latency_ms=25.017 reservation_id=476
idx=360 status=201 class=success code=None latency_ms=28.539 reservation_id=66
idx=361 status=201 class=success code=None latency_ms=28.936 reservation_id=121
idx=362 status=201 class=success code=None latency_ms=17.48 reservation_id=166
idx=363 status=201 class=success code=None latency_ms=30.618 reservation_id=212
idx=364 status=201 class=success code=None latency_ms=21.862 reservation_id=271
idx=365 status=201 class=success code=None latency_ms=24.266 reservation_id=310
idx=366 status=201 class=success code=None latency_ms=18.173 reservation_id=363
idx=367 status=201 class=success code=None latency_ms=23.657 reservation_id=404
idx=368 status=201 class=success code=None latency_ms=36.16 reservation_id=472
idx=369 status=201 class=success code=None latency_ms=11.994 reservation_id=510
idx=370 status=201 class=success code=None latency_ms=23.37 reservation_id=42
idx=371 status=201 class=success code=None latency_ms=11.989 reservation_id=81
idx=372 status=201 class=success code=None latency_ms=16.654 reservation_id=118
idx=373 status=201 class=success code=None latency_ms=17.262 reservation_id=149
idx=374 status=201 class=success code=None latency_ms=31.192 reservation_id=207
idx=375 status=201 class=success code=None latency_ms=30.407 reservation_id=255
idx=376 status=201 class=success code=None latency_ms=23.24 reservation_id=326
idx=377 status=201 class=success code=None latency_ms=24.113 reservation_id=362
idx=378 status=201 class=success code=None latency_ms=16.552 reservation_id=411
idx=379 status=201 class=success code=None latency_ms=28.526 reservation_id=463
idx=380 status=201 class=success code=None latency_ms=21.393 reservation_id=29
idx=381 status=201 class=success code=None latency_ms=15.661 reservation_id=87
idx=382 status=201 class=success code=None latency_ms=23.349 reservation_id=129
idx=383 status=201 class=success code=None latency_ms=21.89 reservation_id=175
idx=384 status=201 class=success code=None latency_ms=33.51 reservation_id=230
idx=385 status=201 class=success code=None latency_ms=22.397 reservation_id=288
idx=386 status=201 class=success code=None latency_ms=17.828 reservation_id=328
idx=387 status=201 class=success code=None latency_ms=17.953 reservation_id=361
idx=388 status=201 class=success code=None latency_ms=21.199 reservation_id=401
idx=389 status=201 class=success code=None latency_ms=23.979 reservation_id=449
idx=390 status=201 class=success code=None latency_ms=14.676 reservation_id=27
idx=391 status=201 class=success code=None latency_ms=32.752 reservation_id=101
idx=392 status=201 class=success code=None latency_ms=21.317 reservation_id=164
idx=393 status=201 class=success code=None latency_ms=23.896 reservation_id=184
idx=394 status=201 class=success code=None latency_ms=25.06 reservation_id=240
idx=395 status=201 class=success code=None latency_ms=24.949 reservation_id=287
idx=396 status=201 class=success code=None latency_ms=25.122 reservation_id=339
idx=397 status=201 class=success code=None latency_ms=21.615 reservation_id=391
idx=398 status=201 class=success code=None latency_ms=22.126 reservation_id=445
idx=399 status=201 class=success code=None latency_ms=20.375 reservation_id=482
idx=400 status=201 class=success code=None latency_ms=28.596 reservation_id=41
idx=401 status=201 class=success code=None latency_ms=20.861 reservation_id=113
idx=402 status=201 class=success code=None latency_ms=18.349 reservation_id=144
idx=403 status=201 class=success code=None latency_ms=20.834 reservation_id=181
idx=404 status=201 class=success code=None latency_ms=20.588 reservation_id=216
idx=405 status=201 class=success code=None latency_ms=25.246 reservation_id=275
idx=406 status=201 class=success code=None latency_ms=12.509 reservation_id=308
idx=407 status=201 class=success code=None latency_ms=25.482 reservation_id=357
idx=408 status=201 class=success code=None latency_ms=16.519 reservation_id=393
idx=409 status=201 class=success code=None latency_ms=22.819 reservation_id=436
idx=410 status=201 class=success code=None latency_ms=11.022 reservation_id=25
idx=411 status=201 class=success code=None latency_ms=20.116 reservation_id=67
idx=412 status=201 class=success code=None latency_ms=23.555 reservation_id=111
idx=413 status=201 class=success code=None latency_ms=25.76 reservation_id=171
idx=414 status=201 class=success code=None latency_ms=28.972 reservation_id=218
idx=415 status=201 class=success code=None latency_ms=35.847 reservation_id=290
idx=416 status=201 class=success code=None latency_ms=19.06 reservation_id=341
idx=417 status=201 class=success code=None latency_ms=34.766 reservation_id=396
idx=418 status=201 class=success code=None latency_ms=17.805 reservation_id=443
idx=419 status=201 class=success code=None latency_ms=20.476 reservation_id=500
idx=420 status=201 class=success code=None latency_ms=18.288 reservation_id=45
idx=421 status=201 class=success code=None latency_ms=26.649 reservation_id=104
idx=422 status=201 class=success code=None latency_ms=37.512 reservation_id=158
idx=423 status=201 class=success code=None latency_ms=8.463 reservation_id=195
idx=424 status=201 class=success code=None latency_ms=19.155 reservation_id=224
idx=425 status=201 class=success code=None latency_ms=20.491 reservation_id=277
idx=426 status=201 class=success code=None latency_ms=28.046 reservation_id=323
idx=427 status=201 class=success code=None latency_ms=32.761 reservation_id=381
idx=428 status=201 class=success code=None latency_ms=19.418 reservation_id=432
idx=429 status=201 class=success code=None latency_ms=27.77 reservation_id=501
idx=430 status=201 class=success code=None latency_ms=21.757 reservation_id=38
idx=431 status=201 class=success code=None latency_ms=17.797 reservation_id=86
idx=432 status=201 class=success code=None latency_ms=12.82 reservation_id=116
idx=433 status=201 class=success code=None latency_ms=21.686 reservation_id=161
idx=434 status=201 class=success code=None latency_ms=30.562 reservation_id=217
idx=435 status=201 class=success code=None latency_ms=27.12 reservation_id=265
idx=436 status=201 class=success code=None latency_ms=28.895 reservation_id=338
idx=437 status=201 class=success code=None latency_ms=24.472 reservation_id=386
idx=438 status=201 class=success code=None latency_ms=16.634 reservation_id=418
idx=439 status=201 class=success code=None latency_ms=24.516 reservation_id=465
idx=440 status=201 class=success code=None latency_ms=24.05 reservation_id=57
idx=441 status=201 class=success code=None latency_ms=16.621 reservation_id=92
idx=442 status=201 class=success code=None latency_ms=23.926 reservation_id=139
idx=443 status=201 class=success code=None latency_ms=36.127 reservation_id=211
idx=444 status=201 class=success code=None latency_ms=27.894 reservation_id=272
idx=445 status=201 class=success code=None latency_ms=27.292 reservation_id=313
idx=446 status=201 class=success code=None latency_ms=22.919 reservation_id=375
idx=447 status=201 class=success code=None latency_ms=19.832 reservation_id=412
idx=448 status=201 class=success code=None latency_ms=24.82 reservation_id=456
idx=449 status=201 class=success code=None latency_ms=13.383 reservation_id=497
idx=450 status=201 class=success code=None latency_ms=35.693 reservation_id=62
idx=451 status=201 class=success code=None latency_ms=21.837 reservation_id=99
idx=452 status=201 class=success code=None latency_ms=34.098 reservation_id=203
idx=453 status=201 class=success code=None latency_ms=16.652 reservation_id=238
idx=454 status=201 class=success code=None latency_ms=31.444 reservation_id=267
idx=455 status=201 class=success code=None latency_ms=25.012 reservation_id=336
idx=456 status=201 class=success code=None latency_ms=19.557 reservation_id=376
idx=457 status=201 class=success code=None latency_ms=24.883 reservation_id=423
idx=458 status=201 class=success code=None latency_ms=23.205 reservation_id=479
idx=459 status=201 class=success code=None latency_ms=10.7 reservation_id=509
idx=460 status=201 class=success code=None latency_ms=21.503 reservation_id=47
idx=461 status=201 class=success code=None latency_ms=27.895 reservation_id=117
idx=462 status=201 class=success code=None latency_ms=44.038 reservation_id=160
idx=463 status=201 class=success code=None latency_ms=21.741 reservation_id=236
idx=464 status=201 class=success code=None latency_ms=29.758 reservation_id=294
idx=465 status=201 class=success code=None latency_ms=21.035 reservation_id=343
idx=466 status=201 class=success code=None latency_ms=20.517 reservation_id=382
idx=467 status=201 class=success code=None latency_ms=17.62 reservation_id=424
idx=468 status=201 class=success code=None latency_ms=19.417 reservation_id=466
idx=469 status=201 class=success code=None latency_ms=12.686 reservation_id=499
idx=470 status=201 class=success code=None latency_ms=10.643 reservation_id=28
idx=471 status=201 class=success code=None latency_ms=21.645 reservation_id=69
idx=472 status=201 class=success code=None latency_ms=21.394 reservation_id=119
idx=473 status=201 class=success code=None latency_ms=22.582 reservation_id=163
idx=474 status=201 class=success code=None latency_ms=22.454 reservation_id=206
idx=475 status=201 class=success code=None latency_ms=21.835 reservation_id=254
idx=476 status=201 class=success code=None latency_ms=25.037 reservation_id=302
idx=477 status=201 class=success code=None latency_ms=22.685 reservation_id=348
idx=478 status=201 class=success code=None latency_ms=23.145 reservation_id=405
idx=479 status=201 class=success code=None latency_ms=29.559 reservation_id=452
idx=480 status=201 class=success code=None latency_ms=20.564 reservation_id=58
idx=481 status=201 class=success code=None latency_ms=14.446 reservation_id=79
idx=482 status=201 class=success code=None latency_ms=30.722 reservation_id=135
idx=483 status=201 class=success code=None latency_ms=30.386 reservation_id=188
idx=484 status=201 class=success code=None latency_ms=22.46 reservation_id=244
idx=485 status=201 class=success code=None latency_ms=31.806 reservation_id=298
idx=486 status=201 class=success code=None latency_ms=21.73 reservation_id=356
idx=487 status=201 class=success code=None latency_ms=25.94 reservation_id=410
idx=488 status=201 class=success code=None latency_ms=20.97 reservation_id=440
idx=489 status=201 class=success code=None latency_ms=14.689 reservation_id=483
idx=490 status=201 class=success code=None latency_ms=17.592 reservation_id=33
idx=491 status=201 class=success code=None latency_ms=40.166 reservation_id=100
idx=492 status=201 class=success code=None latency_ms=25.484 reservation_id=170
idx=493 status=201 class=success code=None latency_ms=28.852 reservation_id=228
idx=494 status=201 class=success code=None latency_ms=33.909 reservation_id=303
idx=495 status=201 class=success code=None latency_ms=22.084 reservation_id=359
idx=496 status=201 class=success code=None latency_ms=21.683 reservation_id=399
idx=497 status=201 class=success code=None latency_ms=31.448 reservation_id=451
idx=498 status=201 class=success code=None latency_ms=13.775 reservation_id=484
idx=499 status=201 class=success code=None latency_ms=7.599 reservation_id=507
WROTE <REPO>\benchmark\results\20260814T065933Z-h2-local-performance-c50-t500-r1.json
WROTE <REPO>\benchmark\results\20260814T065933Z-h2-local-performance-c50-t500-r1.jsonl
