BENCH begin correctness profile=h2-local N=100 round=3
base_url=http://127.0.0.1:18080 python=3.14.0 (tags/v3.14.0:ebf955d, Oct  7 2025, 10:15:03) [MSC v.1944 64 bit (AMD64)] pid=17440
LOGIN student status=200 latency_ms=56.4
LOGIN admin status=200 latency_ms=59.4
CREATE_EQUIPMENT code=BM-C-h2-local-20260814T065947Z-100-R3 status=201 latency_ms=17.9
CORRECTNESS start profile=h2-local N=100 round=3 equipmentId=14 startTime=2026-08-18T09:59:47Z endTime=2026-08-18T10:59:47Z
---- SUMMARY ----
{
  "scenario": "correctness",
  "profile": "h2-local",
  "lock_impl": "LocalReservationLock",
  "base_url": "http://127.0.0.1:18080",
  "concurrency": 100,
  "round": 3,
  "total_planned": 100,
  "total_observed": 100,
  "success_201": 1,
  "conflict_409": 99,
  "failed_other": 0,
  "status_counts": {
    "201": 1,
    "409": 99
  },
  "error_code_counts": {
    "RESERVATION_CONFLICT": 99,
    "HTTP_201": 1
  },
  "wall_seconds": 0.125873,
  "throughput_rps": 794.449657,
  "latency_all": {
    "count": 100,
    "min_ms": 15.985,
    "avg_ms": 73.916,
    "p50_ms": 77.144,
    "p95_ms": 116.704,
    "p99_ms": 120.297,
    "max_ms": 122.297
  },
  "latency_201": {
    "count": 1,
    "min_ms": 20.573,
    "avg_ms": 20.573,
    "p50_ms": 20.573,
    "p95_ms": 20.573,
    "p99_ms": 20.573,
    "max_ms": 20.573
  },
  "latency_409": {
    "count": 99,
    "min_ms": 15.985,
    "avg_ms": 74.455,
    "p50_ms": 77.245,
    "p95_ms": 116.74,
    "p99_ms": 120.317,
    "max_ms": 122.297
  },
  "started_at": "2026-08-14T06:59:47+00:00",
  "equipment_id": 14,
  "equipment_code": "BM-C-h2-local-20260814T065947Z-100-R3",
  "start_time": "2026-08-18T09:59:47Z",
  "end_time": "2026-08-18T10:59:47Z",
  "worker_exceptions": [],
  "threads_still_alive": []
}
---- PER-REQUEST ----
idx=0 status=409 class=conflict code=RESERVATION_CONFLICT latency_ms=22.977 reservation_id=None
idx=1 status=409 class=conflict code=RESERVATION_CONFLICT latency_ms=72.549 reservation_id=None
idx=2 status=409 class=conflict code=RESERVATION_CONFLICT latency_ms=104.972 reservation_id=None
idx=3 status=409 class=conflict code=RESERVATION_CONFLICT latency_ms=44.331 reservation_id=None
idx=4 status=409 class=conflict code=RESERVATION_CONFLICT latency_ms=77.245 reservation_id=None
idx=5 status=409 class=conflict code=RESERVATION_CONFLICT latency_ms=122.297 reservation_id=None
idx=6 status=409 class=conflict code=RESERVATION_CONFLICT latency_ms=41.085 reservation_id=None
idx=7 status=409 class=conflict code=RESERVATION_CONFLICT latency_ms=28.959 reservation_id=None
idx=8 status=409 class=conflict code=RESERVATION_CONFLICT latency_ms=120.277 reservation_id=None
idx=9 status=409 class=conflict code=RESERVATION_CONFLICT latency_ms=78.649 reservation_id=None
idx=10 status=409 class=conflict code=RESERVATION_CONFLICT latency_ms=88.768 reservation_id=None
idx=11 status=409 class=conflict code=RESERVATION_CONFLICT latency_ms=63.056 reservation_id=None
idx=12 status=409 class=conflict code=RESERVATION_CONFLICT latency_ms=39.535 reservation_id=None
idx=13 status=409 class=conflict code=RESERVATION_CONFLICT latency_ms=46.568 reservation_id=None
idx=14 status=409 class=conflict code=RESERVATION_CONFLICT latency_ms=104.635 reservation_id=None
idx=15 status=409 class=conflict code=RESERVATION_CONFLICT latency_ms=117.398 reservation_id=None
idx=16 status=409 class=conflict code=RESERVATION_CONFLICT latency_ms=66.658 reservation_id=None
idx=17 status=409 class=conflict code=RESERVATION_CONFLICT latency_ms=103.143 reservation_id=None
idx=18 status=409 class=conflict code=RESERVATION_CONFLICT latency_ms=119.357 reservation_id=None
idx=19 status=409 class=conflict code=RESERVATION_CONFLICT latency_ms=70.815 reservation_id=None
idx=20 status=409 class=conflict code=RESERVATION_CONFLICT latency_ms=116.667 reservation_id=None
idx=21 status=409 class=conflict code=RESERVATION_CONFLICT latency_ms=74.447 reservation_id=None
idx=22 status=409 class=conflict code=RESERVATION_CONFLICT latency_ms=64.271 reservation_id=None
idx=23 status=409 class=conflict code=RESERVATION_CONFLICT latency_ms=22.824 reservation_id=None
idx=24 status=409 class=conflict code=RESERVATION_CONFLICT latency_ms=36.318 reservation_id=None
idx=25 status=409 class=conflict code=RESERVATION_CONFLICT latency_ms=87.839 reservation_id=None
idx=26 status=409 class=conflict code=RESERVATION_CONFLICT latency_ms=72.643 reservation_id=None
idx=27 status=409 class=conflict code=RESERVATION_CONFLICT latency_ms=84.597 reservation_id=None
idx=28 status=409 class=conflict code=RESERVATION_CONFLICT latency_ms=37.74 reservation_id=None
idx=29 status=409 class=conflict code=RESERVATION_CONFLICT latency_ms=43.91 reservation_id=None
idx=30 status=409 class=conflict code=RESERVATION_CONFLICT latency_ms=67.391 reservation_id=None
idx=31 status=409 class=conflict code=RESERVATION_CONFLICT latency_ms=15.985 reservation_id=None
idx=32 status=409 class=conflict code=RESERVATION_CONFLICT latency_ms=36.746 reservation_id=None
idx=33 status=409 class=conflict code=RESERVATION_CONFLICT latency_ms=72.986 reservation_id=None
idx=34 status=409 class=conflict code=RESERVATION_CONFLICT latency_ms=84.684 reservation_id=None
idx=35 status=409 class=conflict code=RESERVATION_CONFLICT latency_ms=49.328 reservation_id=None
idx=36 status=409 class=conflict code=RESERVATION_CONFLICT latency_ms=98.147 reservation_id=None
idx=37 status=409 class=conflict code=RESERVATION_CONFLICT latency_ms=105.622 reservation_id=None
idx=38 status=409 class=conflict code=RESERVATION_CONFLICT latency_ms=111.818 reservation_id=None
idx=39 status=201 class=success code=None latency_ms=20.573 reservation_id=10
idx=40 status=409 class=conflict code=RESERVATION_CONFLICT latency_ms=93.71 reservation_id=None
idx=41 status=409 class=conflict code=RESERVATION_CONFLICT latency_ms=39.813 reservation_id=None
idx=42 status=409 class=conflict code=RESERVATION_CONFLICT latency_ms=80.774 reservation_id=None
idx=43 status=409 class=conflict code=RESERVATION_CONFLICT latency_ms=19.967 reservation_id=None
idx=44 status=409 class=conflict code=RESERVATION_CONFLICT latency_ms=109.005 reservation_id=None
idx=45 status=409 class=conflict code=RESERVATION_CONFLICT latency_ms=114.535 reservation_id=None
idx=46 status=409 class=conflict code=RESERVATION_CONFLICT latency_ms=81.934 reservation_id=None
idx=47 status=409 class=conflict code=RESERVATION_CONFLICT latency_ms=48.495 reservation_id=None
idx=48 status=409 class=conflict code=RESERVATION_CONFLICT latency_ms=53.005 reservation_id=None
idx=49 status=409 class=conflict code=RESERVATION_CONFLICT latency_ms=40.325 reservation_id=None
idx=50 status=409 class=conflict code=RESERVATION_CONFLICT latency_ms=50.779 reservation_id=None
idx=51 status=409 class=conflict code=RESERVATION_CONFLICT latency_ms=60.392 reservation_id=None
idx=52 status=409 class=conflict code=RESERVATION_CONFLICT latency_ms=31.757 reservation_id=None
idx=53 status=409 class=conflict code=RESERVATION_CONFLICT latency_ms=42.551 reservation_id=None
idx=54 status=409 class=conflict code=RESERVATION_CONFLICT latency_ms=76.217 reservation_id=None
idx=55 status=409 class=conflict code=RESERVATION_CONFLICT latency_ms=84.963 reservation_id=None
idx=56 status=409 class=conflict code=RESERVATION_CONFLICT latency_ms=19.896 reservation_id=None
idx=57 status=409 class=conflict code=RESERVATION_CONFLICT latency_ms=69.664 reservation_id=None
idx=58 status=409 class=conflict code=RESERVATION_CONFLICT latency_ms=75.616 reservation_id=None
idx=59 status=409 class=conflict code=RESERVATION_CONFLICT latency_ms=104.154 reservation_id=None
idx=60 status=409 class=conflict code=RESERVATION_CONFLICT latency_ms=22.408 reservation_id=None
idx=61 status=409 class=conflict code=RESERVATION_CONFLICT latency_ms=78.815 reservation_id=None
idx=62 status=409 class=conflict code=RESERVATION_CONFLICT latency_ms=100.121 reservation_id=None
idx=63 status=409 class=conflict code=RESERVATION_CONFLICT latency_ms=98.745 reservation_id=None
idx=64 status=409 class=conflict code=RESERVATION_CONFLICT latency_ms=89.812 reservation_id=None
idx=65 status=409 class=conflict code=RESERVATION_CONFLICT latency_ms=73.361 reservation_id=None
idx=66 status=409 class=conflict code=RESERVATION_CONFLICT latency_ms=90.97 reservation_id=None
idx=67 status=409 class=conflict code=RESERVATION_CONFLICT latency_ms=84.962 reservation_id=None
idx=68 status=409 class=conflict code=RESERVATION_CONFLICT latency_ms=104.326 reservation_id=None
idx=69 status=409 class=conflict code=RESERVATION_CONFLICT latency_ms=105.167 reservation_id=None
idx=70 status=409 class=conflict code=RESERVATION_CONFLICT latency_ms=115.078 reservation_id=None
idx=71 status=409 class=conflict code=RESERVATION_CONFLICT latency_ms=89.385 reservation_id=None
idx=72 status=409 class=conflict code=RESERVATION_CONFLICT latency_ms=81.841 reservation_id=None
idx=73 status=409 class=conflict code=RESERVATION_CONFLICT latency_ms=95.958 reservation_id=None
idx=74 status=409 class=conflict code=RESERVATION_CONFLICT latency_ms=115.632 reservation_id=None
idx=75 status=409 class=conflict code=RESERVATION_CONFLICT latency_ms=113.256 reservation_id=None
idx=76 status=409 class=conflict code=RESERVATION_CONFLICT latency_ms=57.143 reservation_id=None
idx=77 status=409 class=conflict code=RESERVATION_CONFLICT latency_ms=105.845 reservation_id=None
idx=78 status=409 class=conflict code=RESERVATION_CONFLICT latency_ms=93.684 reservation_id=None
idx=79 status=409 class=conflict code=RESERVATION_CONFLICT latency_ms=28.897 reservation_id=None
idx=80 status=409 class=conflict code=RESERVATION_CONFLICT latency_ms=27.625 reservation_id=None
idx=81 status=409 class=conflict code=RESERVATION_CONFLICT latency_ms=97.227 reservation_id=None
idx=82 status=409 class=conflict code=RESERVATION_CONFLICT latency_ms=109.441 reservation_id=None
idx=83 status=409 class=conflict code=RESERVATION_CONFLICT latency_ms=94.572 reservation_id=None
idx=84 status=409 class=conflict code=RESERVATION_CONFLICT latency_ms=48.504 reservation_id=None
idx=85 status=409 class=conflict code=RESERVATION_CONFLICT latency_ms=118.579 reservation_id=None
idx=86 status=409 class=conflict code=RESERVATION_CONFLICT latency_ms=58.418 reservation_id=None
idx=87 status=409 class=conflict code=RESERVATION_CONFLICT latency_ms=48.945 reservation_id=None
idx=88 status=409 class=conflict code=RESERVATION_CONFLICT latency_ms=64.73 reservation_id=None
idx=89 status=409 class=conflict code=RESERVATION_CONFLICT latency_ms=87.236 reservation_id=None
idx=90 status=409 class=conflict code=RESERVATION_CONFLICT latency_ms=52.871 reservation_id=None
idx=91 status=409 class=conflict code=RESERVATION_CONFLICT latency_ms=41.234 reservation_id=None
idx=92 status=409 class=conflict code=RESERVATION_CONFLICT latency_ms=108.368 reservation_id=None
idx=93 status=409 class=conflict code=RESERVATION_CONFLICT latency_ms=87.969 reservation_id=None
idx=94 status=409 class=conflict code=RESERVATION_CONFLICT latency_ms=71.762 reservation_id=None
idx=95 status=409 class=conflict code=RESERVATION_CONFLICT latency_ms=89.345 reservation_id=None
idx=96 status=409 class=conflict code=RESERVATION_CONFLICT latency_ms=98.04 reservation_id=None
idx=97 status=409 class=conflict code=RESERVATION_CONFLICT latency_ms=77.043 reservation_id=None
idx=98 status=409 class=conflict code=RESERVATION_CONFLICT latency_ms=29.258 reservation_id=None
idx=99 status=409 class=conflict code=RESERVATION_CONFLICT latency_ms=99.638 reservation_id=None
WROTE <REPO>\benchmark\results\20260814T065933Z-h2-local-correctness-n100-r3.json
WROTE <REPO>\benchmark\results\20260814T065933Z-h2-local-correctness-n100-r3.jsonl
