BENCH begin performance profile=mysql-redis N=50 round=1
base_url=http://127.0.0.1:18080 python=3.14.0 (tags/v3.14.0:ebf955d, Oct  7 2025, 10:15:03) [MSC v.1944 64 bit (AMD64)] pid=3648
LOGIN student status=200 latency_ms=79.9
LOGIN admin status=200 latency_ms=75.3
CREATE_EQUIPMENT code=BM-WARM-mysql-redis-070443 status=201 latency_ms=33.9
WARMUP reservation status=201 latency_ms=45.9 body={"id":39,"equipmentId":27,"requesterId":1,"requesterName":"林知夏","purpose":"warmup","startTime":"2026-08-17T07:04:43Z","endTime":"2026-08-17T08:04:43Z","status":
PERFORMANCE creating 50 dedicated equipment (one per worker)...
CREATE_EQUIPMENT code=BM-P-mysql-redis-20260814T070443Z-0000 status=201 latency_ms=34.2
CREATE_EQUIPMENT code=BM-P-mysql-redis-20260814T070443Z-0001 status=201 latency_ms=31.1
CREATE_EQUIPMENT code=BM-P-mysql-redis-20260814T070443Z-0002 status=201 latency_ms=29.9
CREATE_EQUIPMENT code=BM-P-mysql-redis-20260814T070443Z-0003 status=201 latency_ms=31.1
CREATE_EQUIPMENT code=BM-P-mysql-redis-20260814T070443Z-0004 status=201 latency_ms=31.1
CREATE_EQUIPMENT code=BM-P-mysql-redis-20260814T070443Z-0005 status=201 latency_ms=30.9
CREATE_EQUIPMENT code=BM-P-mysql-redis-20260814T070443Z-0006 status=201 latency_ms=32.3
CREATE_EQUIPMENT code=BM-P-mysql-redis-20260814T070443Z-0007 status=201 latency_ms=28.6
CREATE_EQUIPMENT code=BM-P-mysql-redis-20260814T070443Z-0008 status=201 latency_ms=35.3
CREATE_EQUIPMENT code=BM-P-mysql-redis-20260814T070443Z-0009 status=201 latency_ms=29.0
CREATE_EQUIPMENT code=BM-P-mysql-redis-20260814T070443Z-0010 status=201 latency_ms=30.0
CREATE_EQUIPMENT code=BM-P-mysql-redis-20260814T070443Z-0011 status=201 latency_ms=14.2
CREATE_EQUIPMENT code=BM-P-mysql-redis-20260814T070443Z-0012 status=201 latency_ms=33.9
CREATE_EQUIPMENT code=BM-P-mysql-redis-20260814T070443Z-0013 status=201 latency_ms=27.2
CREATE_EQUIPMENT code=BM-P-mysql-redis-20260814T070443Z-0014 status=201 latency_ms=33.8
CREATE_EQUIPMENT code=BM-P-mysql-redis-20260814T070443Z-0015 status=201 latency_ms=27.8
CREATE_EQUIPMENT code=BM-P-mysql-redis-20260814T070443Z-0016 status=201 latency_ms=32.8
CREATE_EQUIPMENT code=BM-P-mysql-redis-20260814T070443Z-0017 status=201 latency_ms=30.6
CREATE_EQUIPMENT code=BM-P-mysql-redis-20260814T070443Z-0018 status=201 latency_ms=35.4
CREATE_EQUIPMENT code=BM-P-mysql-redis-20260814T070443Z-0019 status=201 latency_ms=26.4
CREATE_EQUIPMENT code=BM-P-mysql-redis-20260814T070443Z-0020 status=201 latency_ms=31.6
CREATE_EQUIPMENT code=BM-P-mysql-redis-20260814T070443Z-0021 status=201 latency_ms=31.0
CREATE_EQUIPMENT code=BM-P-mysql-redis-20260814T070443Z-0022 status=201 latency_ms=32.5
CREATE_EQUIPMENT code=BM-P-mysql-redis-20260814T070443Z-0023 status=201 latency_ms=30.1
CREATE_EQUIPMENT code=BM-P-mysql-redis-20260814T070443Z-0024 status=201 latency_ms=13.6
CREATE_EQUIPMENT code=BM-P-mysql-redis-20260814T070443Z-0025 status=201 latency_ms=32.0
CREATE_EQUIPMENT code=BM-P-mysql-redis-20260814T070443Z-0026 status=201 latency_ms=34.4
CREATE_EQUIPMENT code=BM-P-mysql-redis-20260814T070443Z-0027 status=201 latency_ms=28.9
CREATE_EQUIPMENT code=BM-P-mysql-redis-20260814T070443Z-0028 status=201 latency_ms=34.7
CREATE_EQUIPMENT code=BM-P-mysql-redis-20260814T070443Z-0029 status=201 latency_ms=27.3
CREATE_EQUIPMENT code=BM-P-mysql-redis-20260814T070443Z-0030 status=201 latency_ms=33.7
CREATE_EQUIPMENT code=BM-P-mysql-redis-20260814T070443Z-0031 status=201 latency_ms=29.4
CREATE_EQUIPMENT code=BM-P-mysql-redis-20260814T070443Z-0032 status=201 latency_ms=43.3
CREATE_EQUIPMENT code=BM-P-mysql-redis-20260814T070443Z-0033 status=201 latency_ms=34.6
CREATE_EQUIPMENT code=BM-P-mysql-redis-20260814T070443Z-0034 status=201 latency_ms=32.4
CREATE_EQUIPMENT code=BM-P-mysql-redis-20260814T070443Z-0035 status=201 latency_ms=30.3
CREATE_EQUIPMENT code=BM-P-mysql-redis-20260814T070443Z-0036 status=201 latency_ms=13.2
CREATE_EQUIPMENT code=BM-P-mysql-redis-20260814T070443Z-0037 status=201 latency_ms=33.6
CREATE_EQUIPMENT code=BM-P-mysql-redis-20260814T070443Z-0038 status=201 latency_ms=13.9
CREATE_EQUIPMENT code=BM-P-mysql-redis-20260814T070443Z-0039 status=201 latency_ms=31.7
CREATE_EQUIPMENT code=BM-P-mysql-redis-20260814T070443Z-0040 status=201 latency_ms=38.7
CREATE_EQUIPMENT code=BM-P-mysql-redis-20260814T070443Z-0041 status=201 latency_ms=23.0
CREATE_EQUIPMENT code=BM-P-mysql-redis-20260814T070443Z-0042 status=201 latency_ms=32.4
CREATE_EQUIPMENT code=BM-P-mysql-redis-20260814T070443Z-0043 status=201 latency_ms=30.9
CREATE_EQUIPMENT code=BM-P-mysql-redis-20260814T070443Z-0044 status=201 latency_ms=13.8
CREATE_EQUIPMENT code=BM-P-mysql-redis-20260814T070443Z-0045 status=201 latency_ms=31.6
CREATE_EQUIPMENT code=BM-P-mysql-redis-20260814T070443Z-0046 status=201 latency_ms=34.1
CREATE_EQUIPMENT code=BM-P-mysql-redis-20260814T070443Z-0047 status=201 latency_ms=27.0
CREATE_EQUIPMENT code=BM-P-mysql-redis-20260814T070443Z-0048 status=201 latency_ms=33.5
CREATE_EQUIPMENT code=BM-P-mysql-redis-20260814T070443Z-0049 status=201 latency_ms=30.5
PERFORMANCE start profile=mysql-redis concurrency=50 total=500 equipment=50 base_start=2026-08-19T07:04:45Z
---- SUMMARY ----
{
  "scenario": "performance",
  "profile": "mysql-redis",
  "lock_impl": "RedisReservationLock",
  "base_url": "http://127.0.0.1:18080",
  "concurrency": 50,
  "round": 1,
  "total_planned": 500,
  "total_observed": 500,
  "success_201": 500,
  "conflict_409": 0,
  "failed_other": 0,
  "status_counts": {
    "201": 500
  },
  "error_code_counts": {
    "HTTP_201": 500
  },
  "wall_seconds": 2.873037,
  "throughput_rps": 174.031863,
  "latency_all": {
    "count": 500,
    "min_ms": 42.773,
    "avg_ms": 274.127,
    "p50_ms": 274.956,
    "p95_ms": 352.341,
    "p99_ms": 375.849,
    "max_ms": 384.362
  },
  "latency_201": {
    "count": 500,
    "min_ms": 42.773,
    "avg_ms": 274.127,
    "p50_ms": 274.956,
    "p95_ms": 352.341,
    "p99_ms": 375.849,
    "max_ms": 384.362
  },
  "latency_409": {
    "count": 0,
    "min_ms": null,
    "avg_ms": null,
    "p50_ms": null,
    "p95_ms": null,
    "p99_ms": null,
    "max_ms": null
  },
  "started_at": "2026-08-14T07:04:48+00:00",
  "equipment_ids": [
    28,
    29,
    30,
    31,
    32,
    33,
    34,
    35,
    36,
    37,
    38,
    39,
    40,
    41,
    42,
    43,
    44,
    45,
    46,
    47,
    48,
    49,
    50,
    51,
    52,
    53,
    54,
    55,
    56,
    57,
    58,
    59,
    60,
    61,
    62,
    63,
    64,
    65,
    66,
    67,
    68,
    69,
    70,
    71,
    72,
    73,
    74,
    75,
    76,
    77
  ],
  "per_worker": [
    10,
    10,
    10,
    10,
    10,
    10,
    10,
    10,
    10,
    10,
    10,
    10,
    10,
    10,
    10,
    10,
    10,
    10,
    10,
    10,
    10,
    10,
    10,
    10,
    10,
    10,
    10,
    10,
    10,
    10,
    10,
    10,
    10,
    10,
    10,
    10,
    10,
    10,
    10,
    10,
    10,
    10,
    10,
    10,
    10,
    10,
    10,
    10,
    10,
    10
  ],
  "base_start": "2026-08-19T07:04:45Z",
  "worker_exceptions": [],
  "threads_still_alive": []
}
---- PER-REQUEST ----
idx=0 status=201 class=success code=None latency_ms=245.047 reservation_id=86
idx=1 status=201 class=success code=None latency_ms=274.349 reservation_id=132
idx=2 status=201 class=success code=None latency_ms=267.806 reservation_id=182
idx=3 status=201 class=success code=None latency_ms=305.852 reservation_id=229
idx=4 status=201 class=success code=None latency_ms=253.254 reservation_id=275
idx=5 status=201 class=success code=None latency_ms=326.777 reservation_id=325
idx=6 status=201 class=success code=None latency_ms=297.564 reservation_id=372
idx=7 status=201 class=success code=None latency_ms=264.035 reservation_id=423
idx=8 status=201 class=success code=None latency_ms=258.756 reservation_id=471
idx=9 status=201 class=success code=None latency_ms=320.045 reservation_id=525
idx=10 status=201 class=success code=None latency_ms=52.47 reservation_id=41
idx=11 status=201 class=success code=None latency_ms=278.328 reservation_id=102
idx=12 status=201 class=success code=None latency_ms=264.052 reservation_id=148
idx=13 status=201 class=success code=None latency_ms=371.157 reservation_id=204
idx=14 status=201 class=success code=None latency_ms=303.717 reservation_id=258
idx=15 status=201 class=success code=None latency_ms=343.718 reservation_id=306
idx=16 status=201 class=success code=None latency_ms=279.627 reservation_id=360
idx=17 status=201 class=success code=None latency_ms=286.561 reservation_id=409
idx=18 status=201 class=success code=None latency_ms=253.784 reservation_id=459
idx=19 status=201 class=success code=None latency_ms=264.148 reservation_id=508
idx=20 status=201 class=success code=None latency_ms=233.201 reservation_id=82
idx=21 status=201 class=success code=None latency_ms=278.699 reservation_id=131
idx=22 status=201 class=success code=None latency_ms=246.511 reservation_id=181
idx=23 status=201 class=success code=None latency_ms=313.084 reservation_id=225
idx=24 status=201 class=success code=None latency_ms=277.478 reservation_id=272
idx=25 status=201 class=success code=None latency_ms=319.523 reservation_id=323
idx=26 status=201 class=success code=None latency_ms=305.491 reservation_id=373
idx=27 status=201 class=success code=None latency_ms=264.629 reservation_id=424
idx=28 status=201 class=success code=None latency_ms=267.727 reservation_id=473
idx=29 status=201 class=success code=None latency_ms=275.076 reservation_id=523
idx=30 status=201 class=success code=None latency_ms=52.547 reservation_id=42
idx=31 status=201 class=success code=None latency_ms=248.766 reservation_id=95
idx=32 status=201 class=success code=None latency_ms=293.475 reservation_id=144
idx=33 status=201 class=success code=None latency_ms=371.956 reservation_id=203
idx=34 status=201 class=success code=None latency_ms=275.916 reservation_id=256
idx=35 status=201 class=success code=None latency_ms=371.123 reservation_id=304
idx=36 status=201 class=success code=None latency_ms=257.876 reservation_id=358
idx=37 status=201 class=success code=None latency_ms=269.235 reservation_id=402
idx=38 status=201 class=success code=None latency_ms=290.685 reservation_id=458
idx=39 status=201 class=success code=None latency_ms=251.984 reservation_id=505
idx=40 status=201 class=success code=None latency_ms=262.567 reservation_id=88
idx=41 status=201 class=success code=None latency_ms=254.78 reservation_id=139
idx=42 status=201 class=success code=None latency_ms=276.734 reservation_id=186
idx=43 status=201 class=success code=None latency_ms=350.518 reservation_id=237
idx=44 status=201 class=success code=None latency_ms=254.905 reservation_id=286
idx=45 status=201 class=success code=None latency_ms=329.393 reservation_id=335
idx=46 status=201 class=success code=None latency_ms=268.673 reservation_id=380
idx=47 status=201 class=success code=None latency_ms=255.637 reservation_id=429
idx=48 status=201 class=success code=None latency_ms=305.262 reservation_id=478
idx=49 status=201 class=success code=None latency_ms=253.388 reservation_id=526
idx=50 status=201 class=success code=None latency_ms=217.317 reservation_id=76
idx=51 status=201 class=success code=None latency_ms=242.094 reservation_id=124
idx=52 status=201 class=success code=None latency_ms=263.292 reservation_id=173
idx=53 status=201 class=success code=None latency_ms=375.822 reservation_id=222
idx=54 status=201 class=success code=None latency_ms=252.071 reservation_id=273
idx=55 status=201 class=success code=None latency_ms=319.537 reservation_id=321
idx=56 status=201 class=success code=None latency_ms=333.112 reservation_id=374
idx=57 status=201 class=success code=None latency_ms=235.841 reservation_id=422
idx=58 status=201 class=success code=None latency_ms=298.682 reservation_id=476
idx=59 status=201 class=success code=None latency_ms=280.897 reservation_id=527
idx=60 status=201 class=success code=None latency_ms=232.872 reservation_id=83
idx=61 status=201 class=success code=None latency_ms=290.026 reservation_id=136
idx=62 status=201 class=success code=None latency_ms=303.088 reservation_id=189
idx=63 status=201 class=success code=None latency_ms=322.48 reservation_id=238
idx=64 status=201 class=success code=None latency_ms=273.883 reservation_id=287
idx=65 status=201 class=success code=None latency_ms=352.331 reservation_id=339
idx=66 status=201 class=success code=None latency_ms=276.822 reservation_id=390
idx=67 status=201 class=success code=None latency_ms=253.071 reservation_id=437
idx=68 status=201 class=success code=None latency_ms=259.244 reservation_id=482
idx=69 status=201 class=success code=None latency_ms=251.796 reservation_id=530
idx=70 status=201 class=success code=None latency_ms=50.123 reservation_id=43
idx=71 status=201 class=success code=None latency_ms=277.312 reservation_id=100
idx=72 status=201 class=success code=None latency_ms=265.038 reservation_id=146
idx=73 status=201 class=success code=None latency_ms=272.045 reservation_id=198
idx=74 status=201 class=success code=None latency_ms=325.674 reservation_id=245
idx=75 status=201 class=success code=None latency_ms=348.294 reservation_id=294
idx=76 status=201 class=success code=None latency_ms=263.148 reservation_id=344
idx=77 status=201 class=success code=None latency_ms=313.288 reservation_id=399
idx=78 status=201 class=success code=None latency_ms=286.189 reservation_id=452
idx=79 status=201 class=success code=None latency_ms=281.77 reservation_id=502
idx=80 status=201 class=success code=None latency_ms=185.892 reservation_id=72
idx=81 status=201 class=success code=None latency_ms=270.744 reservation_id=121
idx=82 status=201 class=success code=None latency_ms=314.603 reservation_id=176
idx=83 status=201 class=success code=None latency_ms=328.15 reservation_id=232
idx=84 status=201 class=success code=None latency_ms=300.837 reservation_id=285
idx=85 status=201 class=success code=None latency_ms=329.728 reservation_id=334
idx=86 status=201 class=success code=None latency_ms=292.148 reservation_id=383
idx=87 status=201 class=success code=None latency_ms=250.223 reservation_id=430
idx=88 status=201 class=success code=None latency_ms=288.85 reservation_id=481
idx=89 status=201 class=success code=None latency_ms=269.326 reservation_id=531
idx=90 status=201 class=success code=None latency_ms=101.621 reservation_id=57
idx=91 status=201 class=success code=None latency_ms=224.857 reservation_id=97
idx=92 status=201 class=success code=None latency_ms=264.035 reservation_id=149
idx=93 status=201 class=success code=None latency_ms=259.906 reservation_id=197
idx=94 status=201 class=success code=None latency_ms=350.853 reservation_id=247
idx=95 status=201 class=success code=None latency_ms=336.228 reservation_id=297
idx=96 status=201 class=success code=None latency_ms=301.382 reservation_id=350
idx=97 status=201 class=success code=None latency_ms=273.726 reservation_id=397
idx=98 status=201 class=success code=None latency_ms=250.289 reservation_id=447
idx=99 status=201 class=success code=None latency_ms=269.939 reservation_id=497
idx=100 status=201 class=success code=None latency_ms=49.333 reservation_id=47
idx=101 status=201 class=success code=None latency_ms=275.845 reservation_id=99
idx=102 status=201 class=success code=None latency_ms=235.668 reservation_id=143
idx=103 status=201 class=success code=None latency_ms=279.678 reservation_id=194
idx=104 status=201 class=success code=None latency_ms=294.84 reservation_id=234
idx=105 status=201 class=success code=None latency_ms=266.831 reservation_id=283
idx=106 status=201 class=success code=None latency_ms=339.25 reservation_id=336
idx=107 status=201 class=success code=None latency_ms=308.917 reservation_id=386
idx=108 status=201 class=success code=None latency_ms=237.971 reservation_id=436
idx=109 status=201 class=success code=None latency_ms=275.827 reservation_id=477
idx=110 status=201 class=success code=None latency_ms=225.161 reservation_id=79
idx=111 status=201 class=success code=None latency_ms=296.76 reservation_id=133
idx=112 status=201 class=success code=None latency_ms=266.242 reservation_id=184
idx=113 status=201 class=success code=None latency_ms=308.117 reservation_id=230
idx=114 status=201 class=success code=None latency_ms=291.379 reservation_id=284
idx=115 status=201 class=success code=None latency_ms=345.231 reservation_id=332
idx=116 status=201 class=success code=None latency_ms=291.46 reservation_id=382
idx=117 status=201 class=success code=None latency_ms=279.221 reservation_id=434
idx=118 status=201 class=success code=None latency_ms=259.921 reservation_id=484
idx=119 status=201 class=success code=None latency_ms=284.048 reservation_id=532
idx=120 status=201 class=success code=None latency_ms=224.523 reservation_id=80
idx=121 status=201 class=success code=None latency_ms=271.637 reservation_id=130
idx=122 status=201 class=success code=None latency_ms=292.459 reservation_id=180
idx=123 status=201 class=success code=None latency_ms=327.878 reservation_id=233
idx=124 status=201 class=success code=None latency_ms=285.205 reservation_id=282
idx=125 status=201 class=success code=None latency_ms=328.24 reservation_id=333
idx=126 status=201 class=success code=None latency_ms=281.319 reservation_id=381
idx=127 status=201 class=success code=None latency_ms=291.425 reservation_id=433
idx=128 status=201 class=success code=None latency_ms=270.187 reservation_id=486
idx=129 status=201 class=success code=None latency_ms=294.254 reservation_id=538
idx=130 status=201 class=success code=None latency_ms=142.308 reservation_id=64
idx=131 status=201 class=success code=None latency_ms=227.195 reservation_id=110
idx=132 status=201 class=success code=None latency_ms=281.203 reservation_id=155
idx=133 status=201 class=success code=None latency_ms=384.362 reservation_id=214
idx=134 status=201 class=success code=None latency_ms=236.411 reservation_id=261
idx=135 status=201 class=success code=None latency_ms=341.095 reservation_id=313
idx=136 status=201 class=success code=None latency_ms=260.579 reservation_id=357
idx=137 status=201 class=success code=None latency_ms=293.003 reservation_id=408
idx=138 status=201 class=success code=None latency_ms=265.211 reservation_id=457
idx=139 status=201 class=success code=None latency_ms=251.957 reservation_id=506
idx=140 status=201 class=success code=None latency_ms=225.889 reservation_id=81
idx=141 status=201 class=success code=None latency_ms=256.756 reservation_id=129
idx=142 status=201 class=success code=None latency_ms=307.827 reservation_id=177
idx=143 status=201 class=success code=None latency_ms=358.706 reservation_id=236
idx=144 status=201 class=success code=None latency_ms=272.528 reservation_id=289
idx=145 status=201 class=success code=None latency_ms=379.142 reservation_id=338
idx=146 status=201 class=success code=None latency_ms=282.745 reservation_id=392
idx=147 status=201 class=success code=None latency_ms=279.876 reservation_id=444
idx=148 status=201 class=success code=None latency_ms=268.948 reservation_id=496
idx=149 status=201 class=success code=None latency_ms=235.947 reservation_id=539
idx=150 status=201 class=success code=None latency_ms=100.938 reservation_id=55
idx=151 status=201 class=success code=None latency_ms=251.721 reservation_id=106
idx=152 status=201 class=success code=None latency_ms=295.862 reservation_id=158
idx=153 status=201 class=success code=None latency_ms=313.607 reservation_id=208
idx=154 status=201 class=success code=None latency_ms=239.551 reservation_id=251
idx=155 status=201 class=success code=None latency_ms=335.363 reservation_id=296
idx=156 status=201 class=success code=None latency_ms=273.003 reservation_id=348
idx=157 status=201 class=success code=None latency_ms=304.089 reservation_id=398
idx=158 status=201 class=success code=None latency_ms=248.884 reservation_id=445
idx=159 status=201 class=success code=None latency_ms=269.057 reservation_id=493
idx=160 status=201 class=success code=None latency_ms=156.055 reservation_id=63
idx=161 status=201 class=success code=None latency_ms=227.511 reservation_id=112
idx=162 status=201 class=success code=None latency_ms=266.916 reservation_id=160
idx=163 status=201 class=success code=None latency_ms=336.798 reservation_id=210
idx=164 status=201 class=success code=None latency_ms=282.189 reservation_id=262
idx=165 status=201 class=success code=None latency_ms=343.071 reservation_id=309
idx=166 status=201 class=success code=None latency_ms=315.664 reservation_id=364
idx=167 status=201 class=success code=None latency_ms=275.93 reservation_id=418
idx=168 status=201 class=success code=None latency_ms=278.651 reservation_id=466
idx=169 status=201 class=success code=None latency_ms=253.369 reservation_id=511
idx=170 status=201 class=success code=None latency_ms=212.731 reservation_id=77
idx=171 status=201 class=success code=None latency_ms=256.143 reservation_id=128
idx=172 status=201 class=success code=None latency_ms=318.065 reservation_id=178
idx=173 status=201 class=success code=None latency_ms=306.65 reservation_id=231
idx=174 status=201 class=success code=None latency_ms=259.807 reservation_id=276
idx=175 status=201 class=success code=None latency_ms=340.343 reservation_id=326
idx=176 status=201 class=success code=None latency_ms=306.542 reservation_id=378
idx=177 status=201 class=success code=None latency_ms=302.449 reservation_id=432
idx=178 status=201 class=success code=None latency_ms=300.412 reservation_id=489
idx=179 status=201 class=success code=None latency_ms=263.792 reservation_id=537
idx=180 status=201 class=success code=None latency_ms=104.447 reservation_id=53
idx=181 status=201 class=success code=None latency_ms=226.678 reservation_id=104
idx=182 status=201 class=success code=None latency_ms=261.866 reservation_id=150
idx=183 status=201 class=success code=None latency_ms=260.316 reservation_id=195
idx=184 status=201 class=success code=None latency_ms=351.777 reservation_id=248
idx=185 status=201 class=success code=None latency_ms=339.734 reservation_id=302
idx=186 status=201 class=success code=None latency_ms=324.331 reservation_id=352
idx=187 status=201 class=success code=None latency_ms=256.274 reservation_id=401
idx=188 status=201 class=success code=None latency_ms=276.817 reservation_id=453
idx=189 status=201 class=success code=None latency_ms=280.996 reservation_id=501
idx=190 status=201 class=success code=None latency_ms=274.459 reservation_id=87
idx=191 status=201 class=success code=None latency_ms=249.781 reservation_id=138
idx=192 status=201 class=success code=None latency_ms=274.303 reservation_id=185
idx=193 status=201 class=success code=None latency_ms=352.541 reservation_id=235
idx=194 status=201 class=success code=None latency_ms=283.402 reservation_id=291
idx=195 status=201 class=success code=None latency_ms=365.684 reservation_id=343
idx=196 status=201 class=success code=None latency_ms=284.907 reservation_id=394
idx=197 status=201 class=success code=None latency_ms=278.405 reservation_id=448
idx=198 status=201 class=success code=None latency_ms=270.626 reservation_id=495
idx=199 status=201 class=success code=None latency_ms=234.977 reservation_id=534
idx=200 status=201 class=success code=None latency_ms=51.137 reservation_id=45
idx=201 status=201 class=success code=None latency_ms=233.092 reservation_id=94
idx=202 status=201 class=success code=None latency_ms=309.842 reservation_id=145
idx=203 status=201 class=success code=None latency_ms=259.511 reservation_id=196
idx=204 status=201 class=success code=None latency_ms=349.536 reservation_id=246
idx=205 status=201 class=success code=None latency_ms=335.509 reservation_id=298
idx=206 status=201 class=success code=None latency_ms=261.842 reservation_id=345
idx=207 status=201 class=success code=None latency_ms=269.844 reservation_id=391
idx=208 status=201 class=success code=None latency_ms=294.26 reservation_id=443
idx=209 status=201 class=success code=None latency_ms=254.548 reservation_id=494
idx=210 status=201 class=success code=None latency_ms=49.985 reservation_id=46
idx=211 status=201 class=success code=None latency_ms=226.89 reservation_id=92
idx=212 status=201 class=success code=None latency_ms=300.499 reservation_id=142
idx=213 status=201 class=success code=None latency_ms=267.272 reservation_id=192
idx=214 status=201 class=success code=None latency_ms=308.044 reservation_id=240
idx=215 status=201 class=success code=None latency_ms=272.111 reservation_id=288
idx=216 status=201 class=success code=None latency_ms=378.474 reservation_id=341
idx=217 status=201 class=success code=None latency_ms=282.859 reservation_id=395
idx=218 status=201 class=success code=None latency_ms=265.451 reservation_id=442
idx=219 status=201 class=success code=None latency_ms=306.903 reservation_id=498
idx=220 status=201 class=success code=None latency_ms=272.864 reservation_id=89
idx=221 status=201 class=success code=None latency_ms=274.835 reservation_id=141
idx=222 status=201 class=success code=None latency_ms=292.964 reservation_id=190
idx=223 status=201 class=success code=None latency_ms=329.829 reservation_id=244
idx=224 status=201 class=success code=None latency_ms=337.845 reservation_id=295
idx=225 status=201 class=success code=None latency_ms=277.092 reservation_id=340
idx=226 status=201 class=success code=None latency_ms=265.421 reservation_id=389
idx=227 status=201 class=success code=None latency_ms=252.014 reservation_id=439
idx=228 status=201 class=success code=None latency_ms=328.52 reservation_id=488
idx=229 status=201 class=success code=None latency_ms=236.171 reservation_id=535
idx=230 status=201 class=success code=None latency_ms=125.767 reservation_id=61
idx=231 status=201 class=success code=None latency_ms=257.386 reservation_id=114
idx=232 status=201 class=success code=None latency_ms=276.25 reservation_id=162
idx=233 status=201 class=success code=None latency_ms=375.139 reservation_id=215
idx=234 status=201 class=success code=None latency_ms=232.724 reservation_id=260
idx=235 status=201 class=success code=None latency_ms=343.752 reservation_id=311
idx=236 status=201 class=success code=None latency_ms=279.143 reservation_id=359
idx=237 status=201 class=success code=None latency_ms=260.515 reservation_id=407
idx=238 status=201 class=success code=None latency_ms=279.226 reservation_id=455
idx=239 status=201 class=success code=None latency_ms=275.433 reservation_id=509
idx=240 status=201 class=success code=None latency_ms=103.175 reservation_id=54
idx=241 status=201 class=success code=None latency_ms=224.846 reservation_id=103
idx=242 status=201 class=success code=None latency_ms=273.97 reservation_id=151
idx=243 status=201 class=success code=None latency_ms=274.174 reservation_id=199
idx=244 status=201 class=success code=None latency_ms=326.751 reservation_id=249
idx=245 status=201 class=success code=None latency_ms=334.978 reservation_id=300
idx=246 status=201 class=success code=None latency_ms=331.697 reservation_id=353
idx=247 status=201 class=success code=None latency_ms=268.498 reservation_id=406
idx=248 status=201 class=success code=None latency_ms=223.867 reservation_id=450
idx=249 status=201 class=success code=None latency_ms=294.386 reservation_id=499
idx=250 status=201 class=success code=None latency_ms=151.911 reservation_id=66
idx=251 status=201 class=success code=None latency_ms=289.672 reservation_id=120
idx=252 status=201 class=success code=None latency_ms=252.286 reservation_id=166
idx=253 status=201 class=success code=None latency_ms=337.554 reservation_id=213
idx=254 status=201 class=success code=None latency_ms=269.356 reservation_id=266
idx=255 status=201 class=success code=None latency_ms=348.045 reservation_id=317
idx=256 status=201 class=success code=None latency_ms=274.465 reservation_id=367
idx=257 status=201 class=success code=None latency_ms=258.561 reservation_id=417
idx=258 status=201 class=success code=None latency_ms=280.158 reservation_id=464
idx=259 status=201 class=success code=None latency_ms=268.32 reservation_id=513
idx=260 status=201 class=success code=None latency_ms=104.19 reservation_id=58
idx=261 status=201 class=success code=None latency_ms=278.224 reservation_id=107
idx=262 status=201 class=success code=None latency_ms=266.183 reservation_id=156
idx=263 status=201 class=success code=None latency_ms=314.805 reservation_id=206
idx=264 status=201 class=success code=None latency_ms=246.987 reservation_id=253
idx=265 status=201 class=success code=None latency_ms=354.365 reservation_id=303
idx=266 status=201 class=success code=None latency_ms=305.464 reservation_id=354
idx=267 status=201 class=success code=None latency_ms=269.503 reservation_id=405
idx=268 status=201 class=success code=None latency_ms=244.948 reservation_id=451
idx=269 status=201 class=success code=None latency_ms=298.677 reservation_id=504
idx=270 status=201 class=success code=None latency_ms=152.464 reservation_id=68
idx=271 status=201 class=success code=None latency_ms=232.642 reservation_id=116
idx=272 status=201 class=success code=None latency_ms=325.587 reservation_id=167
idx=273 status=201 class=success code=None latency_ms=328.111 reservation_id=220
idx=274 status=201 class=success code=None latency_ms=274.449 reservation_id=270
idx=275 status=201 class=success code=None latency_ms=352.226 reservation_id=318
idx=276 status=201 class=success code=None latency_ms=267.889 reservation_id=370
idx=277 status=201 class=success code=None latency_ms=286.882 reservation_id=419
idx=278 status=201 class=success code=None latency_ms=295.118 reservation_id=475
idx=279 status=201 class=success code=None latency_ms=298.998 reservation_id=521
idx=280 status=201 class=success code=None latency_ms=276.066 reservation_id=84
idx=281 status=201 class=success code=None latency_ms=248.954 reservation_id=137
idx=282 status=201 class=success code=None latency_ms=286.156 reservation_id=187
idx=283 status=201 class=success code=None latency_ms=341.9 reservation_id=239
idx=284 status=201 class=success code=None latency_ms=271.612 reservation_id=290
idx=285 status=201 class=success code=None latency_ms=333.138 reservation_id=337
idx=286 status=201 class=success code=None latency_ms=295.696 reservation_id=385
idx=287 status=201 class=success code=None latency_ms=252.041 reservation_id=438
idx=288 status=201 class=success code=None latency_ms=259.576 reservation_id=483
idx=289 status=201 class=success code=None latency_ms=251.827 reservation_id=529
idx=290 status=201 class=success code=None latency_ms=216.408 reservation_id=73
idx=291 status=201 class=success code=None latency_ms=244.278 reservation_id=125
idx=292 status=201 class=success code=None latency_ms=274.549 reservation_id=174
idx=293 status=201 class=success code=None latency_ms=349.243 reservation_id=223
idx=294 status=201 class=success code=None latency_ms=265.557 reservation_id=274
idx=295 status=201 class=success code=None latency_ms=320.287 reservation_id=322
idx=296 status=201 class=success code=None latency_ms=280.267 reservation_id=371
idx=297 status=201 class=success code=None latency_ms=286.899 reservation_id=420
idx=298 status=201 class=success code=None latency_ms=259.605 reservation_id=470
idx=299 status=201 class=success code=None latency_ms=252.687 reservation_id=519
idx=300 status=201 class=success code=None latency_ms=216.371 reservation_id=78
idx=301 status=201 class=success code=None latency_ms=243.001 reservation_id=127
idx=302 status=201 class=success code=None latency_ms=255.517 reservation_id=170
idx=303 status=201 class=success code=None latency_ms=383.471 reservation_id=226
idx=304 status=201 class=success code=None latency_ms=272.322 reservation_id=278
idx=305 status=201 class=success code=None latency_ms=345.023 reservation_id=327
idx=306 status=201 class=success code=None latency_ms=272.928 reservation_id=376
idx=307 status=201 class=success code=None latency_ms=249.509 reservation_id=425
idx=308 status=201 class=success code=None latency_ms=269.351 reservation_id=474
idx=309 status=201 class=success code=None latency_ms=255.01 reservation_id=520
idx=310 status=201 class=success code=None latency_ms=50.255 reservation_id=44
idx=311 status=201 class=success code=None latency_ms=224.804 reservation_id=93
idx=312 status=201 class=success code=None latency_ms=250.05 reservation_id=134
idx=313 status=201 class=success code=None latency_ms=266.749 reservation_id=183
idx=314 status=201 class=success code=None latency_ms=306.624 reservation_id=227
idx=315 status=201 class=success code=None latency_ms=272.539 reservation_id=277
idx=316 status=201 class=success code=None latency_ms=364.945 reservation_id=330
idx=317 status=201 class=success code=None latency_ms=317.965 reservation_id=387
idx=318 status=201 class=success code=None latency_ms=259.636 reservation_id=440
idx=319 status=201 class=success code=None latency_ms=321.086 reservation_id=490
idx=320 status=201 class=success code=None latency_ms=69.68 reservation_id=50
idx=321 status=201 class=success code=None latency_ms=257.868 reservation_id=98
idx=322 status=201 class=success code=None latency_ms=309.431 reservation_id=154
idx=323 status=201 class=success code=None latency_ms=311.176 reservation_id=200
idx=324 status=201 class=success code=None latency_ms=253.942 reservation_id=250
idx=325 status=201 class=success code=None latency_ms=333.693 reservation_id=301
idx=326 status=201 class=success code=None latency_ms=263.095 reservation_id=346
idx=327 status=201 class=success code=None latency_ms=285.39 reservation_id=393
idx=328 status=201 class=success code=None latency_ms=250.107 reservation_id=441
idx=329 status=201 class=success code=None latency_ms=298.714 reservation_id=491
idx=330 status=201 class=success code=None latency_ms=153.21 reservation_id=67
idx=331 status=201 class=success code=None latency_ms=229.691 reservation_id=115
idx=332 status=201 class=success code=None latency_ms=301.742 reservation_id=164
idx=333 status=201 class=success code=None latency_ms=348.138 reservation_id=212
idx=334 status=201 class=success code=None latency_ms=234.494 reservation_id=265
idx=335 status=201 class=success code=None latency_ms=341.529 reservation_id=310
idx=336 status=201 class=success code=None latency_ms=300.912 reservation_id=361
idx=337 status=201 class=success code=None latency_ms=266.51 reservation_id=411
idx=338 status=201 class=success code=None latency_ms=258.682 reservation_id=461
idx=339 status=201 class=success code=None latency_ms=298.682 reservation_id=514
idx=340 status=201 class=success code=None latency_ms=109.266 reservation_id=60
idx=341 status=201 class=success code=None latency_ms=272.769 reservation_id=111
idx=342 status=201 class=success code=None latency_ms=268.335 reservation_id=159
idx=343 status=201 class=success code=None latency_ms=314.593 reservation_id=207
idx=344 status=201 class=success code=None latency_ms=245.104 reservation_id=254
idx=345 status=201 class=success code=None latency_ms=383.532 reservation_id=305
idx=346 status=201 class=success code=None latency_ms=276.449 reservation_id=356
idx=347 status=201 class=success code=None latency_ms=270.525 reservation_id=403
idx=348 status=201 class=success code=None latency_ms=291.104 reservation_id=456
idx=349 status=201 class=success code=None latency_ms=251.356 reservation_id=507
idx=350 status=201 class=success code=None latency_ms=196.977 reservation_id=74
idx=351 status=201 class=success code=None latency_ms=262.751 reservation_id=123
idx=352 status=201 class=success code=None latency_ms=285.539 reservation_id=175
idx=353 status=201 class=success code=None latency_ms=352.553 reservation_id=224
idx=354 status=201 class=success code=None latency_ms=271.673 reservation_id=280
idx=355 status=201 class=success code=None latency_ms=364.516 reservation_id=328
idx=356 status=201 class=success code=None latency_ms=268.622 reservation_id=377
idx=357 status=201 class=success code=None latency_ms=235.748 reservation_id=426
idx=358 status=201 class=success code=None latency_ms=326.966 reservation_id=479
idx=359 status=201 class=success code=None latency_ms=251.03 reservation_id=528
idx=360 status=201 class=success code=None latency_ms=42.773 reservation_id=40
idx=361 status=201 class=success code=None latency_ms=231.297 reservation_id=91
idx=362 status=201 class=success code=None latency_ms=256.609 reservation_id=140
idx=363 status=201 class=success code=None latency_ms=313.307 reservation_id=191
idx=364 status=201 class=success code=None latency_ms=307.426 reservation_id=241
idx=365 status=201 class=success code=None latency_ms=372.179 reservation_id=292
idx=366 status=201 class=success code=None latency_ms=264.375 reservation_id=342
idx=367 status=201 class=success code=None latency_ms=251.1 reservation_id=388
idx=368 status=201 class=success code=None latency_ms=265.115 reservation_id=435
idx=369 status=201 class=success code=None latency_ms=284.334 reservation_id=487
idx=370 status=201 class=success code=None latency_ms=48.726 reservation_id=49
idx=371 status=201 class=success code=None latency_ms=226.604 reservation_id=90
idx=372 status=201 class=success code=None latency_ms=248.398 reservation_id=135
idx=373 status=201 class=success code=None latency_ms=319.879 reservation_id=188
idx=374 status=201 class=success code=None latency_ms=328.174 reservation_id=243
idx=375 status=201 class=success code=None latency_ms=365.408 reservation_id=293
idx=376 status=201 class=success code=None latency_ms=315.453 reservation_id=349
idx=377 status=201 class=success code=None latency_ms=246.705 reservation_id=396
idx=378 status=201 class=success code=None latency_ms=262.586 reservation_id=446
idx=379 status=201 class=success code=None latency_ms=270.545 reservation_id=492
idx=380 status=201 class=success code=None latency_ms=102.301 reservation_id=56
idx=381 status=201 class=success code=None latency_ms=278.733 reservation_id=108
idx=382 status=201 class=success code=None latency_ms=264.66 reservation_id=161
idx=383 status=201 class=success code=None latency_ms=315.816 reservation_id=205
idx=384 status=201 class=success code=None latency_ms=238.359 reservation_id=252
idx=385 status=201 class=success code=None latency_ms=335.396 reservation_id=299
idx=386 status=201 class=success code=None latency_ms=262.724 reservation_id=347
idx=387 status=201 class=success code=None latency_ms=314.294 reservation_id=400
idx=388 status=201 class=success code=None latency_ms=235.734 reservation_id=449
idx=389 status=201 class=success code=None latency_ms=332.607 reservation_id=503
idx=390 status=201 class=success code=None latency_ms=50.12 reservation_id=48
idx=391 status=201 class=success code=None latency_ms=271.824 reservation_id=96
idx=392 status=201 class=success code=None latency_ms=306.145 reservation_id=153
idx=393 status=201 class=success code=None latency_ms=335.67 reservation_id=201
idx=394 status=201 class=success code=None latency_ms=307.208 reservation_id=257
idx=395 status=201 class=success code=None latency_ms=339.24 reservation_id=312
idx=396 status=201 class=success code=None latency_ms=258.756 reservation_id=355
idx=397 status=201 class=success code=None latency_ms=271.569 reservation_id=404
idx=398 status=201 class=success code=None latency_ms=275.572 reservation_id=454
idx=399 status=201 class=success code=None latency_ms=251.669 reservation_id=500
idx=400 status=201 class=success code=None latency_ms=152.229 reservation_id=62
idx=401 status=201 class=success code=None latency_ms=251.474 reservation_id=117
idx=402 status=201 class=success code=None latency_ms=305.295 reservation_id=165
idx=403 status=201 class=success code=None latency_ms=323.642 reservation_id=216
idx=404 status=201 class=success code=None latency_ms=273.397 reservation_id=267
idx=405 status=201 class=success code=None latency_ms=358.02 reservation_id=316
idx=406 status=201 class=success code=None latency_ms=259.136 reservation_id=366
idx=407 status=201 class=success code=None latency_ms=259.492 reservation_id=413
idx=408 status=201 class=success code=None latency_ms=310.939 reservation_id=465
idx=409 status=201 class=success code=None latency_ms=319.984 reservation_id=522
idx=410 status=201 class=success code=None latency_ms=162.187 reservation_id=70
idx=411 status=201 class=success code=None latency_ms=270.674 reservation_id=119
idx=412 status=201 class=success code=None latency_ms=280.188 reservation_id=171
idx=413 status=201 class=success code=None latency_ms=323.604 reservation_id=219
idx=414 status=201 class=success code=None latency_ms=292.981 reservation_id=269
idx=415 status=201 class=success code=None latency_ms=341.037 reservation_id=319
idx=416 status=201 class=success code=None latency_ms=265.275 reservation_id=369
idx=417 status=201 class=success code=None latency_ms=301.873 reservation_id=421
idx=418 status=201 class=success code=None latency_ms=258.319 reservation_id=467
idx=419 status=201 class=success code=None latency_ms=239.237 reservation_id=517
idx=420 status=201 class=success code=None latency_ms=102.903 reservation_id=59
idx=421 status=201 class=success code=None latency_ms=226.888 reservation_id=101
idx=422 status=201 class=success code=None latency_ms=286.211 reservation_id=152
idx=423 status=201 class=success code=None latency_ms=346.775 reservation_id=202
idx=424 status=201 class=success code=None latency_ms=262.392 reservation_id=255
idx=425 status=201 class=success code=None latency_ms=355.922 reservation_id=307
idx=426 status=201 class=success code=None latency_ms=290.422 reservation_id=351
idx=427 status=201 class=success code=None latency_ms=306.876 reservation_id=410
idx=428 status=201 class=success code=None latency_ms=253.249 reservation_id=460
idx=429 status=201 class=success code=None latency_ms=287.086 reservation_id=510
idx=430 status=201 class=success code=None latency_ms=90.178 reservation_id=51
idx=431 status=201 class=success code=None latency_ms=245.174 reservation_id=105
idx=432 status=201 class=success code=None latency_ms=314.921 reservation_id=157
idx=433 status=201 class=success code=None latency_ms=323.444 reservation_id=209
idx=434 status=201 class=success code=None latency_ms=281.793 reservation_id=259
idx=435 status=201 class=success code=None latency_ms=357.221 reservation_id=308
idx=436 status=201 class=success code=None latency_ms=312.925 reservation_id=363
idx=437 status=201 class=success code=None latency_ms=261.24 reservation_id=415
idx=438 status=201 class=success code=None latency_ms=309.534 reservation_id=469
idx=439 status=201 class=success code=None latency_ms=252.436 reservation_id=518
idx=440 status=201 class=success code=None latency_ms=176.305 reservation_id=71
idx=441 status=201 class=success code=None latency_ms=284.359 reservation_id=122
idx=442 status=201 class=success code=None latency_ms=329.858 reservation_id=179
idx=443 status=201 class=success code=None latency_ms=308.042 reservation_id=228
idx=444 status=201 class=success code=None latency_ms=271.355 reservation_id=279
idx=445 status=201 class=success code=None latency_ms=362.434 reservation_id=329
idx=446 status=201 class=success code=None latency_ms=271.045 reservation_id=379
idx=447 status=201 class=success code=None latency_ms=234.48 reservation_id=427
idx=448 status=201 class=success code=None latency_ms=268.577 reservation_id=472
idx=449 status=201 class=success code=None latency_ms=291.516 reservation_id=524
idx=450 status=201 class=success code=None latency_ms=162.137 reservation_id=69
idx=451 status=201 class=success code=None latency_ms=259.29 reservation_id=118
idx=452 status=201 class=success code=None latency_ms=292.398 reservation_id=168
idx=453 status=201 class=success code=None latency_ms=343.728 reservation_id=221
idx=454 status=201 class=success code=None latency_ms=292.361 reservation_id=271
idx=455 status=201 class=success code=None latency_ms=318.464 reservation_id=324
idx=456 status=201 class=success code=None latency_ms=257.837 reservation_id=368
idx=457 status=201 class=success code=None latency_ms=260.434 reservation_id=412
idx=458 status=201 class=success code=None latency_ms=272.244 reservation_id=462
idx=459 status=201 class=success code=None latency_ms=275.599 reservation_id=515
idx=460 status=201 class=success code=None latency_ms=213.443 reservation_id=75
idx=461 status=201 class=success code=None latency_ms=245.233 reservation_id=126
idx=462 status=201 class=success code=None latency_ms=250.974 reservation_id=172
idx=463 status=201 class=success code=None latency_ms=322.313 reservation_id=218
idx=464 status=201 class=success code=None latency_ms=236.488 reservation_id=264
idx=465 status=201 class=success code=None latency_ms=349.874 reservation_id=314
idx=466 status=201 class=success code=None latency_ms=305.827 reservation_id=362
idx=467 status=201 class=success code=None latency_ms=260.213 reservation_id=414
idx=468 status=201 class=success code=None latency_ms=311.104 reservation_id=468
idx=469 status=201 class=success code=None latency_ms=237.256 reservation_id=516
idx=470 status=201 class=success code=None latency_ms=103.723 reservation_id=52
idx=471 status=201 class=success code=None latency_ms=280.137 reservation_id=109
idx=472 status=201 class=success code=None latency_ms=327.88 reservation_id=169
idx=473 status=201 class=success code=None latency_ms=306.724 reservation_id=211
idx=474 status=201 class=success code=None latency_ms=310.709 reservation_id=268
idx=475 status=201 class=success code=None latency_ms=340.818 reservation_id=320
idx=476 status=201 class=success code=None latency_ms=333.862 reservation_id=375
idx=477 status=201 class=success code=None latency_ms=241.179 reservation_id=428
idx=478 status=201 class=success code=None latency_ms=305.872 reservation_id=480
idx=479 status=201 class=success code=None latency_ms=319.06 reservation_id=533
idx=480 status=201 class=success code=None latency_ms=155.235 reservation_id=65
idx=481 status=201 class=success code=None latency_ms=227.363 reservation_id=113
idx=482 status=201 class=success code=None latency_ms=290.63 reservation_id=163
idx=483 status=201 class=success code=None latency_ms=361.813 reservation_id=217
idx=484 status=201 class=success code=None latency_ms=234.116 reservation_id=263
idx=485 status=201 class=success code=None latency_ms=364.209 reservation_id=315
idx=486 status=201 class=success code=None latency_ms=292.038 reservation_id=365
idx=487 status=201 class=success code=None latency_ms=259.857 reservation_id=416
idx=488 status=201 class=success code=None latency_ms=273.473 reservation_id=463
idx=489 status=201 class=success code=None latency_ms=276.239 reservation_id=512
idx=490 status=201 class=success code=None latency_ms=269.197 reservation_id=85
idx=491 status=201 class=success code=None latency_ms=308.99 reservation_id=147
idx=492 status=201 class=success code=None latency_ms=267.576 reservation_id=193
idx=493 status=201 class=success code=None latency_ms=306.087 reservation_id=242
idx=494 status=201 class=success code=None latency_ms=254.733 reservation_id=281
idx=495 status=201 class=success code=None latency_ms=329.639 reservation_id=331
idx=496 status=201 class=success code=None latency_ms=291.065 reservation_id=384
idx=497 status=201 class=success code=None latency_ms=280.678 reservation_id=431
idx=498 status=201 class=success code=None latency_ms=258.907 reservation_id=485
idx=499 status=201 class=success code=None latency_ms=289.498 reservation_id=536
WROTE <REPO>\benchmark\results\20260814T070350Z-mysql-redis-performance-c50-t500-r1.json
WROTE <REPO>\benchmark\results\20260814T070350Z-mysql-redis-performance-c50-t500-r1.jsonl
