BENCH begin correctness profile=h2-local N=100 round=2
base_url=http://127.0.0.1:18080 python=3.14.0 (tags/v3.14.0:ebf955d, Oct  7 2025, 10:15:03) [MSC v.1944 64 bit (AMD64)] pid=36752
LOGIN student status=200 latency_ms=75.6
LOGIN admin status=200 latency_ms=56.8
CREATE_EQUIPMENT code=BM-C-h2-local-20260814T065946Z-100-R2 status=201 latency_ms=32.3
CORRECTNESS start profile=h2-local N=100 round=2 equipmentId=13 startTime=2026-08-18T08:59:46Z endTime=2026-08-18T09:59:46Z
---- SUMMARY ----
{
  "scenario": "correctness",
  "profile": "h2-local",
  "lock_impl": "LocalReservationLock",
  "base_url": "http://127.0.0.1:18080",
  "concurrency": 100,
  "round": 2,
  "total_planned": 100,
  "total_observed": 100,
  "success_201": 1,
  "conflict_409": 99,
  "failed_other": 0,
  "status_counts": {
    "201": 1,
    "409": 99
  },
  "error_code_counts": {
    "RESERVATION_CONFLICT": 99,
    "HTTP_201": 1
  },
  "wall_seconds": 0.160049,
  "throughput_rps": 624.809824,
  "latency_all": {
    "count": 100,
    "min_ms": 19.624,
    "avg_ms": 84.306,
    "p50_ms": 84.749,
    "p95_ms": 142.953,
    "p99_ms": 151.629,
    "max_ms": 152.007
  },
  "latency_201": {
    "count": 1,
    "min_ms": 22.132,
    "avg_ms": 22.132,
    "p50_ms": 22.132,
    "p95_ms": 22.132,
    "p99_ms": 22.132,
    "max_ms": 22.132
  },
  "latency_409": {
    "count": 99,
    "min_ms": 19.624,
    "avg_ms": 84.934,
    "p50_ms": 85.179,
    "p95_ms": 143.145,
    "p99_ms": 151.633,
    "max_ms": 152.007
  },
  "started_at": "2026-08-14T06:59:46+00:00",
  "equipment_id": 13,
  "equipment_code": "BM-C-h2-local-20260814T065946Z-100-R2",
  "start_time": "2026-08-18T08:59:46Z",
  "end_time": "2026-08-18T09:59:46Z",
  "worker_exceptions": [],
  "threads_still_alive": []
}
---- PER-REQUEST ----
idx=0 status=409 class=conflict code=RESERVATION_CONFLICT latency_ms=77.537 reservation_id=None
idx=1 status=409 class=conflict code=RESERVATION_CONFLICT latency_ms=28.744 reservation_id=None
idx=2 status=409 class=conflict code=RESERVATION_CONFLICT latency_ms=59.609 reservation_id=None
idx=3 status=409 class=conflict code=RESERVATION_CONFLICT latency_ms=151.625 reservation_id=None
idx=4 status=409 class=conflict code=RESERVATION_CONFLICT latency_ms=42.272 reservation_id=None
idx=5 status=409 class=conflict code=RESERVATION_CONFLICT latency_ms=101.943 reservation_id=None
idx=6 status=409 class=conflict code=RESERVATION_CONFLICT latency_ms=62.948 reservation_id=None
idx=7 status=409 class=conflict code=RESERVATION_CONFLICT latency_ms=147.179 reservation_id=None
idx=8 status=201 class=success code=None latency_ms=22.132 reservation_id=9
idx=9 status=409 class=conflict code=RESERVATION_CONFLICT latency_ms=89.018 reservation_id=None
idx=10 status=409 class=conflict code=RESERVATION_CONFLICT latency_ms=25.671 reservation_id=None
idx=11 status=409 class=conflict code=RESERVATION_CONFLICT latency_ms=77.878 reservation_id=None
idx=12 status=409 class=conflict code=RESERVATION_CONFLICT latency_ms=95.081 reservation_id=None
idx=13 status=409 class=conflict code=RESERVATION_CONFLICT latency_ms=65.288 reservation_id=None
idx=14 status=409 class=conflict code=RESERVATION_CONFLICT latency_ms=101.302 reservation_id=None
idx=15 status=409 class=conflict code=RESERVATION_CONFLICT latency_ms=59.709 reservation_id=None
idx=16 status=409 class=conflict code=RESERVATION_CONFLICT latency_ms=47.469 reservation_id=None
idx=17 status=409 class=conflict code=RESERVATION_CONFLICT latency_ms=134.548 reservation_id=None
idx=18 status=409 class=conflict code=RESERVATION_CONFLICT latency_ms=122.311 reservation_id=None
idx=19 status=409 class=conflict code=RESERVATION_CONFLICT latency_ms=134.802 reservation_id=None
idx=20 status=409 class=conflict code=RESERVATION_CONFLICT latency_ms=113.465 reservation_id=None
idx=21 status=409 class=conflict code=RESERVATION_CONFLICT latency_ms=45.895 reservation_id=None
idx=22 status=409 class=conflict code=RESERVATION_CONFLICT latency_ms=96.734 reservation_id=None
idx=23 status=409 class=conflict code=RESERVATION_CONFLICT latency_ms=96.54 reservation_id=None
idx=24 status=409 class=conflict code=RESERVATION_CONFLICT latency_ms=49.885 reservation_id=None
idx=25 status=409 class=conflict code=RESERVATION_CONFLICT latency_ms=122.7 reservation_id=None
idx=26 status=409 class=conflict code=RESERVATION_CONFLICT latency_ms=58.726 reservation_id=None
idx=27 status=409 class=conflict code=RESERVATION_CONFLICT latency_ms=84.318 reservation_id=None
idx=28 status=409 class=conflict code=RESERVATION_CONFLICT latency_ms=85.603 reservation_id=None
idx=29 status=409 class=conflict code=RESERVATION_CONFLICT latency_ms=39.896 reservation_id=None
idx=30 status=409 class=conflict code=RESERVATION_CONFLICT latency_ms=51.313 reservation_id=None
idx=31 status=409 class=conflict code=RESERVATION_CONFLICT latency_ms=137.227 reservation_id=None
idx=32 status=409 class=conflict code=RESERVATION_CONFLICT latency_ms=114.619 reservation_id=None
idx=33 status=409 class=conflict code=RESERVATION_CONFLICT latency_ms=38.781 reservation_id=None
idx=34 status=409 class=conflict code=RESERVATION_CONFLICT latency_ms=119.357 reservation_id=None
idx=35 status=409 class=conflict code=RESERVATION_CONFLICT latency_ms=63.363 reservation_id=None
idx=36 status=409 class=conflict code=RESERVATION_CONFLICT latency_ms=64.317 reservation_id=None
idx=37 status=409 class=conflict code=RESERVATION_CONFLICT latency_ms=29.806 reservation_id=None
idx=38 status=409 class=conflict code=RESERVATION_CONFLICT latency_ms=89.094 reservation_id=None
idx=39 status=409 class=conflict code=RESERVATION_CONFLICT latency_ms=59.968 reservation_id=None
idx=40 status=409 class=conflict code=RESERVATION_CONFLICT latency_ms=72.795 reservation_id=None
idx=41 status=409 class=conflict code=RESERVATION_CONFLICT latency_ms=26.774 reservation_id=None
idx=42 status=409 class=conflict code=RESERVATION_CONFLICT latency_ms=111.945 reservation_id=None
idx=43 status=409 class=conflict code=RESERVATION_CONFLICT latency_ms=135.17 reservation_id=None
idx=44 status=409 class=conflict code=RESERVATION_CONFLICT latency_ms=39.818 reservation_id=None
idx=45 status=409 class=conflict code=RESERVATION_CONFLICT latency_ms=79.769 reservation_id=None
idx=46 status=409 class=conflict code=RESERVATION_CONFLICT latency_ms=141.544 reservation_id=None
idx=47 status=409 class=conflict code=RESERVATION_CONFLICT latency_ms=66.777 reservation_id=None
idx=48 status=409 class=conflict code=RESERVATION_CONFLICT latency_ms=22.18 reservation_id=None
idx=49 status=409 class=conflict code=RESERVATION_CONFLICT latency_ms=100.757 reservation_id=None
idx=50 status=409 class=conflict code=RESERVATION_CONFLICT latency_ms=68.222 reservation_id=None
idx=51 status=409 class=conflict code=RESERVATION_CONFLICT latency_ms=102.687 reservation_id=None
idx=52 status=409 class=conflict code=RESERVATION_CONFLICT latency_ms=116.427 reservation_id=None
idx=53 status=409 class=conflict code=RESERVATION_CONFLICT latency_ms=111.552 reservation_id=None
idx=54 status=409 class=conflict code=RESERVATION_CONFLICT latency_ms=116.411 reservation_id=None
idx=55 status=409 class=conflict code=RESERVATION_CONFLICT latency_ms=116.499 reservation_id=None
idx=56 status=409 class=conflict code=RESERVATION_CONFLICT latency_ms=20.063 reservation_id=None
idx=57 status=409 class=conflict code=RESERVATION_CONFLICT latency_ms=65.08 reservation_id=None
idx=58 status=409 class=conflict code=RESERVATION_CONFLICT latency_ms=93.321 reservation_id=None
idx=59 status=409 class=conflict code=RESERVATION_CONFLICT latency_ms=88.946 reservation_id=None
idx=60 status=409 class=conflict code=RESERVATION_CONFLICT latency_ms=38.343 reservation_id=None
idx=61 status=409 class=conflict code=RESERVATION_CONFLICT latency_ms=20.852 reservation_id=None
idx=62 status=409 class=conflict code=RESERVATION_CONFLICT latency_ms=53.131 reservation_id=None
idx=63 status=409 class=conflict code=RESERVATION_CONFLICT latency_ms=55.391 reservation_id=None
idx=64 status=409 class=conflict code=RESERVATION_CONFLICT latency_ms=104.3 reservation_id=None
idx=65 status=409 class=conflict code=RESERVATION_CONFLICT latency_ms=141.603 reservation_id=None
idx=66 status=409 class=conflict code=RESERVATION_CONFLICT latency_ms=19.624 reservation_id=None
idx=67 status=409 class=conflict code=RESERVATION_CONFLICT latency_ms=111.91 reservation_id=None
idx=68 status=409 class=conflict code=RESERVATION_CONFLICT latency_ms=36.9 reservation_id=None
idx=69 status=409 class=conflict code=RESERVATION_CONFLICT latency_ms=29.01 reservation_id=None
idx=70 status=409 class=conflict code=RESERVATION_CONFLICT latency_ms=146.591 reservation_id=None
idx=71 status=409 class=conflict code=RESERVATION_CONFLICT latency_ms=138.503 reservation_id=None
idx=72 status=409 class=conflict code=RESERVATION_CONFLICT latency_ms=152.007 reservation_id=None
idx=73 status=409 class=conflict code=RESERVATION_CONFLICT latency_ms=54.466 reservation_id=None
idx=74 status=409 class=conflict code=RESERVATION_CONFLICT latency_ms=47.749 reservation_id=None
idx=75 status=409 class=conflict code=RESERVATION_CONFLICT latency_ms=122.763 reservation_id=None
idx=76 status=409 class=conflict code=RESERVATION_CONFLICT latency_ms=75.313 reservation_id=None
idx=77 status=409 class=conflict code=RESERVATION_CONFLICT latency_ms=76.837 reservation_id=None
idx=78 status=409 class=conflict code=RESERVATION_CONFLICT latency_ms=142.166 reservation_id=None
idx=79 status=409 class=conflict code=RESERVATION_CONFLICT latency_ms=142.762 reservation_id=None
idx=80 status=409 class=conflict code=RESERVATION_CONFLICT latency_ms=76.04 reservation_id=None
idx=81 status=409 class=conflict code=RESERVATION_CONFLICT latency_ms=26.903 reservation_id=None
idx=82 status=409 class=conflict code=RESERVATION_CONFLICT latency_ms=23.245 reservation_id=None
idx=83 status=409 class=conflict code=RESERVATION_CONFLICT latency_ms=137.959 reservation_id=None
idx=84 status=409 class=conflict code=RESERVATION_CONFLICT latency_ms=74.321 reservation_id=None
idx=85 status=409 class=conflict code=RESERVATION_CONFLICT latency_ms=122.216 reservation_id=None
idx=86 status=409 class=conflict code=RESERVATION_CONFLICT latency_ms=106.588 reservation_id=None
idx=87 status=409 class=conflict code=RESERVATION_CONFLICT latency_ms=101.628 reservation_id=None
idx=88 status=409 class=conflict code=RESERVATION_CONFLICT latency_ms=76.959 reservation_id=None
idx=89 status=409 class=conflict code=RESERVATION_CONFLICT latency_ms=134.344 reservation_id=None
idx=90 status=409 class=conflict code=RESERVATION_CONFLICT latency_ms=34.725 reservation_id=None
idx=91 status=409 class=conflict code=RESERVATION_CONFLICT latency_ms=85.179 reservation_id=None
idx=92 status=409 class=conflict code=RESERVATION_CONFLICT latency_ms=92.084 reservation_id=None
idx=93 status=409 class=conflict code=RESERVATION_CONFLICT latency_ms=69.07 reservation_id=None
idx=94 status=409 class=conflict code=RESERVATION_CONFLICT latency_ms=129.074 reservation_id=None
idx=95 status=409 class=conflict code=RESERVATION_CONFLICT latency_ms=108.503 reservation_id=None
idx=96 status=409 class=conflict code=RESERVATION_CONFLICT latency_ms=93.671 reservation_id=None
idx=97 status=409 class=conflict code=RESERVATION_CONFLICT latency_ms=45.787 reservation_id=None
idx=98 status=409 class=conflict code=RESERVATION_CONFLICT latency_ms=150.306 reservation_id=None
idx=99 status=409 class=conflict code=RESERVATION_CONFLICT latency_ms=126.368 reservation_id=None
WROTE <REPO>\benchmark\results\20260814T065933Z-h2-local-correctness-n100-r2.json
WROTE <REPO>\benchmark\results\20260814T065933Z-h2-local-correctness-n100-r2.jsonl
