BENCH begin correctness profile=mysql-redis N=200 round=2
base_url=http://127.0.0.1:18080 python=3.14.0 (tags/v3.14.0:ebf955d, Oct  7 2025, 10:15:03) [MSC v.1944 64 bit (AMD64)] pid=42608
LOGIN student status=200 latency_ms=65.7
LOGIN admin status=200 latency_ms=73.7
CREATE_EQUIPMENT code=BM-C-mysql-redis-20260814T070437Z-200-R2 status=201 latency_ms=33.7
CORRECTNESS start profile=mysql-redis N=200 round=2 equipmentId=25 startTime=2026-08-18T09:04:37Z endTime=2026-08-18T10:04:37Z
---- SUMMARY ----
{
  "scenario": "correctness",
  "profile": "mysql-redis",
  "lock_impl": "RedisReservationLock",
  "base_url": "http://127.0.0.1:18080",
  "concurrency": 200,
  "round": 2,
  "total_planned": 200,
  "total_observed": 200,
  "success_201": 1,
  "conflict_409": 199,
  "failed_other": 0,
  "status_counts": {
    "201": 1,
    "409": 199
  },
  "error_code_counts": {
    "RESERVATION_CONFLICT": 190,
    "RESERVATION_LOCK_TIMEOUT": 9,
    "HTTP_201": 1
  },
  "wall_seconds": 2.096479,
  "throughput_rps": 95.398023,
  "latency_all": {
    "count": 200,
    "min_ms": 52.03,
    "avg_ms": 859.741,
    "p50_ms": 794.73,
    "p95_ms": 1992.103,
    "p99_ms": 2040.572,
    "max_ms": 2089.531
  },
  "latency_201": {
    "count": 1,
    "min_ms": 52.03,
    "avg_ms": 52.03,
    "p50_ms": 52.03,
    "p95_ms": 52.03,
    "p99_ms": 52.03,
    "max_ms": 52.03
  },
  "latency_409": {
    "count": 199,
    "min_ms": 71.675,
    "avg_ms": 863.8,
    "p50_ms": 794.958,
    "p95_ms": 1993.968,
    "p99_ms": 2040.63,
    "max_ms": 2089.531
  },
  "started_at": "2026-08-14T07:04:39+00:00",
  "equipment_id": 25,
  "equipment_code": "BM-C-mysql-redis-20260814T070437Z-200-R2",
  "start_time": "2026-08-18T09:04:37Z",
  "end_time": "2026-08-18T10:04:37Z",
  "worker_exceptions": [],
  "threads_still_alive": []
}
---- PER-REQUEST ----
idx=0 status=409 class=conflict code=RESERVATION_CONFLICT latency_ms=437.575 reservation_id=None
idx=1 status=409 class=conflict code=RESERVATION_CONFLICT latency_ms=93.548 reservation_id=None
idx=2 status=409 class=conflict code=RESERVATION_CONFLICT latency_ms=390.447 reservation_id=None
idx=3 status=409 class=conflict code=RESERVATION_CONFLICT latency_ms=739.956 reservation_id=None
idx=4 status=409 class=conflict code=RESERVATION_CONFLICT latency_ms=1067.37 reservation_id=None
idx=5 status=409 class=conflict code=RESERVATION_CONFLICT latency_ms=794.502 reservation_id=None
idx=6 status=409 class=conflict code=RESERVATION_CONFLICT latency_ms=1010.502 reservation_id=None
idx=7 status=409 class=conflict code=RESERVATION_CONFLICT latency_ms=541.466 reservation_id=None
idx=8 status=409 class=conflict code=RESERVATION_CONFLICT latency_ms=702.415 reservation_id=None
idx=9 status=409 class=conflict code=RESERVATION_CONFLICT latency_ms=599.813 reservation_id=None
idx=10 status=409 class=conflict code=RESERVATION_CONFLICT latency_ms=1634.994 reservation_id=None
idx=11 status=409 class=conflict code=RESERVATION_LOCK_TIMEOUT latency_ms=2027.526 reservation_id=None
idx=12 status=409 class=conflict code=RESERVATION_CONFLICT latency_ms=1274.993 reservation_id=None
idx=13 status=409 class=conflict code=RESERVATION_CONFLICT latency_ms=1262.786 reservation_id=None
idx=14 status=409 class=conflict code=RESERVATION_CONFLICT latency_ms=1223.928 reservation_id=None
idx=15 status=409 class=conflict code=RESERVATION_CONFLICT latency_ms=1160.585 reservation_id=None
idx=16 status=409 class=conflict code=RESERVATION_CONFLICT latency_ms=1827.271 reservation_id=None
idx=17 status=409 class=conflict code=RESERVATION_CONFLICT latency_ms=812.241 reservation_id=None
idx=18 status=409 class=conflict code=RESERVATION_CONFLICT latency_ms=1173.942 reservation_id=None
idx=19 status=409 class=conflict code=RESERVATION_CONFLICT latency_ms=700.26 reservation_id=None
idx=20 status=409 class=conflict code=RESERVATION_CONFLICT latency_ms=932.713 reservation_id=None
idx=21 status=201 class=success code=None latency_ms=52.03 reservation_id=37
idx=22 status=409 class=conflict code=RESERVATION_CONFLICT latency_ms=1643.018 reservation_id=None
idx=23 status=409 class=conflict code=RESERVATION_CONFLICT latency_ms=490.985 reservation_id=None
idx=24 status=409 class=conflict code=RESERVATION_CONFLICT latency_ms=746.58 reservation_id=None
idx=25 status=409 class=conflict code=RESERVATION_CONFLICT latency_ms=593.142 reservation_id=None
idx=26 status=409 class=conflict code=RESERVATION_CONFLICT latency_ms=804.949 reservation_id=None
idx=27 status=409 class=conflict code=RESERVATION_CONFLICT latency_ms=342.0 reservation_id=None
idx=28 status=409 class=conflict code=RESERVATION_CONFLICT latency_ms=1219.877 reservation_id=None
idx=29 status=409 class=conflict code=RESERVATION_CONFLICT latency_ms=956.902 reservation_id=None
idx=30 status=409 class=conflict code=RESERVATION_CONFLICT latency_ms=553.534 reservation_id=None
idx=31 status=409 class=conflict code=RESERVATION_CONFLICT latency_ms=1211.278 reservation_id=None
idx=32 status=409 class=conflict code=RESERVATION_CONFLICT latency_ms=1130.19 reservation_id=None
idx=33 status=409 class=conflict code=RESERVATION_CONFLICT latency_ms=132.414 reservation_id=None
idx=34 status=409 class=conflict code=RESERVATION_CONFLICT latency_ms=827.222 reservation_id=None
idx=35 status=409 class=conflict code=RESERVATION_CONFLICT latency_ms=914.016 reservation_id=None
idx=36 status=409 class=conflict code=RESERVATION_CONFLICT latency_ms=1206.672 reservation_id=None
idx=37 status=409 class=conflict code=RESERVATION_CONFLICT latency_ms=1143.599 reservation_id=None
idx=38 status=409 class=conflict code=RESERVATION_CONFLICT latency_ms=650.401 reservation_id=None
idx=39 status=409 class=conflict code=RESERVATION_CONFLICT latency_ms=1069.711 reservation_id=None
idx=40 status=409 class=conflict code=RESERVATION_CONFLICT latency_ms=846.032 reservation_id=None
idx=41 status=409 class=conflict code=RESERVATION_CONFLICT latency_ms=229.277 reservation_id=None
idx=42 status=409 class=conflict code=RESERVATION_CONFLICT latency_ms=872.996 reservation_id=None
idx=43 status=409 class=conflict code=RESERVATION_CONFLICT latency_ms=1255.569 reservation_id=None
idx=44 status=409 class=conflict code=RESERVATION_CONFLICT latency_ms=1257.461 reservation_id=None
idx=45 status=409 class=conflict code=RESERVATION_CONFLICT latency_ms=693.285 reservation_id=None
idx=46 status=409 class=conflict code=RESERVATION_CONFLICT latency_ms=1427.981 reservation_id=None
idx=47 status=409 class=conflict code=RESERVATION_CONFLICT latency_ms=433.988 reservation_id=None
idx=48 status=409 class=conflict code=RESERVATION_CONFLICT latency_ms=804.432 reservation_id=None
idx=49 status=409 class=conflict code=RESERVATION_CONFLICT latency_ms=1181.139 reservation_id=None
idx=50 status=409 class=conflict code=RESERVATION_CONFLICT latency_ms=305.846 reservation_id=None
idx=51 status=409 class=conflict code=RESERVATION_CONFLICT latency_ms=1109.214 reservation_id=None
idx=52 status=409 class=conflict code=RESERVATION_CONFLICT latency_ms=435.85 reservation_id=None
idx=53 status=409 class=conflict code=RESERVATION_CONFLICT latency_ms=129.78 reservation_id=None
idx=54 status=409 class=conflict code=RESERVATION_CONFLICT latency_ms=384.888 reservation_id=None
idx=55 status=409 class=conflict code=RESERVATION_CONFLICT latency_ms=1410.789 reservation_id=None
idx=56 status=409 class=conflict code=RESERVATION_CONFLICT latency_ms=255.664 reservation_id=None
idx=57 status=409 class=conflict code=RESERVATION_CONFLICT latency_ms=2046.244 reservation_id=None
idx=58 status=409 class=conflict code=RESERVATION_CONFLICT latency_ms=492.577 reservation_id=None
idx=59 status=409 class=conflict code=RESERVATION_CONFLICT latency_ms=1364.826 reservation_id=None
idx=60 status=409 class=conflict code=RESERVATION_CONFLICT latency_ms=1224.807 reservation_id=None
idx=61 status=409 class=conflict code=RESERVATION_CONFLICT latency_ms=1308.02 reservation_id=None
idx=62 status=409 class=conflict code=RESERVATION_CONFLICT latency_ms=1591.022 reservation_id=None
idx=63 status=409 class=conflict code=RESERVATION_CONFLICT latency_ms=304.935 reservation_id=None
idx=64 status=409 class=conflict code=RESERVATION_CONFLICT latency_ms=1370.849 reservation_id=None
idx=65 status=409 class=conflict code=RESERVATION_CONFLICT latency_ms=1325.424 reservation_id=None
idx=66 status=409 class=conflict code=RESERVATION_CONFLICT latency_ms=333.12 reservation_id=None
idx=67 status=409 class=conflict code=RESERVATION_CONFLICT latency_ms=1427.707 reservation_id=None
idx=68 status=409 class=conflict code=RESERVATION_CONFLICT latency_ms=695.053 reservation_id=None
idx=69 status=409 class=conflict code=RESERVATION_CONFLICT latency_ms=82.151 reservation_id=None
idx=70 status=409 class=conflict code=RESERVATION_CONFLICT latency_ms=389.068 reservation_id=None
idx=71 status=409 class=conflict code=RESERVATION_CONFLICT latency_ms=177.26 reservation_id=None
idx=72 status=409 class=conflict code=RESERVATION_CONFLICT latency_ms=768.793 reservation_id=None
idx=73 status=409 class=conflict code=RESERVATION_CONFLICT latency_ms=854.475 reservation_id=None
idx=74 status=409 class=conflict code=RESERVATION_CONFLICT latency_ms=1119.139 reservation_id=None
idx=75 status=409 class=conflict code=RESERVATION_CONFLICT latency_ms=901.016 reservation_id=None
idx=76 status=409 class=conflict code=RESERVATION_CONFLICT latency_ms=196.384 reservation_id=None
idx=77 status=409 class=conflict code=RESERVATION_CONFLICT latency_ms=281.538 reservation_id=None
idx=78 status=409 class=conflict code=RESERVATION_CONFLICT latency_ms=1099.747 reservation_id=None
idx=79 status=409 class=conflict code=RESERVATION_CONFLICT latency_ms=1478.059 reservation_id=None
idx=80 status=409 class=conflict code=RESERVATION_LOCK_TIMEOUT latency_ms=2034.428 reservation_id=None
idx=81 status=409 class=conflict code=RESERVATION_CONFLICT latency_ms=393.106 reservation_id=None
idx=82 status=409 class=conflict code=RESERVATION_CONFLICT latency_ms=1068.514 reservation_id=None
idx=83 status=409 class=conflict code=RESERVATION_CONFLICT latency_ms=181.4 reservation_id=None
idx=84 status=409 class=conflict code=RESERVATION_CONFLICT latency_ms=753.856 reservation_id=None
idx=85 status=409 class=conflict code=RESERVATION_CONFLICT latency_ms=1313.322 reservation_id=None
idx=86 status=409 class=conflict code=RESERVATION_CONFLICT latency_ms=237.576 reservation_id=None
idx=87 status=409 class=conflict code=RESERVATION_CONFLICT latency_ms=1269.648 reservation_id=None
idx=88 status=409 class=conflict code=RESERVATION_CONFLICT latency_ms=696.174 reservation_id=None
idx=89 status=409 class=conflict code=RESERVATION_CONFLICT latency_ms=145.018 reservation_id=None
idx=90 status=409 class=conflict code=RESERVATION_CONFLICT latency_ms=461.388 reservation_id=None
idx=91 status=409 class=conflict code=RESERVATION_CONFLICT latency_ms=249.738 reservation_id=None
idx=92 status=409 class=conflict code=RESERVATION_CONFLICT latency_ms=494.062 reservation_id=None
idx=93 status=409 class=conflict code=RESERVATION_LOCK_TIMEOUT latency_ms=2034.089 reservation_id=None
idx=94 status=409 class=conflict code=RESERVATION_CONFLICT latency_ms=947.078 reservation_id=None
idx=95 status=409 class=conflict code=RESERVATION_CONFLICT latency_ms=540.57 reservation_id=None
idx=96 status=409 class=conflict code=RESERVATION_CONFLICT latency_ms=1357.772 reservation_id=None
idx=97 status=409 class=conflict code=RESERVATION_CONFLICT latency_ms=992.349 reservation_id=None
idx=98 status=409 class=conflict code=RESERVATION_LOCK_TIMEOUT latency_ms=2039.768 reservation_id=None
idx=99 status=409 class=conflict code=RESERVATION_CONFLICT latency_ms=646.431 reservation_id=None
idx=100 status=409 class=conflict code=RESERVATION_CONFLICT latency_ms=174.854 reservation_id=None
idx=101 status=409 class=conflict code=RESERVATION_CONFLICT latency_ms=660.694 reservation_id=None
idx=102 status=409 class=conflict code=RESERVATION_CONFLICT latency_ms=483.808 reservation_id=None
idx=103 status=409 class=conflict code=RESERVATION_CONFLICT latency_ms=246.934 reservation_id=None
idx=104 status=409 class=conflict code=RESERVATION_CONFLICT latency_ms=133.442 reservation_id=None
idx=105 status=409 class=conflict code=RESERVATION_CONFLICT latency_ms=546.822 reservation_id=None
idx=106 status=409 class=conflict code=RESERVATION_CONFLICT latency_ms=614.417 reservation_id=None
idx=107 status=409 class=conflict code=RESERVATION_CONFLICT latency_ms=1510.858 reservation_id=None
idx=108 status=409 class=conflict code=RESERVATION_CONFLICT latency_ms=643.772 reservation_id=None
idx=109 status=409 class=conflict code=RESERVATION_CONFLICT latency_ms=1529.402 reservation_id=None
idx=110 status=409 class=conflict code=RESERVATION_CONFLICT latency_ms=449.944 reservation_id=None
idx=111 status=409 class=conflict code=RESERVATION_LOCK_TIMEOUT latency_ms=2040.382 reservation_id=None
idx=112 status=409 class=conflict code=RESERVATION_CONFLICT latency_ms=71.675 reservation_id=None
idx=113 status=409 class=conflict code=RESERVATION_CONFLICT latency_ms=985.485 reservation_id=None
idx=114 status=409 class=conflict code=RESERVATION_LOCK_TIMEOUT latency_ms=2040.515 reservation_id=None
idx=115 status=409 class=conflict code=RESERVATION_CONFLICT latency_ms=440.529 reservation_id=None
idx=116 status=409 class=conflict code=RESERVATION_CONFLICT latency_ms=794.958 reservation_id=None
idx=117 status=409 class=conflict code=RESERVATION_CONFLICT latency_ms=564.913 reservation_id=None
idx=118 status=409 class=conflict code=RESERVATION_CONFLICT latency_ms=1046.988 reservation_id=None
idx=119 status=409 class=conflict code=RESERVATION_CONFLICT latency_ms=1008.328 reservation_id=None
idx=120 status=409 class=conflict code=RESERVATION_LOCK_TIMEOUT latency_ms=2039.798 reservation_id=None
idx=121 status=409 class=conflict code=RESERVATION_CONFLICT latency_ms=528.374 reservation_id=None
idx=122 status=409 class=conflict code=RESERVATION_CONFLICT latency_ms=1567.658 reservation_id=None
idx=123 status=409 class=conflict code=RESERVATION_CONFLICT latency_ms=1297.262 reservation_id=None
idx=124 status=409 class=conflict code=RESERVATION_LOCK_TIMEOUT latency_ms=2089.531 reservation_id=None
idx=125 status=409 class=conflict code=RESERVATION_CONFLICT latency_ms=838.09 reservation_id=None
idx=126 status=409 class=conflict code=RESERVATION_CONFLICT latency_ms=955.181 reservation_id=None
idx=127 status=409 class=conflict code=RESERVATION_CONFLICT latency_ms=1887.858 reservation_id=None
idx=128 status=409 class=conflict code=RESERVATION_CONFLICT latency_ms=1785.282 reservation_id=None
idx=129 status=409 class=conflict code=RESERVATION_CONFLICT latency_ms=1165.745 reservation_id=None
idx=130 status=409 class=conflict code=RESERVATION_CONFLICT latency_ms=810.246 reservation_id=None
idx=131 status=409 class=conflict code=RESERVATION_CONFLICT latency_ms=1465.47 reservation_id=None
idx=132 status=409 class=conflict code=RESERVATION_CONFLICT latency_ms=600.237 reservation_id=None
idx=133 status=409 class=conflict code=RESERVATION_CONFLICT latency_ms=663.893 reservation_id=None
idx=134 status=409 class=conflict code=RESERVATION_CONFLICT latency_ms=1373.69 reservation_id=None
idx=135 status=409 class=conflict code=RESERVATION_CONFLICT latency_ms=909.811 reservation_id=None
idx=136 status=409 class=conflict code=RESERVATION_CONFLICT latency_ms=1317.42 reservation_id=None
idx=137 status=409 class=conflict code=RESERVATION_CONFLICT latency_ms=894.959 reservation_id=None
idx=138 status=409 class=conflict code=RESERVATION_CONFLICT latency_ms=395.929 reservation_id=None
idx=139 status=409 class=conflict code=RESERVATION_CONFLICT latency_ms=499.324 reservation_id=None
idx=140 status=409 class=conflict code=RESERVATION_CONFLICT latency_ms=192.697 reservation_id=None
idx=141 status=409 class=conflict code=RESERVATION_CONFLICT latency_ms=737.006 reservation_id=None
idx=142 status=409 class=conflict code=RESERVATION_CONFLICT latency_ms=635.716 reservation_id=None
idx=143 status=409 class=conflict code=RESERVATION_CONFLICT latency_ms=1617.531 reservation_id=None
idx=144 status=409 class=conflict code=RESERVATION_CONFLICT latency_ms=282.29 reservation_id=None
idx=145 status=409 class=conflict code=RESERVATION_CONFLICT latency_ms=96.237 reservation_id=None
idx=146 status=409 class=conflict code=RESERVATION_CONFLICT latency_ms=1482.168 reservation_id=None
idx=147 status=409 class=conflict code=RESERVATION_CONFLICT latency_ms=692.162 reservation_id=None
idx=148 status=409 class=conflict code=RESERVATION_CONFLICT latency_ms=337.623 reservation_id=None
idx=149 status=409 class=conflict code=RESERVATION_CONFLICT latency_ms=1536.174 reservation_id=None
idx=150 status=409 class=conflict code=RESERVATION_CONFLICT latency_ms=327.773 reservation_id=None
idx=151 status=409 class=conflict code=RESERVATION_CONFLICT latency_ms=515.392 reservation_id=None
idx=152 status=409 class=conflict code=RESERVATION_CONFLICT latency_ms=339.074 reservation_id=None
idx=153 status=409 class=conflict code=RESERVATION_CONFLICT latency_ms=1380.535 reservation_id=None
idx=154 status=409 class=conflict code=RESERVATION_CONFLICT latency_ms=241.286 reservation_id=None
idx=155 status=409 class=conflict code=RESERVATION_CONFLICT latency_ms=496.342 reservation_id=None
idx=156 status=409 class=conflict code=RESERVATION_CONFLICT latency_ms=380.115 reservation_id=None
idx=157 status=409 class=conflict code=RESERVATION_LOCK_TIMEOUT latency_ms=2028.902 reservation_id=None
idx=158 status=409 class=conflict code=RESERVATION_CONFLICT latency_ms=488.136 reservation_id=None
idx=159 status=409 class=conflict code=RESERVATION_CONFLICT latency_ms=74.404 reservation_id=None
idx=160 status=409 class=conflict code=RESERVATION_CONFLICT latency_ms=86.637 reservation_id=None
idx=161 status=409 class=conflict code=RESERVATION_CONFLICT latency_ms=1990.239 reservation_id=None
idx=162 status=409 class=conflict code=RESERVATION_CONFLICT latency_ms=1009.994 reservation_id=None
idx=163 status=409 class=conflict code=RESERVATION_CONFLICT latency_ms=1045.218 reservation_id=None
idx=164 status=409 class=conflict code=RESERVATION_CONFLICT latency_ms=436.152 reservation_id=None
idx=165 status=409 class=conflict code=RESERVATION_CONFLICT latency_ms=130.266 reservation_id=None
idx=166 status=409 class=conflict code=RESERVATION_CONFLICT latency_ms=685.105 reservation_id=None
idx=167 status=409 class=conflict code=RESERVATION_CONFLICT latency_ms=343.308 reservation_id=None
idx=168 status=409 class=conflict code=RESERVATION_CONFLICT latency_ms=1521.768 reservation_id=None
idx=169 status=409 class=conflict code=RESERVATION_CONFLICT latency_ms=1938.021 reservation_id=None
idx=170 status=409 class=conflict code=RESERVATION_CONFLICT latency_ms=1069.186 reservation_id=None
idx=171 status=409 class=conflict code=RESERVATION_CONFLICT latency_ms=556.671 reservation_id=None
idx=172 status=409 class=conflict code=RESERVATION_CONFLICT latency_ms=229.53 reservation_id=None
idx=173 status=409 class=conflict code=RESERVATION_CONFLICT latency_ms=1667.697 reservation_id=None
idx=174 status=409 class=conflict code=RESERVATION_CONFLICT latency_ms=654.273 reservation_id=None
idx=175 status=409 class=conflict code=RESERVATION_CONFLICT latency_ms=1042.368 reservation_id=None
idx=176 status=409 class=conflict code=RESERVATION_CONFLICT latency_ms=945.566 reservation_id=None
idx=177 status=409 class=conflict code=RESERVATION_CONFLICT latency_ms=751.405 reservation_id=None
idx=178 status=409 class=conflict code=RESERVATION_CONFLICT latency_ms=281.037 reservation_id=None
idx=179 status=409 class=conflict code=RESERVATION_CONFLICT latency_ms=296.757 reservation_id=None
idx=180 status=409 class=conflict code=RESERVATION_CONFLICT latency_ms=350.89 reservation_id=None
idx=181 status=409 class=conflict code=RESERVATION_CONFLICT latency_ms=120.012 reservation_id=None
idx=182 status=409 class=conflict code=RESERVATION_CONFLICT latency_ms=1407.178 reservation_id=None
idx=183 status=409 class=conflict code=RESERVATION_CONFLICT latency_ms=1576.32 reservation_id=None
idx=184 status=409 class=conflict code=RESERVATION_CONFLICT latency_ms=854.616 reservation_id=None
idx=185 status=409 class=conflict code=RESERVATION_CONFLICT latency_ms=134.44 reservation_id=None
idx=186 status=409 class=conflict code=RESERVATION_CONFLICT latency_ms=953.592 reservation_id=None
idx=187 status=409 class=conflict code=RESERVATION_CONFLICT latency_ms=1097.69 reservation_id=None
idx=188 status=409 class=conflict code=RESERVATION_CONFLICT latency_ms=1730.183 reservation_id=None
idx=189 status=409 class=conflict code=RESERVATION_CONFLICT latency_ms=286.745 reservation_id=None
idx=190 status=409 class=conflict code=RESERVATION_CONFLICT latency_ms=755.931 reservation_id=None
idx=191 status=409 class=conflict code=RESERVATION_CONFLICT latency_ms=1205.177 reservation_id=None
idx=192 status=409 class=conflict code=RESERVATION_CONFLICT latency_ms=599.776 reservation_id=None
idx=193 status=409 class=conflict code=RESERVATION_CONFLICT latency_ms=1022.618 reservation_id=None
idx=194 status=409 class=conflict code=RESERVATION_CONFLICT latency_ms=89.814 reservation_id=None
idx=195 status=409 class=conflict code=RESERVATION_CONFLICT latency_ms=392.619 reservation_id=None
idx=196 status=409 class=conflict code=RESERVATION_CONFLICT latency_ms=185.482 reservation_id=None
idx=197 status=409 class=conflict code=RESERVATION_CONFLICT latency_ms=72.675 reservation_id=None
idx=198 status=409 class=conflict code=RESERVATION_CONFLICT latency_ms=1018.726 reservation_id=None
idx=199 status=409 class=conflict code=RESERVATION_CONFLICT latency_ms=636.394 reservation_id=None
WROTE <REPO>\benchmark\results\20260814T070350Z-mysql-redis-correctness-n200-r2.json
WROTE <REPO>\benchmark\results\20260814T070350Z-mysql-redis-correctness-n200-r2.jsonl
