BENCH begin correctness profile=h2-local N=200 round=1
base_url=http://127.0.0.1:18080 python=3.14.0 (tags/v3.14.0:ebf955d, Oct  7 2025, 10:15:03) [MSC v.1944 64 bit (AMD64)] pid=41196
LOGIN student status=200 latency_ms=79.1
LOGIN admin status=200 latency_ms=80.1
CREATE_EQUIPMENT code=BM-C-h2-local-20260814T065948Z-200-R1 status=201 latency_ms=28.9
CORRECTNESS start profile=h2-local N=200 round=1 equipmentId=15 startTime=2026-08-18T07:59:48Z endTime=2026-08-18T08:59:48Z
---- SUMMARY ----
{
  "scenario": "correctness",
  "profile": "h2-local",
  "lock_impl": "LocalReservationLock",
  "base_url": "http://127.0.0.1:18080",
  "concurrency": 200,
  "round": 1,
  "total_planned": 200,
  "total_observed": 200,
  "success_201": 1,
  "conflict_409": 199,
  "failed_other": 0,
  "status_counts": {
    "201": 1,
    "409": 199
  },
  "error_code_counts": {
    "RESERVATION_CONFLICT": 199,
    "HTTP_201": 1
  },
  "wall_seconds": 0.263586,
  "throughput_rps": 758.767079,
  "latency_all": {
    "count": 200,
    "min_ms": 16.586,
    "avg_ms": 143.965,
    "p50_ms": 140.923,
    "p95_ms": 243.779,
    "p99_ms": 248.048,
    "max_ms": 255.253
  },
  "latency_201": {
    "count": 1,
    "min_ms": 31.191,
    "avg_ms": 31.191,
    "p50_ms": 31.191,
    "p95_ms": 31.191,
    "p99_ms": 31.191,
    "max_ms": 31.191
  },
  "latency_409": {
    "count": 199,
    "min_ms": 16.586,
    "avg_ms": 144.532,
    "p50_ms": 141.109,
    "p95_ms": 243.794,
    "p99_ms": 248.055,
    "max_ms": 255.253
  },
  "started_at": "2026-08-14T06:59:48+00:00",
  "equipment_id": 15,
  "equipment_code": "BM-C-h2-local-20260814T065948Z-200-R1",
  "start_time": "2026-08-18T07:59:48Z",
  "end_time": "2026-08-18T08:59:48Z",
  "worker_exceptions": [],
  "threads_still_alive": []
}
---- PER-REQUEST ----
idx=0 status=409 class=conflict code=RESERVATION_CONFLICT latency_ms=180.52 reservation_id=None
idx=1 status=409 class=conflict code=RESERVATION_CONFLICT latency_ms=91.413 reservation_id=None
idx=2 status=409 class=conflict code=RESERVATION_CONFLICT latency_ms=200.512 reservation_id=None
idx=3 status=409 class=conflict code=RESERVATION_CONFLICT latency_ms=117.085 reservation_id=None
idx=4 status=409 class=conflict code=RESERVATION_CONFLICT latency_ms=139.803 reservation_id=None
idx=5 status=409 class=conflict code=RESERVATION_CONFLICT latency_ms=244.583 reservation_id=None
idx=6 status=409 class=conflict code=RESERVATION_CONFLICT latency_ms=111.52 reservation_id=None
idx=7 status=409 class=conflict code=RESERVATION_CONFLICT latency_ms=124.462 reservation_id=None
idx=8 status=409 class=conflict code=RESERVATION_CONFLICT latency_ms=216.474 reservation_id=None
idx=9 status=409 class=conflict code=RESERVATION_CONFLICT latency_ms=242.59 reservation_id=None
idx=10 status=409 class=conflict code=RESERVATION_CONFLICT latency_ms=64.613 reservation_id=None
idx=11 status=409 class=conflict code=RESERVATION_CONFLICT latency_ms=94.539 reservation_id=None
idx=12 status=409 class=conflict code=RESERVATION_CONFLICT latency_ms=255.253 reservation_id=None
idx=13 status=409 class=conflict code=RESERVATION_CONFLICT latency_ms=126.36 reservation_id=None
idx=14 status=409 class=conflict code=RESERVATION_CONFLICT latency_ms=137.22 reservation_id=None
idx=15 status=409 class=conflict code=RESERVATION_CONFLICT latency_ms=245.08 reservation_id=None
idx=16 status=409 class=conflict code=RESERVATION_CONFLICT latency_ms=51.454 reservation_id=None
idx=17 status=409 class=conflict code=RESERVATION_CONFLICT latency_ms=139.696 reservation_id=None
idx=18 status=409 class=conflict code=RESERVATION_CONFLICT latency_ms=65.783 reservation_id=None
idx=19 status=409 class=conflict code=RESERVATION_CONFLICT latency_ms=231.636 reservation_id=None
idx=20 status=409 class=conflict code=RESERVATION_CONFLICT latency_ms=162.419 reservation_id=None
idx=21 status=409 class=conflict code=RESERVATION_CONFLICT latency_ms=83.562 reservation_id=None
idx=22 status=409 class=conflict code=RESERVATION_CONFLICT latency_ms=114.173 reservation_id=None
idx=23 status=409 class=conflict code=RESERVATION_CONFLICT latency_ms=245.536 reservation_id=None
idx=24 status=409 class=conflict code=RESERVATION_CONFLICT latency_ms=133.974 reservation_id=None
idx=25 status=409 class=conflict code=RESERVATION_CONFLICT latency_ms=202.324 reservation_id=None
idx=26 status=409 class=conflict code=RESERVATION_CONFLICT latency_ms=62.527 reservation_id=None
idx=27 status=409 class=conflict code=RESERVATION_CONFLICT latency_ms=39.395 reservation_id=None
idx=28 status=409 class=conflict code=RESERVATION_CONFLICT latency_ms=97.442 reservation_id=None
idx=29 status=409 class=conflict code=RESERVATION_CONFLICT latency_ms=72.648 reservation_id=None
idx=30 status=409 class=conflict code=RESERVATION_CONFLICT latency_ms=46.509 reservation_id=None
idx=31 status=409 class=conflict code=RESERVATION_CONFLICT latency_ms=178.904 reservation_id=None
idx=32 status=409 class=conflict code=RESERVATION_CONFLICT latency_ms=65.923 reservation_id=None
idx=33 status=409 class=conflict code=RESERVATION_CONFLICT latency_ms=144.444 reservation_id=None
idx=34 status=409 class=conflict code=RESERVATION_CONFLICT latency_ms=220.919 reservation_id=None
idx=35 status=409 class=conflict code=RESERVATION_CONFLICT latency_ms=205.291 reservation_id=None
idx=36 status=409 class=conflict code=RESERVATION_CONFLICT latency_ms=59.165 reservation_id=None
idx=37 status=409 class=conflict code=RESERVATION_CONFLICT latency_ms=243.765 reservation_id=None
idx=38 status=409 class=conflict code=RESERVATION_CONFLICT latency_ms=97.902 reservation_id=None
idx=39 status=409 class=conflict code=RESERVATION_CONFLICT latency_ms=180.522 reservation_id=None
idx=40 status=409 class=conflict code=RESERVATION_CONFLICT latency_ms=141.572 reservation_id=None
idx=41 status=409 class=conflict code=RESERVATION_CONFLICT latency_ms=91.07 reservation_id=None
idx=42 status=409 class=conflict code=RESERVATION_CONFLICT latency_ms=105.716 reservation_id=None
idx=43 status=409 class=conflict code=RESERVATION_CONFLICT latency_ms=96.127 reservation_id=None
idx=44 status=409 class=conflict code=RESERVATION_CONFLICT latency_ms=181.734 reservation_id=None
idx=45 status=409 class=conflict code=RESERVATION_CONFLICT latency_ms=156.806 reservation_id=None
idx=46 status=409 class=conflict code=RESERVATION_CONFLICT latency_ms=244.262 reservation_id=None
idx=47 status=409 class=conflict code=RESERVATION_CONFLICT latency_ms=142.229 reservation_id=None
idx=48 status=409 class=conflict code=RESERVATION_CONFLICT latency_ms=51.323 reservation_id=None
idx=49 status=409 class=conflict code=RESERVATION_CONFLICT latency_ms=40.509 reservation_id=None
idx=50 status=409 class=conflict code=RESERVATION_CONFLICT latency_ms=227.156 reservation_id=None
idx=51 status=409 class=conflict code=RESERVATION_CONFLICT latency_ms=51.302 reservation_id=None
idx=52 status=409 class=conflict code=RESERVATION_CONFLICT latency_ms=205.809 reservation_id=None
idx=53 status=409 class=conflict code=RESERVATION_CONFLICT latency_ms=149.823 reservation_id=None
idx=54 status=409 class=conflict code=RESERVATION_CONFLICT latency_ms=130.327 reservation_id=None
idx=55 status=409 class=conflict code=RESERVATION_CONFLICT latency_ms=121.39 reservation_id=None
idx=56 status=409 class=conflict code=RESERVATION_CONFLICT latency_ms=69.984 reservation_id=None
idx=57 status=409 class=conflict code=RESERVATION_CONFLICT latency_ms=115.501 reservation_id=None
idx=58 status=409 class=conflict code=RESERVATION_CONFLICT latency_ms=146.701 reservation_id=None
idx=59 status=409 class=conflict code=RESERVATION_CONFLICT latency_ms=226.209 reservation_id=None
idx=60 status=409 class=conflict code=RESERVATION_CONFLICT latency_ms=185.27 reservation_id=None
idx=61 status=409 class=conflict code=RESERVATION_CONFLICT latency_ms=147.62 reservation_id=None
idx=62 status=409 class=conflict code=RESERVATION_CONFLICT latency_ms=103.478 reservation_id=None
idx=63 status=409 class=conflict code=RESERVATION_CONFLICT latency_ms=230.342 reservation_id=None
idx=64 status=409 class=conflict code=RESERVATION_CONFLICT latency_ms=194.491 reservation_id=None
idx=65 status=409 class=conflict code=RESERVATION_CONFLICT latency_ms=223.965 reservation_id=None
idx=66 status=409 class=conflict code=RESERVATION_CONFLICT latency_ms=169.427 reservation_id=None
idx=67 status=409 class=conflict code=RESERVATION_CONFLICT latency_ms=208.793 reservation_id=None
idx=68 status=409 class=conflict code=RESERVATION_CONFLICT latency_ms=202.213 reservation_id=None
idx=69 status=409 class=conflict code=RESERVATION_CONFLICT latency_ms=124.118 reservation_id=None
idx=70 status=409 class=conflict code=RESERVATION_CONFLICT latency_ms=57.488 reservation_id=None
idx=71 status=409 class=conflict code=RESERVATION_CONFLICT latency_ms=57.469 reservation_id=None
idx=72 status=409 class=conflict code=RESERVATION_CONFLICT latency_ms=82.086 reservation_id=None
idx=73 status=409 class=conflict code=RESERVATION_CONFLICT latency_ms=225.663 reservation_id=None
idx=74 status=409 class=conflict code=RESERVATION_CONFLICT latency_ms=159.388 reservation_id=None
idx=75 status=409 class=conflict code=RESERVATION_CONFLICT latency_ms=245.741 reservation_id=None
idx=76 status=409 class=conflict code=RESERVATION_CONFLICT latency_ms=59.355 reservation_id=None
idx=77 status=409 class=conflict code=RESERVATION_CONFLICT latency_ms=223.103 reservation_id=None
idx=78 status=409 class=conflict code=RESERVATION_CONFLICT latency_ms=223.91 reservation_id=None
idx=79 status=409 class=conflict code=RESERVATION_CONFLICT latency_ms=115.072 reservation_id=None
idx=80 status=409 class=conflict code=RESERVATION_CONFLICT latency_ms=90.121 reservation_id=None
idx=81 status=409 class=conflict code=RESERVATION_CONFLICT latency_ms=116.838 reservation_id=None
idx=82 status=409 class=conflict code=RESERVATION_CONFLICT latency_ms=64.502 reservation_id=None
idx=83 status=409 class=conflict code=RESERVATION_CONFLICT latency_ms=219.265 reservation_id=None
idx=84 status=409 class=conflict code=RESERVATION_CONFLICT latency_ms=108.627 reservation_id=None
idx=85 status=409 class=conflict code=RESERVATION_CONFLICT latency_ms=90.897 reservation_id=None
idx=86 status=409 class=conflict code=RESERVATION_CONFLICT latency_ms=92.312 reservation_id=None
idx=87 status=409 class=conflict code=RESERVATION_CONFLICT latency_ms=66.945 reservation_id=None
idx=88 status=409 class=conflict code=RESERVATION_CONFLICT latency_ms=174.504 reservation_id=None
idx=89 status=409 class=conflict code=RESERVATION_CONFLICT latency_ms=106.461 reservation_id=None
idx=90 status=409 class=conflict code=RESERVATION_CONFLICT latency_ms=105.111 reservation_id=None
idx=91 status=409 class=conflict code=RESERVATION_CONFLICT latency_ms=56.055 reservation_id=None
idx=92 status=409 class=conflict code=RESERVATION_CONFLICT latency_ms=127.055 reservation_id=None
idx=93 status=409 class=conflict code=RESERVATION_CONFLICT latency_ms=111.751 reservation_id=None
idx=94 status=409 class=conflict code=RESERVATION_CONFLICT latency_ms=140.651 reservation_id=None
idx=95 status=409 class=conflict code=RESERVATION_CONFLICT latency_ms=154.979 reservation_id=None
idx=96 status=409 class=conflict code=RESERVATION_CONFLICT latency_ms=151.903 reservation_id=None
idx=97 status=409 class=conflict code=RESERVATION_CONFLICT latency_ms=155.902 reservation_id=None
idx=98 status=409 class=conflict code=RESERVATION_CONFLICT latency_ms=236.037 reservation_id=None
idx=99 status=409 class=conflict code=RESERVATION_CONFLICT latency_ms=132.13 reservation_id=None
idx=100 status=409 class=conflict code=RESERVATION_CONFLICT latency_ms=230.525 reservation_id=None
idx=101 status=409 class=conflict code=RESERVATION_CONFLICT latency_ms=139.285 reservation_id=None
idx=102 status=409 class=conflict code=RESERVATION_CONFLICT latency_ms=194.384 reservation_id=None
idx=103 status=409 class=conflict code=RESERVATION_CONFLICT latency_ms=140.736 reservation_id=None
idx=104 status=409 class=conflict code=RESERVATION_CONFLICT latency_ms=228.402 reservation_id=None
idx=105 status=409 class=conflict code=RESERVATION_CONFLICT latency_ms=53.266 reservation_id=None
idx=106 status=409 class=conflict code=RESERVATION_CONFLICT latency_ms=118.543 reservation_id=None
idx=107 status=409 class=conflict code=RESERVATION_CONFLICT latency_ms=126.19 reservation_id=None
idx=108 status=409 class=conflict code=RESERVATION_CONFLICT latency_ms=219.471 reservation_id=None
idx=109 status=409 class=conflict code=RESERVATION_CONFLICT latency_ms=204.204 reservation_id=None
idx=110 status=409 class=conflict code=RESERVATION_CONFLICT latency_ms=188.631 reservation_id=None
idx=111 status=409 class=conflict code=RESERVATION_CONFLICT latency_ms=50.456 reservation_id=None
idx=112 status=409 class=conflict code=RESERVATION_CONFLICT latency_ms=119.388 reservation_id=None
idx=113 status=201 class=success code=None latency_ms=31.191 reservation_id=11
idx=114 status=409 class=conflict code=RESERVATION_CONFLICT latency_ms=192.633 reservation_id=None
idx=115 status=409 class=conflict code=RESERVATION_CONFLICT latency_ms=183.486 reservation_id=None
idx=116 status=409 class=conflict code=RESERVATION_CONFLICT latency_ms=35.023 reservation_id=None
idx=117 status=409 class=conflict code=RESERVATION_CONFLICT latency_ms=142.044 reservation_id=None
idx=118 status=409 class=conflict code=RESERVATION_CONFLICT latency_ms=219.984 reservation_id=None
idx=119 status=409 class=conflict code=RESERVATION_CONFLICT latency_ms=56.493 reservation_id=None
idx=120 status=409 class=conflict code=RESERVATION_CONFLICT latency_ms=205.988 reservation_id=None
idx=121 status=409 class=conflict code=RESERVATION_CONFLICT latency_ms=221.856 reservation_id=None
idx=122 status=409 class=conflict code=RESERVATION_CONFLICT latency_ms=64.356 reservation_id=None
idx=123 status=409 class=conflict code=RESERVATION_CONFLICT latency_ms=59.377 reservation_id=None
idx=124 status=409 class=conflict code=RESERVATION_CONFLICT latency_ms=90.488 reservation_id=None
idx=125 status=409 class=conflict code=RESERVATION_CONFLICT latency_ms=209.727 reservation_id=None
idx=126 status=409 class=conflict code=RESERVATION_CONFLICT latency_ms=155.062 reservation_id=None
idx=127 status=409 class=conflict code=RESERVATION_CONFLICT latency_ms=112.194 reservation_id=None
idx=128 status=409 class=conflict code=RESERVATION_CONFLICT latency_ms=67.493 reservation_id=None
idx=129 status=409 class=conflict code=RESERVATION_CONFLICT latency_ms=248.041 reservation_id=None
idx=130 status=409 class=conflict code=RESERVATION_CONFLICT latency_ms=166.022 reservation_id=None
idx=131 status=409 class=conflict code=RESERVATION_CONFLICT latency_ms=221.107 reservation_id=None
idx=132 status=409 class=conflict code=RESERVATION_CONFLICT latency_ms=120.842 reservation_id=None
idx=133 status=409 class=conflict code=RESERVATION_CONFLICT latency_ms=91.606 reservation_id=None
idx=134 status=409 class=conflict code=RESERVATION_CONFLICT latency_ms=84.111 reservation_id=None
idx=135 status=409 class=conflict code=RESERVATION_CONFLICT latency_ms=227.912 reservation_id=None
idx=136 status=409 class=conflict code=RESERVATION_CONFLICT latency_ms=202.316 reservation_id=None
idx=137 status=409 class=conflict code=RESERVATION_CONFLICT latency_ms=107.759 reservation_id=None
idx=138 status=409 class=conflict code=RESERVATION_CONFLICT latency_ms=230.743 reservation_id=None
idx=139 status=409 class=conflict code=RESERVATION_CONFLICT latency_ms=99.628 reservation_id=None
idx=140 status=409 class=conflict code=RESERVATION_CONFLICT latency_ms=204.002 reservation_id=None
idx=141 status=409 class=conflict code=RESERVATION_CONFLICT latency_ms=232.037 reservation_id=None
idx=142 status=409 class=conflict code=RESERVATION_CONFLICT latency_ms=148.767 reservation_id=None
idx=143 status=409 class=conflict code=RESERVATION_CONFLICT latency_ms=233.257 reservation_id=None
idx=144 status=409 class=conflict code=RESERVATION_CONFLICT latency_ms=147.679 reservation_id=None
idx=145 status=409 class=conflict code=RESERVATION_CONFLICT latency_ms=81.767 reservation_id=None
idx=146 status=409 class=conflict code=RESERVATION_CONFLICT latency_ms=76.549 reservation_id=None
idx=147 status=409 class=conflict code=RESERVATION_CONFLICT latency_ms=219.948 reservation_id=None
idx=148 status=409 class=conflict code=RESERVATION_CONFLICT latency_ms=179.808 reservation_id=None
idx=149 status=409 class=conflict code=RESERVATION_CONFLICT latency_ms=154.759 reservation_id=None
idx=150 status=409 class=conflict code=RESERVATION_CONFLICT latency_ms=72.712 reservation_id=None
idx=151 status=409 class=conflict code=RESERVATION_CONFLICT latency_ms=248.729 reservation_id=None
idx=152 status=409 class=conflict code=RESERVATION_CONFLICT latency_ms=150.353 reservation_id=None
idx=153 status=409 class=conflict code=RESERVATION_CONFLICT latency_ms=121.66 reservation_id=None
idx=154 status=409 class=conflict code=RESERVATION_CONFLICT latency_ms=207.641 reservation_id=None
idx=155 status=409 class=conflict code=RESERVATION_CONFLICT latency_ms=180.888 reservation_id=None
idx=156 status=409 class=conflict code=RESERVATION_CONFLICT latency_ms=154.666 reservation_id=None
idx=157 status=409 class=conflict code=RESERVATION_CONFLICT latency_ms=90.091 reservation_id=None
idx=158 status=409 class=conflict code=RESERVATION_CONFLICT latency_ms=112.667 reservation_id=None
idx=159 status=409 class=conflict code=RESERVATION_CONFLICT latency_ms=16.586 reservation_id=None
idx=160 status=409 class=conflict code=RESERVATION_CONFLICT latency_ms=47.222 reservation_id=None
idx=161 status=409 class=conflict code=RESERVATION_CONFLICT latency_ms=125.574 reservation_id=None
idx=162 status=409 class=conflict code=RESERVATION_CONFLICT latency_ms=233.617 reservation_id=None
idx=163 status=409 class=conflict code=RESERVATION_CONFLICT latency_ms=47.25 reservation_id=None
idx=164 status=409 class=conflict code=RESERVATION_CONFLICT latency_ms=234.52 reservation_id=None
idx=165 status=409 class=conflict code=RESERVATION_CONFLICT latency_ms=240.64 reservation_id=None
idx=166 status=409 class=conflict code=RESERVATION_CONFLICT latency_ms=247.084 reservation_id=None
idx=167 status=409 class=conflict code=RESERVATION_CONFLICT latency_ms=210.113 reservation_id=None
idx=168 status=409 class=conflict code=RESERVATION_CONFLICT latency_ms=176.771 reservation_id=None
idx=169 status=409 class=conflict code=RESERVATION_CONFLICT latency_ms=68.562 reservation_id=None
idx=170 status=409 class=conflict code=RESERVATION_CONFLICT latency_ms=94.231 reservation_id=None
idx=171 status=409 class=conflict code=RESERVATION_CONFLICT latency_ms=168.635 reservation_id=None
idx=172 status=409 class=conflict code=RESERVATION_CONFLICT latency_ms=244.051 reservation_id=None
idx=173 status=409 class=conflict code=RESERVATION_CONFLICT latency_ms=103.828 reservation_id=None
idx=174 status=409 class=conflict code=RESERVATION_CONFLICT latency_ms=89.782 reservation_id=None
idx=175 status=409 class=conflict code=RESERVATION_CONFLICT latency_ms=129.615 reservation_id=None
idx=176 status=409 class=conflict code=RESERVATION_CONFLICT latency_ms=168.922 reservation_id=None
idx=177 status=409 class=conflict code=RESERVATION_CONFLICT latency_ms=193.23 reservation_id=None
idx=178 status=409 class=conflict code=RESERVATION_CONFLICT latency_ms=141.15 reservation_id=None
idx=179 status=409 class=conflict code=RESERVATION_CONFLICT latency_ms=43.138 reservation_id=None
idx=180 status=409 class=conflict code=RESERVATION_CONFLICT latency_ms=139.772 reservation_id=None
idx=181 status=409 class=conflict code=RESERVATION_CONFLICT latency_ms=151.727 reservation_id=None
idx=182 status=409 class=conflict code=RESERVATION_CONFLICT latency_ms=71.528 reservation_id=None
idx=183 status=409 class=conflict code=RESERVATION_CONFLICT latency_ms=109.539 reservation_id=None
idx=184 status=409 class=conflict code=RESERVATION_CONFLICT latency_ms=149.122 reservation_id=None
idx=185 status=409 class=conflict code=RESERVATION_CONFLICT latency_ms=114.408 reservation_id=None
idx=186 status=409 class=conflict code=RESERVATION_CONFLICT latency_ms=157.544 reservation_id=None
idx=187 status=409 class=conflict code=RESERVATION_CONFLICT latency_ms=96.391 reservation_id=None
idx=188 status=409 class=conflict code=RESERVATION_CONFLICT latency_ms=111.773 reservation_id=None
idx=189 status=409 class=conflict code=RESERVATION_CONFLICT latency_ms=182.424 reservation_id=None
idx=190 status=409 class=conflict code=RESERVATION_CONFLICT latency_ms=178.505 reservation_id=None
idx=191 status=409 class=conflict code=RESERVATION_CONFLICT latency_ms=141.109 reservation_id=None
idx=192 status=409 class=conflict code=RESERVATION_CONFLICT latency_ms=126.472 reservation_id=None
idx=193 status=409 class=conflict code=RESERVATION_CONFLICT latency_ms=166.888 reservation_id=None
idx=194 status=409 class=conflict code=RESERVATION_CONFLICT latency_ms=189.029 reservation_id=None
idx=195 status=409 class=conflict code=RESERVATION_CONFLICT latency_ms=90.785 reservation_id=None
idx=196 status=409 class=conflict code=RESERVATION_CONFLICT latency_ms=72.387 reservation_id=None
idx=197 status=409 class=conflict code=RESERVATION_CONFLICT latency_ms=190.11 reservation_id=None
idx=198 status=409 class=conflict code=RESERVATION_CONFLICT latency_ms=42.364 reservation_id=None
idx=199 status=409 class=conflict code=RESERVATION_CONFLICT latency_ms=233.183 reservation_id=None
WROTE <REPO>\benchmark\results\20260814T065933Z-h2-local-correctness-n200-r1.json
WROTE <REPO>\benchmark\results\20260814T065933Z-h2-local-correctness-n200-r1.jsonl
