BENCH begin performance profile=mysql-redis N=100 round=1
base_url=http://127.0.0.1:18080 python=3.14.0 (tags/v3.14.0:ebf955d, Oct  7 2025, 10:15:03) [MSC v.1944 64 bit (AMD64)] pid=34708
LOGIN student status=200 latency_ms=65.2
LOGIN admin status=200 latency_ms=78.0
CREATE_EQUIPMENT code=BM-WARM-mysql-redis-070448 status=201 latency_ms=34.2
WARMUP reservation status=201 latency_ms=45.3 body={"id":540,"equipmentId":78,"requesterId":1,"requesterName":"林知夏","purpose":"warmup","startTime":"2026-08-17T07:04:48Z","endTime":"2026-08-17T08:04:48Z","status"
PERFORMANCE creating 100 dedicated equipment (one per worker)...
CREATE_EQUIPMENT code=BM-P-mysql-redis-20260814T070448Z-0000 status=201 latency_ms=31.8
CREATE_EQUIPMENT code=BM-P-mysql-redis-20260814T070448Z-0001 status=201 latency_ms=34.7
CREATE_EQUIPMENT code=BM-P-mysql-redis-20260814T070448Z-0002 status=201 latency_ms=30.7
CREATE_EQUIPMENT code=BM-P-mysql-redis-20260814T070448Z-0003 status=201 latency_ms=29.9
CREATE_EQUIPMENT code=BM-P-mysql-redis-20260814T070448Z-0004 status=201 latency_ms=17.3
CREATE_EQUIPMENT code=BM-P-mysql-redis-20260814T070448Z-0005 status=201 latency_ms=34.2
CREATE_EQUIPMENT code=BM-P-mysql-redis-20260814T070448Z-0006 status=201 latency_ms=25.1
CREATE_EQUIPMENT code=BM-P-mysql-redis-20260814T070448Z-0007 status=201 latency_ms=31.9
CREATE_EQUIPMENT code=BM-P-mysql-redis-20260814T070448Z-0008 status=201 latency_ms=36.0
CREATE_EQUIPMENT code=BM-P-mysql-redis-20260814T070448Z-0009 status=201 latency_ms=27.3
CREATE_EQUIPMENT code=BM-P-mysql-redis-20260814T070448Z-0010 status=201 latency_ms=29.8
CREATE_EQUIPMENT code=BM-P-mysql-redis-20260814T070448Z-0011 status=201 latency_ms=18.4
CREATE_EQUIPMENT code=BM-P-mysql-redis-20260814T070448Z-0012 status=201 latency_ms=31.5
CREATE_EQUIPMENT code=BM-P-mysql-redis-20260814T070448Z-0013 status=201 latency_ms=19.4
CREATE_EQUIPMENT code=BM-P-mysql-redis-20260814T070448Z-0014 status=201 latency_ms=41.8
CREATE_EQUIPMENT code=BM-P-mysql-redis-20260814T070448Z-0015 status=201 latency_ms=17.2
CREATE_EQUIPMENT code=BM-P-mysql-redis-20260814T070448Z-0016 status=201 latency_ms=28.1
CREATE_EQUIPMENT code=BM-P-mysql-redis-20260814T070448Z-0017 status=201 latency_ms=27.5
CREATE_EQUIPMENT code=BM-P-mysql-redis-20260814T070448Z-0018 status=201 latency_ms=31.9
CREATE_EQUIPMENT code=BM-P-mysql-redis-20260814T070448Z-0019 status=201 latency_ms=29.8
CREATE_EQUIPMENT code=BM-P-mysql-redis-20260814T070448Z-0020 status=201 latency_ms=14.6
CREATE_EQUIPMENT code=BM-P-mysql-redis-20260814T070448Z-0021 status=201 latency_ms=36.5
CREATE_EQUIPMENT code=BM-P-mysql-redis-20260814T070448Z-0022 status=201 latency_ms=28.0
CREATE_EQUIPMENT code=BM-P-mysql-redis-20260814T070448Z-0023 status=201 latency_ms=30.7
CREATE_EQUIPMENT code=BM-P-mysql-redis-20260814T070448Z-0024 status=201 latency_ms=32.0
CREATE_EQUIPMENT code=BM-P-mysql-redis-20260814T070448Z-0025 status=201 latency_ms=31.0
CREATE_EQUIPMENT code=BM-P-mysql-redis-20260814T070448Z-0026 status=201 latency_ms=32.0
CREATE_EQUIPMENT code=BM-P-mysql-redis-20260814T070448Z-0027 status=201 latency_ms=30.3
CREATE_EQUIPMENT code=BM-P-mysql-redis-20260814T070448Z-0028 status=201 latency_ms=44.6
CREATE_EQUIPMENT code=BM-P-mysql-redis-20260814T070448Z-0029 status=201 latency_ms=38.0
CREATE_EQUIPMENT code=BM-P-mysql-redis-20260814T070448Z-0030 status=201 latency_ms=28.2
CREATE_EQUIPMENT code=BM-P-mysql-redis-20260814T070448Z-0031 status=201 latency_ms=31.8
CREATE_EQUIPMENT code=BM-P-mysql-redis-20260814T070448Z-0032 status=201 latency_ms=33.0
CREATE_EQUIPMENT code=BM-P-mysql-redis-20260814T070448Z-0033 status=201 latency_ms=30.5
CREATE_EQUIPMENT code=BM-P-mysql-redis-20260814T070448Z-0034 status=201 latency_ms=37.7
CREATE_EQUIPMENT code=BM-P-mysql-redis-20260814T070448Z-0035 status=201 latency_ms=26.0
CREATE_EQUIPMENT code=BM-P-mysql-redis-20260814T070448Z-0036 status=201 latency_ms=34.1
CREATE_EQUIPMENT code=BM-P-mysql-redis-20260814T070448Z-0037 status=201 latency_ms=26.6
CREATE_EQUIPMENT code=BM-P-mysql-redis-20260814T070448Z-0038 status=201 latency_ms=31.0
CREATE_EQUIPMENT code=BM-P-mysql-redis-20260814T070448Z-0039 status=201 latency_ms=29.8
CREATE_EQUIPMENT code=BM-P-mysql-redis-20260814T070448Z-0040 status=201 latency_ms=31.6
CREATE_EQUIPMENT code=BM-P-mysql-redis-20260814T070448Z-0041 status=201 latency_ms=14.4
CREATE_EQUIPMENT code=BM-P-mysql-redis-20260814T070448Z-0042 status=201 latency_ms=30.6
CREATE_EQUIPMENT code=BM-P-mysql-redis-20260814T070448Z-0043 status=201 latency_ms=33.4
CREATE_EQUIPMENT code=BM-P-mysql-redis-20260814T070448Z-0044 status=201 latency_ms=30.0
CREATE_EQUIPMENT code=BM-P-mysql-redis-20260814T070448Z-0045 status=201 latency_ms=29.8
CREATE_EQUIPMENT code=BM-P-mysql-redis-20260814T070448Z-0046 status=201 latency_ms=36.1
CREATE_EQUIPMENT code=BM-P-mysql-redis-20260814T070448Z-0047 status=201 latency_ms=26.1
CREATE_EQUIPMENT code=BM-P-mysql-redis-20260814T070448Z-0048 status=201 latency_ms=35.6
CREATE_EQUIPMENT code=BM-P-mysql-redis-20260814T070448Z-0049 status=201 latency_ms=25.4
CREATE_EQUIPMENT code=BM-P-mysql-redis-20260814T070448Z-0050 status=201 latency_ms=37.3
CREATE_EQUIPMENT code=BM-P-mysql-redis-20260814T070448Z-0051 status=201 latency_ms=27.0
CREATE_EQUIPMENT code=BM-P-mysql-redis-20260814T070448Z-0052 status=201 latency_ms=33.8
CREATE_EQUIPMENT code=BM-P-mysql-redis-20260814T070448Z-0053 status=201 latency_ms=26.2
CREATE_EQUIPMENT code=BM-P-mysql-redis-20260814T070448Z-0054 status=201 latency_ms=14.8
CREATE_EQUIPMENT code=BM-P-mysql-redis-20260814T070448Z-0055 status=201 latency_ms=33.3
CREATE_EQUIPMENT code=BM-P-mysql-redis-20260814T070448Z-0056 status=201 latency_ms=30.2
CREATE_EQUIPMENT code=BM-P-mysql-redis-20260814T070448Z-0057 status=201 latency_ms=37.5
CREATE_EQUIPMENT code=BM-P-mysql-redis-20260814T070448Z-0058 status=201 latency_ms=26.3
CREATE_EQUIPMENT code=BM-P-mysql-redis-20260814T070448Z-0059 status=201 latency_ms=30.7
CREATE_EQUIPMENT code=BM-P-mysql-redis-20260814T070448Z-0060 status=201 latency_ms=29.4
CREATE_EQUIPMENT code=BM-P-mysql-redis-20260814T070448Z-0061 status=201 latency_ms=31.3
CREATE_EQUIPMENT code=BM-P-mysql-redis-20260814T070448Z-0062 status=201 latency_ms=31.0
CREATE_EQUIPMENT code=BM-P-mysql-redis-20260814T070448Z-0063 status=201 latency_ms=29.9
CREATE_EQUIPMENT code=BM-P-mysql-redis-20260814T070448Z-0064 status=201 latency_ms=29.4
CREATE_EQUIPMENT code=BM-P-mysql-redis-20260814T070448Z-0065 status=201 latency_ms=30.8
CREATE_EQUIPMENT code=BM-P-mysql-redis-20260814T070448Z-0066 status=201 latency_ms=32.1
CREATE_EQUIPMENT code=BM-P-mysql-redis-20260814T070448Z-0067 status=201 latency_ms=29.6
CREATE_EQUIPMENT code=BM-P-mysql-redis-20260814T070448Z-0068 status=201 latency_ms=18.8
CREATE_EQUIPMENT code=BM-P-mysql-redis-20260814T070448Z-0069 status=201 latency_ms=29.0
CREATE_EQUIPMENT code=BM-P-mysql-redis-20260814T070448Z-0070 status=201 latency_ms=33.2
CREATE_EQUIPMENT code=BM-P-mysql-redis-20260814T070448Z-0071 status=201 latency_ms=30.1
CREATE_EQUIPMENT code=BM-P-mysql-redis-20260814T070448Z-0072 status=201 latency_ms=29.5
CREATE_EQUIPMENT code=BM-P-mysql-redis-20260814T070448Z-0073 status=201 latency_ms=30.8
CREATE_EQUIPMENT code=BM-P-mysql-redis-20260814T070448Z-0074 status=201 latency_ms=32.6
CREATE_EQUIPMENT code=BM-P-mysql-redis-20260814T070448Z-0075 status=201 latency_ms=11.7
CREATE_EQUIPMENT code=BM-P-mysql-redis-20260814T070448Z-0076 status=201 latency_ms=36.1
CREATE_EQUIPMENT code=BM-P-mysql-redis-20260814T070448Z-0077 status=201 latency_ms=36.4
CREATE_EQUIPMENT code=BM-P-mysql-redis-20260814T070448Z-0078 status=201 latency_ms=23.9
CREATE_EQUIPMENT code=BM-P-mysql-redis-20260814T070448Z-0079 status=201 latency_ms=29.9
CREATE_EQUIPMENT code=BM-P-mysql-redis-20260814T070448Z-0080 status=201 latency_ms=13.1
CREATE_EQUIPMENT code=BM-P-mysql-redis-20260814T070448Z-0081 status=201 latency_ms=34.5
CREATE_EQUIPMENT code=BM-P-mysql-redis-20260814T070448Z-0082 status=201 latency_ms=30.8
CREATE_EQUIPMENT code=BM-P-mysql-redis-20260814T070448Z-0083 status=201 latency_ms=31.4
CREATE_EQUIPMENT code=BM-P-mysql-redis-20260814T070448Z-0084 status=201 latency_ms=38.8
CREATE_EQUIPMENT code=BM-P-mysql-redis-20260814T070448Z-0085 status=201 latency_ms=24.1
CREATE_EQUIPMENT code=BM-P-mysql-redis-20260814T070448Z-0086 status=201 latency_ms=30.5
CREATE_EQUIPMENT code=BM-P-mysql-redis-20260814T070448Z-0087 status=201 latency_ms=30.7
CREATE_EQUIPMENT code=BM-P-mysql-redis-20260814T070448Z-0088 status=201 latency_ms=30.4
CREATE_EQUIPMENT code=BM-P-mysql-redis-20260814T070448Z-0089 status=201 latency_ms=39.6
CREATE_EQUIPMENT code=BM-P-mysql-redis-20260814T070448Z-0090 status=201 latency_ms=24.1
CREATE_EQUIPMENT code=BM-P-mysql-redis-20260814T070448Z-0091 status=201 latency_ms=32.0
CREATE_EQUIPMENT code=BM-P-mysql-redis-20260814T070448Z-0092 status=201 latency_ms=28.5
CREATE_EQUIPMENT code=BM-P-mysql-redis-20260814T070448Z-0093 status=201 latency_ms=33.3
CREATE_EQUIPMENT code=BM-P-mysql-redis-20260814T070448Z-0094 status=201 latency_ms=29.7
CREATE_EQUIPMENT code=BM-P-mysql-redis-20260814T070448Z-0095 status=201 latency_ms=45.5
CREATE_EQUIPMENT code=BM-P-mysql-redis-20260814T070448Z-0096 status=201 latency_ms=35.5
CREATE_EQUIPMENT code=BM-P-mysql-redis-20260814T070448Z-0097 status=201 latency_ms=29.8
CREATE_EQUIPMENT code=BM-P-mysql-redis-20260814T070448Z-0098 status=201 latency_ms=30.0
CREATE_EQUIPMENT code=BM-P-mysql-redis-20260814T070448Z-0099 status=201 latency_ms=11.9
PERFORMANCE start profile=mysql-redis concurrency=100 total=500 equipment=100 base_start=2026-08-19T07:04:51Z
---- SUMMARY ----
{
  "scenario": "performance",
  "profile": "mysql-redis",
  "lock_impl": "RedisReservationLock",
  "base_url": "http://127.0.0.1:18080",
  "concurrency": 100,
  "round": 1,
  "total_planned": 500,
  "total_observed": 500,
  "success_201": 500,
  "conflict_409": 0,
  "failed_other": 0,
  "status_counts": {
    "201": 500
  },
  "error_code_counts": {
    "HTTP_201": 500
  },
  "wall_seconds": 2.712337,
  "throughput_rps": 184.342882,
  "latency_all": {
    "count": 500,
    "min_ms": 36.234,
    "avg_ms": 490.018,
    "p50_ms": 534.235,
    "p95_ms": 582.186,
    "p99_ms": 614.726,
    "max_ms": 639.675
  },
  "latency_201": {
    "count": 500,
    "min_ms": 36.234,
    "avg_ms": 490.018,
    "p50_ms": 534.235,
    "p95_ms": 582.186,
    "p99_ms": 614.726,
    "max_ms": 639.675
  },
  "latency_409": {
    "count": 0,
    "min_ms": null,
    "avg_ms": null,
    "p50_ms": null,
    "p95_ms": null,
    "p99_ms": null,
    "max_ms": null
  },
  "started_at": "2026-08-14T07:04:54+00:00",
  "equipment_ids": [
    79,
    80,
    81,
    82,
    83,
    84,
    85,
    86,
    87,
    88,
    89,
    90,
    91,
    92,
    93,
    94,
    95,
    96,
    97,
    98,
    99,
    100,
    101,
    102,
    103,
    104,
    105,
    106,
    107,
    108,
    109,
    110,
    111,
    112,
    113,
    114,
    115,
    116,
    117,
    118,
    119,
    120,
    121,
    122,
    123,
    124,
    125,
    126,
    127,
    128,
    129,
    130,
    131,
    132,
    133,
    134,
    135,
    136,
    137,
    138,
    139,
    140,
    141,
    142,
    143,
    144,
    145,
    146,
    147,
    148,
    149,
    150,
    151,
    152,
    153,
    154,
    155,
    156,
    157,
    158,
    159,
    160,
    161,
    162,
    163,
    164,
    165,
    166,
    167,
    168,
    169,
    170,
    171,
    172,
    173,
    174,
    175,
    176,
    177,
    178
  ],
  "per_worker": [
    5,
    5,
    5,
    5,
    5,
    5,
    5,
    5,
    5,
    5,
    5,
    5,
    5,
    5,
    5,
    5,
    5,
    5,
    5,
    5,
    5,
    5,
    5,
    5,
    5,
    5,
    5,
    5,
    5,
    5,
    5,
    5,
    5,
    5,
    5,
    5,
    5,
    5,
    5,
    5,
    5,
    5,
    5,
    5,
    5,
    5,
    5,
    5,
    5,
    5,
    5,
    5,
    5,
    5,
    5,
    5,
    5,
    5,
    5,
    5,
    5,
    5,
    5,
    5,
    5,
    5,
    5,
    5,
    5,
    5,
    5,
    5,
    5,
    5,
    5,
    5,
    5,
    5,
    5,
    5,
    5,
    5,
    5,
    5,
    5,
    5,
    5,
    5,
    5,
    5,
    5,
    5,
    5,
    5,
    5,
    5,
    5,
    5,
    5,
    5
  ],
  "base_start": "2026-08-19T07:04:51Z",
  "worker_exceptions": [],
  "threads_still_alive": []
}
---- PER-REQUEST ----
idx=0 status=201 class=success code=None latency_ms=118.881 reservation_id=556
idx=1 status=201 class=success code=None latency_ms=477.984 reservation_id=654
idx=2 status=201 class=success code=None latency_ms=503.201 reservation_id=749
idx=3 status=201 class=success code=None latency_ms=555.092 reservation_id=843
idx=4 status=201 class=success code=None latency_ms=533.121 reservation_id=940
idx=5 status=201 class=success code=None latency_ms=456.035 reservation_id=622
idx=6 status=201 class=success code=None latency_ms=502.404 reservation_id=721
idx=7 status=201 class=success code=None latency_ms=567.896 reservation_id=825
idx=8 status=201 class=success code=None latency_ms=588.777 reservation_id=931
idx=9 status=201 class=success code=None latency_ms=542.466 reservation_id=1028
idx=10 status=201 class=success code=None latency_ms=472.728 reservation_id=628
idx=11 status=201 class=success code=None latency_ms=513.698 reservation_id=725
idx=12 status=201 class=success code=None latency_ms=540.184 reservation_id=824
idx=13 status=201 class=success code=None latency_ms=561.425 reservation_id=926
idx=14 status=201 class=success code=None latency_ms=555.069 reservation_id=1022
idx=15 status=201 class=success code=None latency_ms=285.515 reservation_id=589
idx=16 status=201 class=success code=None latency_ms=518.003 reservation_id=692
idx=17 status=201 class=success code=None latency_ms=555.973 reservation_id=791
idx=18 status=201 class=success code=None latency_ms=554.569 reservation_id=901
idx=19 status=201 class=success code=None latency_ms=550.364 reservation_id=995
idx=20 status=201 class=success code=None latency_ms=47.067 reservation_id=547
idx=21 status=201 class=success code=None latency_ms=495.793 reservation_id=641
idx=22 status=201 class=success code=None latency_ms=517.125 reservation_id=740
idx=23 status=201 class=success code=None latency_ms=532.866 reservation_id=839
idx=24 status=201 class=success code=None latency_ms=547.86 reservation_id=938
idx=25 status=201 class=success code=None latency_ms=65.925 reservation_id=546
idx=26 status=201 class=success code=None latency_ms=546.549 reservation_id=650
idx=27 status=201 class=success code=None latency_ms=552.48 reservation_id=757
idx=28 status=201 class=success code=None latency_ms=558.459 reservation_id=858
idx=29 status=201 class=success code=None latency_ms=541.636 reservation_id=959
idx=30 status=201 class=success code=None latency_ms=118.442 reservation_id=559
idx=31 status=201 class=success code=None latency_ms=516.553 reservation_id=658
idx=32 status=201 class=success code=None latency_ms=550.876 reservation_id=759
idx=33 status=201 class=success code=None latency_ms=565.771 reservation_id=864
idx=34 status=201 class=success code=None latency_ms=566.254 reservation_id=965
idx=35 status=201 class=success code=None latency_ms=245.874 reservation_id=585
idx=36 status=201 class=success code=None latency_ms=542.376 reservation_id=686
idx=37 status=201 class=success code=None latency_ms=579.023 reservation_id=797
idx=38 status=201 class=success code=None latency_ms=508.581 reservation_id=888
idx=39 status=201 class=success code=None latency_ms=547.714 reservation_id=986
idx=40 status=201 class=success code=None latency_ms=117.841 reservation_id=561
idx=41 status=201 class=success code=None latency_ms=494.08 reservation_id=653
idx=42 status=201 class=success code=None latency_ms=510.791 reservation_id=754
idx=43 status=201 class=success code=None latency_ms=597.409 reservation_id=857
idx=44 status=201 class=success code=None latency_ms=523.886 reservation_id=955
idx=45 status=201 class=success code=None latency_ms=342.563 reservation_id=599
idx=46 status=201 class=success code=None latency_ms=521.921 reservation_id=701
idx=47 status=201 class=success code=None latency_ms=550.891 reservation_id=803
idx=48 status=201 class=success code=None latency_ms=516.559 reservation_id=902
idx=49 status=201 class=success code=None latency_ms=614.723 reservation_id=1002
idx=50 status=201 class=success code=None latency_ms=158.62 reservation_id=568
idx=51 status=201 class=success code=None latency_ms=511.442 reservation_id=667
idx=52 status=201 class=success code=None latency_ms=504.715 reservation_id=764
idx=53 status=201 class=success code=None latency_ms=537.171 reservation_id=859
idx=54 status=201 class=success code=None latency_ms=510.178 reservation_id=952
idx=55 status=201 class=success code=None latency_ms=222.827 reservation_id=579
idx=56 status=201 class=success code=None latency_ms=509.307 reservation_id=675
idx=57 status=201 class=success code=None latency_ms=511.735 reservation_id=769
idx=58 status=201 class=success code=None latency_ms=531.915 reservation_id=869
idx=59 status=201 class=success code=None latency_ms=553.092 reservation_id=971
idx=60 status=201 class=success code=None latency_ms=220.374 reservation_id=576
idx=61 status=201 class=success code=None latency_ms=522.339 reservation_id=680
idx=62 status=201 class=success code=None latency_ms=535.469 reservation_id=778
idx=63 status=201 class=success code=None latency_ms=533.189 reservation_id=879
idx=64 status=201 class=success code=None latency_ms=546.935 reservation_id=975
idx=65 status=201 class=success code=None latency_ms=490.784 reservation_id=631
idx=66 status=201 class=success code=None latency_ms=531.251 reservation_id=731
idx=67 status=201 class=success code=None latency_ms=571.885 reservation_id=832
idx=68 status=201 class=success code=None latency_ms=531.414 reservation_id=934
idx=69 status=201 class=success code=None latency_ms=539.283 reservation_id=1030
idx=70 status=201 class=success code=None latency_ms=511.175 reservation_id=634
idx=71 status=201 class=success code=None latency_ms=514.17 reservation_id=735
idx=72 status=201 class=success code=None latency_ms=556.391 reservation_id=831
idx=73 status=201 class=success code=None latency_ms=546.029 reservation_id=932
idx=74 status=201 class=success code=None latency_ms=571.567 reservation_id=1032
idx=75 status=201 class=success code=None latency_ms=286.888 reservation_id=595
idx=76 status=201 class=success code=None latency_ms=498.214 reservation_id=688
idx=77 status=201 class=success code=None latency_ms=519.384 reservation_id=785
idx=78 status=201 class=success code=None latency_ms=529.207 reservation_id=883
idx=79 status=201 class=success code=None latency_ms=537.209 reservation_id=982
idx=80 status=201 class=success code=None latency_ms=387.402 reservation_id=608
idx=81 status=201 class=success code=None latency_ms=547.264 reservation_id=719
idx=82 status=201 class=success code=None latency_ms=525.911 reservation_id=813
idx=83 status=201 class=success code=None latency_ms=546.237 reservation_id=914
idx=84 status=201 class=success code=None latency_ms=557.21 reservation_id=1011
idx=85 status=201 class=success code=None latency_ms=480.243 reservation_id=633
idx=86 status=201 class=success code=None latency_ms=530.653 reservation_id=730
idx=87 status=201 class=success code=None latency_ms=575.072 reservation_id=837
idx=88 status=201 class=success code=None latency_ms=589.008 reservation_id=942
idx=89 status=201 class=success code=None latency_ms=521.644 reservation_id=1036
idx=90 status=201 class=success code=None latency_ms=262.772 reservation_id=586
idx=91 status=201 class=success code=None latency_ms=510.443 reservation_id=684
idx=92 status=201 class=success code=None latency_ms=519.399 reservation_id=786
idx=93 status=201 class=success code=None latency_ms=582.184 reservation_id=886
idx=94 status=201 class=success code=None latency_ms=534.918 reservation_id=984
idx=95 status=201 class=success code=None latency_ms=302.447 reservation_id=596
idx=96 status=201 class=success code=None latency_ms=529.474 reservation_id=697
idx=97 status=201 class=success code=None latency_ms=516.726 reservation_id=790
idx=98 status=201 class=success code=None latency_ms=527.573 reservation_id=891
idx=99 status=201 class=success code=None latency_ms=564.614 reservation_id=991
idx=100 status=201 class=success code=None latency_ms=342.863 reservation_id=606
idx=101 status=201 class=success code=None latency_ms=545.129 reservation_id=705
idx=102 status=201 class=success code=None latency_ms=553.207 reservation_id=810
idx=103 status=201 class=success code=None latency_ms=543.825 reservation_id=908
idx=104 status=201 class=success code=None latency_ms=566.593 reservation_id=1006
idx=105 status=201 class=success code=None latency_ms=113.995 reservation_id=558
idx=106 status=201 class=success code=None latency_ms=503.302 reservation_id=657
idx=107 status=201 class=success code=None latency_ms=500.921 reservation_id=755
idx=108 status=201 class=success code=None latency_ms=600.817 reservation_id=854
idx=109 status=201 class=success code=None latency_ms=568.523 reservation_id=962
idx=110 status=201 class=success code=None latency_ms=290.75 reservation_id=592
idx=111 status=201 class=success code=None latency_ms=527.792 reservation_id=695
idx=112 status=201 class=success code=None latency_ms=547.855 reservation_id=792
idx=113 status=201 class=success code=None latency_ms=527.123 reservation_id=892
idx=114 status=201 class=success code=None latency_ms=547.682 reservation_id=992
idx=115 status=201 class=success code=None latency_ms=206.347 reservation_id=577
idx=116 status=201 class=success code=None latency_ms=523.014 reservation_id=673
idx=117 status=201 class=success code=None latency_ms=510.111 reservation_id=768
idx=118 status=201 class=success code=None latency_ms=544.066 reservation_id=873
idx=119 status=201 class=success code=None latency_ms=541.413 reservation_id=972
idx=120 status=201 class=success code=None latency_ms=291.097 reservation_id=593
idx=121 status=201 class=success code=None latency_ms=509.689 reservation_id=690
idx=122 status=201 class=success code=None latency_ms=565.118 reservation_id=796
idx=123 status=201 class=success code=None latency_ms=540.913 reservation_id=894
idx=124 status=201 class=success code=None latency_ms=638.858 reservation_id=999
idx=125 status=201 class=success code=None latency_ms=343.701 reservation_id=605
idx=126 status=201 class=success code=None latency_ms=520.11 reservation_id=703
idx=127 status=201 class=success code=None latency_ms=551.512 reservation_id=802
idx=128 status=201 class=success code=None latency_ms=559.723 reservation_id=905
idx=129 status=201 class=success code=None latency_ms=570.758 reservation_id=1003
idx=130 status=201 class=success code=None latency_ms=322.849 reservation_id=600
idx=131 status=201 class=success code=None latency_ms=505.632 reservation_id=696
idx=132 status=201 class=success code=None latency_ms=558.029 reservation_id=799
idx=133 status=201 class=success code=None latency_ms=529.035 reservation_id=895
idx=134 status=201 class=success code=None latency_ms=565.244 reservation_id=998
idx=135 status=201 class=success code=None latency_ms=190.883 reservation_id=574
idx=136 status=201 class=success code=None latency_ms=524.485 reservation_id=676
idx=137 status=201 class=success code=None latency_ms=527.507 reservation_id=770
idx=138 status=201 class=success code=None latency_ms=578.641 reservation_id=878
idx=139 status=201 class=success code=None latency_ms=551.7 reservation_id=981
idx=140 status=201 class=success code=None latency_ms=63.834 reservation_id=544
idx=141 status=201 class=success code=None latency_ms=483.468 reservation_id=642
idx=142 status=201 class=success code=None latency_ms=528.62 reservation_id=742
idx=143 status=201 class=success code=None latency_ms=578.317 reservation_id=849
idx=144 status=201 class=success code=None latency_ms=559.677 reservation_id=950
idx=145 status=201 class=success code=None latency_ms=111.442 reservation_id=560
idx=146 status=201 class=success code=None latency_ms=560.155 reservation_id=659
idx=147 status=201 class=success code=None latency_ms=503.565 reservation_id=761
idx=148 status=201 class=success code=None latency_ms=539.051 reservation_id=860
idx=149 status=201 class=success code=None latency_ms=535.955 reservation_id=958
idx=150 status=201 class=success code=None latency_ms=467.222 reservation_id=626
idx=151 status=201 class=success code=None latency_ms=486.181 reservation_id=722
idx=152 status=201 class=success code=None latency_ms=566.667 reservation_id=822
idx=153 status=201 class=success code=None latency_ms=537.321 reservation_id=923
idx=154 status=201 class=success code=None latency_ms=595.25 reservation_id=1024
idx=155 status=201 class=success code=None latency_ms=113.051 reservation_id=553
idx=156 status=201 class=success code=None latency_ms=493.999 reservation_id=656
idx=157 status=201 class=success code=None latency_ms=510.922 reservation_id=753
idx=158 status=201 class=success code=None latency_ms=543.506 reservation_id=852
idx=159 status=201 class=success code=None latency_ms=614.996 reservation_id=953
idx=160 status=201 class=success code=None latency_ms=271.67 reservation_id=591
idx=161 status=201 class=success code=None latency_ms=512.422 reservation_id=687
idx=162 status=201 class=success code=None latency_ms=519.367 reservation_id=787
idx=163 status=201 class=success code=None latency_ms=515.165 reservation_id=877
idx=164 status=201 class=success code=None latency_ms=552.33 reservation_id=980
idx=165 status=201 class=success code=None latency_ms=167.997 reservation_id=565
idx=166 status=201 class=success code=None latency_ms=509.083 reservation_id=665
idx=167 status=201 class=success code=None latency_ms=512.069 reservation_id=766
idx=168 status=201 class=success code=None latency_ms=584.57 reservation_id=866
idx=169 status=201 class=success code=None latency_ms=547.775 reservation_id=969
idx=170 status=201 class=success code=None latency_ms=492.784 reservation_id=632
idx=171 status=201 class=success code=None latency_ms=530.918 reservation_id=732
idx=172 status=201 class=success code=None latency_ms=572.524 reservation_id=838
idx=173 status=201 class=success code=None latency_ms=549.645 reservation_id=937
idx=174 status=201 class=success code=None latency_ms=563.488 reservation_id=1038
idx=175 status=201 class=success code=None latency_ms=167.069 reservation_id=567
idx=176 status=201 class=success code=None latency_ms=536.2 reservation_id=670
idx=177 status=201 class=success code=None latency_ms=536.946 reservation_id=772
idx=178 status=201 class=success code=None latency_ms=545.062 reservation_id=872
idx=179 status=201 class=success code=None latency_ms=563.222 reservation_id=973
idx=180 status=201 class=success code=None latency_ms=468.186 reservation_id=627
idx=181 status=201 class=success code=None latency_ms=542.743 reservation_id=733
idx=182 status=201 class=success code=None latency_ms=524.093 reservation_id=829
idx=183 status=201 class=success code=None latency_ms=590.073 reservation_id=928
idx=184 status=201 class=success code=None latency_ms=528.383 reservation_id=1029
idx=185 status=201 class=success code=None latency_ms=547.108 reservation_id=640
idx=186 status=201 class=success code=None latency_ms=527.916 reservation_id=744
idx=187 status=201 class=success code=None latency_ms=537.981 reservation_id=841
idx=188 status=201 class=success code=None latency_ms=575.067 reservation_id=939
idx=189 status=201 class=success code=None latency_ms=521.296 reservation_id=1040
idx=190 status=201 class=success code=None latency_ms=66.138 reservation_id=549
idx=191 status=201 class=success code=None latency_ms=543.48 reservation_id=648
idx=192 status=201 class=success code=None latency_ms=501.361 reservation_id=750
idx=193 status=201 class=success code=None latency_ms=543.828 reservation_id=846
idx=194 status=201 class=success code=None latency_ms=546.837 reservation_id=949
idx=195 status=201 class=success code=None latency_ms=64.548 reservation_id=542
idx=196 status=201 class=success code=None latency_ms=483.838 reservation_id=644
idx=197 status=201 class=success code=None latency_ms=526.8 reservation_id=743
idx=198 status=201 class=success code=None latency_ms=579.882 reservation_id=845
idx=199 status=201 class=success code=None latency_ms=533.594 reservation_id=946
idx=200 status=201 class=success code=None latency_ms=170.232 reservation_id=569
idx=201 status=201 class=success code=None latency_ms=506.545 reservation_id=668
idx=202 status=201 class=success code=None latency_ms=505.305 reservation_id=762
idx=203 status=201 class=success code=None latency_ms=538.137 reservation_id=856
idx=204 status=201 class=success code=None latency_ms=562.088 reservation_id=957
idx=205 status=201 class=success code=None latency_ms=65.551 reservation_id=548
idx=206 status=201 class=success code=None latency_ms=488.326 reservation_id=645
idx=207 status=201 class=success code=None latency_ms=522.419 reservation_id=745
idx=208 status=201 class=success code=None latency_ms=569.843 reservation_id=847
idx=209 status=201 class=success code=None latency_ms=515.836 reservation_id=941
idx=210 status=201 class=success code=None latency_ms=357.371 reservation_id=607
idx=211 status=201 class=success code=None latency_ms=511.278 reservation_id=704
idx=212 status=201 class=success code=None latency_ms=540.652 reservation_id=807
idx=213 status=201 class=success code=None latency_ms=553.508 reservation_id=904
idx=214 status=201 class=success code=None latency_ms=633.018 reservation_id=1015
idx=215 status=201 class=success code=None latency_ms=169.207 reservation_id=570
idx=216 status=201 class=success code=None latency_ms=564.325 reservation_id=672
idx=217 status=201 class=success code=None latency_ms=573.331 reservation_id=783
idx=218 status=201 class=success code=None latency_ms=540.13 reservation_id=882
idx=219 status=201 class=success code=None latency_ms=552.599 reservation_id=983
idx=220 status=201 class=success code=None latency_ms=342.741 reservation_id=601
idx=221 status=201 class=success code=None latency_ms=547.696 reservation_id=706
idx=222 status=201 class=success code=None latency_ms=523.616 reservation_id=805
idx=223 status=201 class=success code=None latency_ms=573.488 reservation_id=911
idx=224 status=201 class=success code=None latency_ms=566.694 reservation_id=1008
idx=225 status=201 class=success code=None latency_ms=406.277 reservation_id=617
idx=226 status=201 class=success code=None latency_ms=522.305 reservation_id=714
idx=227 status=201 class=success code=None latency_ms=541.794 reservation_id=817
idx=228 status=201 class=success code=None latency_ms=518.178 reservation_id=912
idx=229 status=201 class=success code=None latency_ms=565.466 reservation_id=1007
idx=230 status=201 class=success code=None latency_ms=338.819 reservation_id=602
idx=231 status=201 class=success code=None latency_ms=520.991 reservation_id=702
idx=232 status=201 class=success code=None latency_ms=543.383 reservation_id=804
idx=233 status=201 class=success code=None latency_ms=511.99 reservation_id=898
idx=234 status=201 class=success code=None latency_ms=529.284 reservation_id=994
idx=235 status=201 class=success code=None latency_ms=64.75 reservation_id=550
idx=236 status=201 class=success code=None latency_ms=503.19 reservation_id=646
idx=237 status=201 class=success code=None latency_ms=518.824 reservation_id=747
idx=238 status=201 class=success code=None latency_ms=566.643 reservation_id=844
idx=239 status=201 class=success code=None latency_ms=535.155 reservation_id=945
idx=240 status=201 class=success code=None latency_ms=289.705 reservation_id=594
idx=241 status=201 class=success code=None latency_ms=510.333 reservation_id=691
idx=242 status=201 class=success code=None latency_ms=535.006 reservation_id=789
idx=243 status=201 class=success code=None latency_ms=540.531 reservation_id=889
idx=244 status=201 class=success code=None latency_ms=546.66 reservation_id=987
idx=245 status=201 class=success code=None latency_ms=540.588 reservation_id=637
idx=246 status=201 class=success code=None latency_ms=529.198 reservation_id=741
idx=247 status=201 class=success code=None latency_ms=579.173 reservation_id=848
idx=248 status=201 class=success code=None latency_ms=533.687 reservation_id=947
idx=249 status=201 class=success code=None latency_ms=520.969 reservation_id=1035
idx=250 status=201 class=success code=None latency_ms=375.3 reservation_id=609
idx=251 status=201 class=success code=None latency_ms=535.985 reservation_id=712
idx=252 status=201 class=success code=None latency_ms=556.012 reservation_id=812
idx=253 status=201 class=success code=None latency_ms=560.372 reservation_id=915
idx=254 status=201 class=success code=None latency_ms=569.53 reservation_id=1017
idx=255 status=201 class=success code=None latency_ms=121.544 reservation_id=562
idx=256 status=201 class=success code=None latency_ms=556.02 reservation_id=662
idx=257 status=201 class=success code=None latency_ms=547.438 reservation_id=771
idx=258 status=201 class=success code=None latency_ms=548.594 reservation_id=871
idx=259 status=201 class=success code=None latency_ms=541.869 reservation_id=968
idx=260 status=201 class=success code=None latency_ms=465.415 reservation_id=624
idx=261 status=201 class=success code=None latency_ms=529.166 reservation_id=727
idx=262 status=201 class=success code=None latency_ms=524.99 reservation_id=823
idx=263 status=201 class=success code=None latency_ms=536.077 reservation_id=920
idx=264 status=201 class=success code=None latency_ms=561.083 reservation_id=1020
idx=265 status=201 class=success code=None latency_ms=415.05 reservation_id=618
idx=266 status=201 class=success code=None latency_ms=525.77 reservation_id=715
idx=267 status=201 class=success code=None latency_ms=527.024 reservation_id=815
idx=268 status=201 class=success code=None latency_ms=587.876 reservation_id=916
idx=269 status=201 class=success code=None latency_ms=551.419 reservation_id=1019
idx=270 status=201 class=success code=None latency_ms=463.25 reservation_id=629
idx=271 status=201 class=success code=None latency_ms=497.92 reservation_id=724
idx=272 status=201 class=success code=None latency_ms=542.354 reservation_id=821
idx=273 status=201 class=success code=None latency_ms=566.599 reservation_id=924
idx=274 status=201 class=success code=None latency_ms=579.68 reservation_id=1025
idx=275 status=201 class=success code=None latency_ms=69.091 reservation_id=551
idx=276 status=201 class=success code=None latency_ms=514.976 reservation_id=647
idx=277 status=201 class=success code=None latency_ms=490.092 reservation_id=746
idx=278 status=201 class=success code=None latency_ms=548.455 reservation_id=842
idx=279 status=201 class=success code=None latency_ms=565.269 reservation_id=943
idx=280 status=201 class=success code=None latency_ms=446.673 reservation_id=623
idx=281 status=201 class=success code=None latency_ms=502.797 reservation_id=723
idx=282 status=201 class=success code=None latency_ms=567.163 reservation_id=827
idx=283 status=201 class=success code=None latency_ms=535.182 reservation_id=918
idx=284 status=201 class=success code=None latency_ms=541.393 reservation_id=1016
idx=285 status=201 class=success code=None latency_ms=220.407 reservation_id=580
idx=286 status=201 class=success code=None latency_ms=533.695 reservation_id=681
idx=287 status=201 class=success code=None latency_ms=550.059 reservation_id=781
idx=288 status=201 class=success code=None latency_ms=567.735 reservation_id=885
idx=289 status=201 class=success code=None latency_ms=554.308 reservation_id=988
idx=290 status=201 class=success code=None latency_ms=224.132 reservation_id=578
idx=291 status=201 class=success code=None latency_ms=562.668 reservation_id=685
idx=292 status=201 class=success code=None latency_ms=518.899 reservation_id=782
idx=293 status=201 class=success code=None latency_ms=515.525 reservation_id=876
idx=294 status=201 class=success code=None latency_ms=539.078 reservation_id=977
idx=295 status=201 class=success code=None latency_ms=473.594 reservation_id=630
idx=296 status=201 class=success code=None latency_ms=518.09 reservation_id=729
idx=297 status=201 class=success code=None latency_ms=525.528 reservation_id=828
idx=298 status=201 class=success code=None latency_ms=572.825 reservation_id=927
idx=299 status=201 class=success code=None latency_ms=558.207 reservation_id=1023
idx=300 status=201 class=success code=None latency_ms=546.716 reservation_id=635
idx=301 status=201 class=success code=None latency_ms=489.071 reservation_id=737
idx=302 status=201 class=success code=None latency_ms=544.802 reservation_id=833
idx=303 status=201 class=success code=None latency_ms=547.119 reservation_id=930
idx=304 status=201 class=success code=None latency_ms=551.328 reservation_id=1031
idx=305 status=201 class=success code=None latency_ms=340.103 reservation_id=604
idx=306 status=201 class=success code=None latency_ms=489.842 reservation_id=698
idx=307 status=201 class=success code=None latency_ms=534.945 reservation_id=794
idx=308 status=201 class=success code=None latency_ms=540.262 reservation_id=893
idx=309 status=201 class=success code=None latency_ms=639.675 reservation_id=1001
idx=310 status=201 class=success code=None latency_ms=167.277 reservation_id=573
idx=311 status=201 class=success code=None latency_ms=558.788 reservation_id=674
idx=312 status=201 class=success code=None latency_ms=508.509 reservation_id=775
idx=313 status=201 class=success code=None latency_ms=561.868 reservation_id=874
idx=314 status=201 class=success code=None latency_ms=557.533 reservation_id=974
idx=315 status=201 class=success code=None latency_ms=389.44 reservation_id=612
idx=316 status=201 class=success code=None latency_ms=499.438 reservation_id=708
idx=317 status=201 class=success code=None latency_ms=525.142 reservation_id=806
idx=318 status=201 class=success code=None latency_ms=531.56 reservation_id=903
idx=319 status=201 class=success code=None latency_ms=598.546 reservation_id=1004
idx=320 status=201 class=success code=None latency_ms=402.986 reservation_id=616
idx=321 status=201 class=success code=None latency_ms=538.074 reservation_id=717
idx=322 status=201 class=success code=None latency_ms=550.012 reservation_id=820
idx=323 status=201 class=success code=None latency_ms=563.941 reservation_id=919
idx=324 status=201 class=success code=None latency_ms=541.102 reservation_id=1018
idx=325 status=201 class=success code=None latency_ms=215.873 reservation_id=583
idx=326 status=201 class=success code=None latency_ms=564.082 reservation_id=683
idx=327 status=201 class=success code=None latency_ms=535.014 reservation_id=788
idx=328 status=201 class=success code=None latency_ms=552.92 reservation_id=887
idx=329 status=201 class=success code=None latency_ms=564.426 reservation_id=989
idx=330 status=201 class=success code=None latency_ms=226.426 reservation_id=584
idx=331 status=201 class=success code=None latency_ms=559.425 reservation_id=682
idx=332 status=201 class=success code=None latency_ms=520.996 reservation_id=784
idx=333 status=201 class=success code=None latency_ms=566.404 reservation_id=890
idx=334 status=201 class=success code=None latency_ms=547.302 reservation_id=985
idx=335 status=201 class=success code=None latency_ms=286.717 reservation_id=590
idx=336 status=201 class=success code=None latency_ms=540.054 reservation_id=693
idx=337 status=201 class=success code=None latency_ms=535.565 reservation_id=793
idx=338 status=201 class=success code=None latency_ms=552.604 reservation_id=899
idx=339 status=201 class=success code=None latency_ms=564.737 reservation_id=997
idx=340 status=201 class=success code=None latency_ms=219.149 reservation_id=582
idx=341 status=201 class=success code=None latency_ms=508.608 reservation_id=678
idx=342 status=201 class=success code=None latency_ms=510.184 reservation_id=773
idx=343 status=201 class=success code=None latency_ms=532.05 reservation_id=868
idx=344 status=201 class=success code=None latency_ms=541.878 reservation_id=966
idx=345 status=201 class=success code=None latency_ms=65.049 reservation_id=545
idx=346 status=201 class=success code=None latency_ms=544.965 reservation_id=649
idx=347 status=201 class=success code=None latency_ms=573.709 reservation_id=756
idx=348 status=201 class=success code=None latency_ms=537.076 reservation_id=861
idx=349 status=201 class=success code=None latency_ms=535.644 reservation_id=960
idx=350 status=201 class=success code=None latency_ms=337.609 reservation_id=597
idx=351 status=201 class=success code=None latency_ms=511.344 reservation_id=700
idx=352 status=201 class=success code=None latency_ms=538.889 reservation_id=800
idx=353 status=201 class=success code=None latency_ms=528.383 reservation_id=896
idx=354 status=201 class=success code=None latency_ms=529.831 reservation_id=993
idx=355 status=201 class=success code=None latency_ms=84.753 reservation_id=552
idx=356 status=201 class=success code=None latency_ms=522.272 reservation_id=652
idx=357 status=201 class=success code=None latency_ms=513.381 reservation_id=751
idx=358 status=201 class=success code=None latency_ms=543.888 reservation_id=851
idx=359 status=201 class=success code=None latency_ms=610.336 reservation_id=954
idx=360 status=201 class=success code=None latency_ms=464.345 reservation_id=625
idx=361 status=201 class=success code=None latency_ms=529.394 reservation_id=726
idx=362 status=201 class=success code=None latency_ms=553.675 reservation_id=830
idx=363 status=201 class=success code=None latency_ms=573.468 reservation_id=929
idx=364 status=201 class=success code=None latency_ms=582.228 reservation_id=1034
idx=365 status=201 class=success code=None latency_ms=442.319 reservation_id=621
idx=366 status=201 class=success code=None latency_ms=513.816 reservation_id=720
idx=367 status=201 class=success code=None latency_ms=537.551 reservation_id=819
idx=368 status=201 class=success code=None latency_ms=566.051 reservation_id=922
idx=369 status=201 class=success code=None latency_ms=594.268 reservation_id=1026
idx=370 status=201 class=success code=None latency_ms=98.67 reservation_id=555
idx=371 status=201 class=success code=None latency_ms=574.399 reservation_id=663
idx=372 status=201 class=success code=None latency_ms=504.315 reservation_id=763
idx=373 status=201 class=success code=None latency_ms=537.797 reservation_id=862
idx=374 status=201 class=success code=None latency_ms=550.373 reservation_id=951
idx=375 status=201 class=success code=None latency_ms=395.601 reservation_id=613
idx=376 status=201 class=success code=None latency_ms=505.786 reservation_id=710
idx=377 status=201 class=success code=None latency_ms=541.196 reservation_id=809
idx=378 status=201 class=success code=None latency_ms=544.314 reservation_id=907
idx=379 status=201 class=success code=None latency_ms=557.321 reservation_id=1005
idx=380 status=201 class=success code=None latency_ms=146.404 reservation_id=564
idx=381 status=201 class=success code=None latency_ms=521.05 reservation_id=664
idx=382 status=201 class=success code=None latency_ms=475.549 reservation_id=760
idx=383 status=201 class=success code=None latency_ms=555.403 reservation_id=855
idx=384 status=201 class=success code=None latency_ms=582.856 reservation_id=961
idx=385 status=201 class=success code=None latency_ms=529.034 reservation_id=639
idx=386 status=201 class=success code=None latency_ms=517.968 reservation_id=736
idx=387 status=201 class=success code=None latency_ms=545.798 reservation_id=834
idx=388 status=201 class=success code=None latency_ms=544.065 reservation_id=935
idx=389 status=201 class=success code=None latency_ms=568.241 reservation_id=1033
idx=390 status=201 class=success code=None latency_ms=115.942 reservation_id=557
idx=391 status=201 class=success code=None latency_ms=492.474 reservation_id=655
idx=392 status=201 class=success code=None latency_ms=488.066 reservation_id=748
idx=393 status=201 class=success code=None latency_ms=557.354 reservation_id=850
idx=394 status=201 class=success code=None latency_ms=531.881 reservation_id=948
idx=395 status=201 class=success code=None latency_ms=168.034 reservation_id=571
idx=396 status=201 class=success code=None latency_ms=521.884 reservation_id=669
idx=397 status=201 class=success code=None latency_ms=551.73 reservation_id=774
idx=398 status=201 class=success code=None latency_ms=570.561 reservation_id=875
idx=399 status=201 class=success code=None latency_ms=546.701 reservation_id=976
idx=400 status=201 class=success code=None latency_ms=221.684 reservation_id=581
idx=401 status=201 class=success code=None latency_ms=509.833 reservation_id=677
idx=402 status=201 class=success code=None latency_ms=575.37 reservation_id=779
idx=403 status=201 class=success code=None latency_ms=552.338 reservation_id=884
idx=404 status=201 class=success code=None latency_ms=580.085 reservation_id=990
idx=405 status=201 class=success code=None latency_ms=336.839 reservation_id=603
idx=406 status=201 class=success code=None latency_ms=490.307 reservation_id=699
idx=407 status=201 class=success code=None latency_ms=547.686 reservation_id=798
idx=408 status=201 class=success code=None latency_ms=540.011 reservation_id=900
idx=409 status=201 class=success code=None latency_ms=625.963 reservation_id=1000
idx=410 status=201 class=success code=None latency_ms=163.69 reservation_id=572
idx=411 status=201 class=success code=None latency_ms=495.106 reservation_id=666
idx=412 status=201 class=success code=None latency_ms=549.935 reservation_id=767
idx=413 status=201 class=success code=None latency_ms=561.251 reservation_id=865
idx=414 status=201 class=success code=None latency_ms=542.003 reservation_id=964
idx=415 status=201 class=success code=None latency_ms=518.27 reservation_id=636
idx=416 status=201 class=success code=None latency_ms=501.679 reservation_id=734
idx=417 status=201 class=success code=None latency_ms=571.631 reservation_id=835
idx=418 status=201 class=success code=None latency_ms=544.582 reservation_id=936
idx=419 status=201 class=success code=None latency_ms=568.877 reservation_id=1039
idx=420 status=201 class=success code=None latency_ms=449.976 reservation_id=620
idx=421 status=201 class=success code=None latency_ms=545.194 reservation_id=728
idx=422 status=201 class=success code=None latency_ms=524.676 reservation_id=826
idx=423 status=201 class=success code=None latency_ms=562.406 reservation_id=925
idx=424 status=201 class=success code=None latency_ms=569.319 reservation_id=1027
idx=425 status=201 class=success code=None latency_ms=545.304 reservation_id=638
idx=426 status=201 class=success code=None latency_ms=503.419 reservation_id=739
idx=427 status=201 class=success code=None latency_ms=546.513 reservation_id=836
idx=428 status=201 class=success code=None latency_ms=530.358 reservation_id=933
idx=429 status=201 class=success code=None latency_ms=581.106 reservation_id=1037
idx=430 status=201 class=success code=None latency_ms=284.353 reservation_id=587
idx=431 status=201 class=success code=None latency_ms=497.601 reservation_id=689
idx=432 status=201 class=success code=None latency_ms=520.588 reservation_id=780
idx=433 status=201 class=success code=None latency_ms=514.18 reservation_id=881
idx=434 status=201 class=success code=None latency_ms=552.39 reservation_id=978
idx=435 status=201 class=success code=None latency_ms=217.976 reservation_id=575
idx=436 status=201 class=success code=None latency_ms=508.583 reservation_id=679
idx=437 status=201 class=success code=None latency_ms=509.607 reservation_id=776
idx=438 status=201 class=success code=None latency_ms=534.775 reservation_id=870
idx=439 status=201 class=success code=None latency_ms=546.786 reservation_id=970
idx=440 status=201 class=success code=None latency_ms=36.234 reservation_id=543
idx=441 status=201 class=success code=None latency_ms=510.231 reservation_id=643
idx=442 status=201 class=success code=None latency_ms=502.883 reservation_id=738
idx=443 status=201 class=success code=None latency_ms=546.53 reservation_id=840
idx=444 status=201 class=success code=None latency_ms=579.089 reservation_id=944
idx=445 status=201 class=success code=None latency_ms=391.544 reservation_id=610
idx=446 status=201 class=success code=None latency_ms=494.524 reservation_id=709
idx=447 status=201 class=success code=None latency_ms=539.13 reservation_id=808
idx=448 status=201 class=success code=None latency_ms=556.943 reservation_id=909
idx=449 status=201 class=success code=None latency_ms=613.111 reservation_id=1014
idx=450 status=201 class=success code=None latency_ms=340.805 reservation_id=598
idx=451 status=201 class=success code=None latency_ms=547.477 reservation_id=707
idx=452 status=201 class=success code=None latency_ms=525.433 reservation_id=801
idx=453 status=201 class=success code=None latency_ms=573.054 reservation_id=910
idx=454 status=201 class=success code=None latency_ms=612.877 reservation_id=1013
idx=455 status=201 class=success code=None latency_ms=394.892 reservation_id=611
idx=456 status=201 class=success code=None latency_ms=518.625 reservation_id=713
idx=457 status=201 class=success code=None latency_ms=556.532 reservation_id=816
idx=458 status=201 class=success code=None latency_ms=588.207 reservation_id=921
idx=459 status=201 class=success code=None latency_ms=595.628 reservation_id=1021
idx=460 status=201 class=success code=None latency_ms=284.334 reservation_id=588
idx=461 status=201 class=success code=None latency_ms=540.241 reservation_id=694
idx=462 status=201 class=success code=None latency_ms=535.873 reservation_id=795
idx=463 status=201 class=success code=None latency_ms=553.512 reservation_id=897
idx=464 status=201 class=success code=None latency_ms=564.688 reservation_id=996
idx=465 status=201 class=success code=None latency_ms=115.929 reservation_id=554
idx=466 status=201 class=success code=None latency_ms=531.97 reservation_id=661
idx=467 status=201 class=success code=None latency_ms=533.618 reservation_id=758
idx=468 status=201 class=success code=None latency_ms=576.329 reservation_id=867
idx=469 status=201 class=success code=None latency_ms=556.143 reservation_id=967
idx=470 status=201 class=success code=None latency_ms=132.729 reservation_id=563
idx=471 status=201 class=success code=None latency_ms=543.562 reservation_id=660
idx=472 status=201 class=success code=None latency_ms=505.761 reservation_id=765
idx=473 status=201 class=success code=None latency_ms=546.595 reservation_id=863
idx=474 status=201 class=success code=None latency_ms=577.452 reservation_id=963
idx=475 status=201 class=success code=None latency_ms=404.495 reservation_id=615
idx=476 status=201 class=success code=None latency_ms=509.023 reservation_id=711
idx=477 status=201 class=success code=None latency_ms=541.603 reservation_id=811
idx=478 status=201 class=success code=None latency_ms=530.111 reservation_id=906
idx=479 status=201 class=success code=None latency_ms=601.06 reservation_id=1010
idx=480 status=201 class=success code=None latency_ms=398.804 reservation_id=614
idx=481 status=201 class=success code=None latency_ms=523.242 reservation_id=716
idx=482 status=201 class=success code=None latency_ms=542.411 reservation_id=814
idx=483 status=201 class=success code=None latency_ms=529.192 reservation_id=913
idx=484 status=201 class=success code=None latency_ms=601.242 reservation_id=1009
idx=485 status=201 class=success code=None latency_ms=164.471 reservation_id=566
idx=486 status=201 class=success code=None latency_ms=561.996 reservation_id=671
idx=487 status=201 class=success code=None latency_ms=532.804 reservation_id=777
idx=488 status=201 class=success code=None latency_ms=556.682 reservation_id=880
idx=489 status=201 class=success code=None latency_ms=552.661 reservation_id=979
idx=490 status=201 class=success code=None latency_ms=427.27 reservation_id=619
idx=491 status=201 class=success code=None latency_ms=515.943 reservation_id=718
idx=492 status=201 class=success code=None latency_ms=537.414 reservation_id=818
idx=493 status=201 class=success code=None latency_ms=561.771 reservation_id=917
idx=494 status=201 class=success code=None latency_ms=556.372 reservation_id=1012
idx=495 status=201 class=success code=None latency_ms=62.015 reservation_id=541
idx=496 status=201 class=success code=None latency_ms=547.185 reservation_id=651
idx=497 status=201 class=success code=None latency_ms=510.126 reservation_id=752
idx=498 status=201 class=success code=None latency_ms=569.369 reservation_id=853
idx=499 status=201 class=success code=None latency_ms=566.419 reservation_id=956
WROTE <REPO>\benchmark\results\20260814T070350Z-mysql-redis-performance-c100-t500-r1.json
WROTE <REPO>\benchmark\results\20260814T070350Z-mysql-redis-performance-c100-t500-r1.jsonl
