BENCH begin performance profile=h2-local N=100 round=1
base_url=http://127.0.0.1:18080 python=3.14.0 (tags/v3.14.0:ebf955d, Oct  7 2025, 10:15:03) [MSC v.1944 64 bit (AMD64)] pid=6448
LOGIN student status=200 latency_ms=54.3
LOGIN admin status=200 latency_ms=50.7
CREATE_EQUIPMENT code=BM-WARM-h2-local-065953 status=201 latency_ms=3.1
WARMUP reservation status=201 latency_ms=2.8 body={"id":515,"equipmentId":69,"requesterId":1,"requesterName":"林知夏","purpose":"warmup","startTime":"2026-08-17T06:59:53Z","endTime":"2026-08-17T07:59:53Z","status"
PERFORMANCE creating 100 dedicated equipment (one per worker)...
CREATE_EQUIPMENT code=BM-P-h2-local-20260814T065953Z-0000 status=201 latency_ms=2.8
CREATE_EQUIPMENT code=BM-P-h2-local-20260814T065953Z-0001 status=201 latency_ms=21.5
CREATE_EQUIPMENT code=BM-P-h2-local-20260814T065953Z-0002 status=201 latency_ms=15.2
CREATE_EQUIPMENT code=BM-P-h2-local-20260814T065953Z-0003 status=201 latency_ms=16.2
CREATE_EQUIPMENT code=BM-P-h2-local-20260814T065953Z-0004 status=201 latency_ms=16.1
CREATE_EQUIPMENT code=BM-P-h2-local-20260814T065953Z-0005 status=201 latency_ms=14.7
CREATE_EQUIPMENT code=BM-P-h2-local-20260814T065953Z-0006 status=201 latency_ms=16.1
CREATE_EQUIPMENT code=BM-P-h2-local-20260814T065953Z-0007 status=201 latency_ms=16.5
CREATE_EQUIPMENT code=BM-P-h2-local-20260814T065953Z-0008 status=201 latency_ms=15.2
CREATE_EQUIPMENT code=BM-P-h2-local-20260814T065953Z-0009 status=201 latency_ms=14.8
CREATE_EQUIPMENT code=BM-P-h2-local-20260814T065953Z-0010 status=201 latency_ms=15.6
CREATE_EQUIPMENT code=BM-P-h2-local-20260814T065953Z-0011 status=201 latency_ms=3.9
CREATE_EQUIPMENT code=BM-P-h2-local-20260814T065953Z-0012 status=201 latency_ms=28.0
CREATE_EQUIPMENT code=BM-P-h2-local-20260814T065953Z-0013 status=201 latency_ms=14.1
CREATE_EQUIPMENT code=BM-P-h2-local-20260814T065953Z-0014 status=201 latency_ms=14.9
CREATE_EQUIPMENT code=BM-P-h2-local-20260814T065953Z-0015 status=201 latency_ms=16.7
CREATE_EQUIPMENT code=BM-P-h2-local-20260814T065953Z-0016 status=201 latency_ms=14.2
CREATE_EQUIPMENT code=BM-P-h2-local-20260814T065953Z-0017 status=201 latency_ms=2.3
CREATE_EQUIPMENT code=BM-P-h2-local-20260814T065953Z-0018 status=201 latency_ms=13.3
CREATE_EQUIPMENT code=BM-P-h2-local-20260814T065953Z-0019 status=201 latency_ms=2.8
CREATE_EQUIPMENT code=BM-P-h2-local-20260814T065953Z-0020 status=201 latency_ms=2.0
CREATE_EQUIPMENT code=BM-P-h2-local-20260814T065953Z-0021 status=201 latency_ms=2.6
CREATE_EQUIPMENT code=BM-P-h2-local-20260814T065953Z-0022 status=201 latency_ms=2.2
CREATE_EQUIPMENT code=BM-P-h2-local-20260814T065953Z-0023 status=201 latency_ms=3.1
CREATE_EQUIPMENT code=BM-P-h2-local-20260814T065953Z-0024 status=201 latency_ms=2.2
CREATE_EQUIPMENT code=BM-P-h2-local-20260814T065953Z-0025 status=201 latency_ms=1.8
CREATE_EQUIPMENT code=BM-P-h2-local-20260814T065953Z-0026 status=201 latency_ms=2.5
CREATE_EQUIPMENT code=BM-P-h2-local-20260814T065953Z-0027 status=201 latency_ms=26.6
CREATE_EQUIPMENT code=BM-P-h2-local-20260814T065953Z-0028 status=201 latency_ms=15.3
CREATE_EQUIPMENT code=BM-P-h2-local-20260814T065953Z-0029 status=201 latency_ms=2.4
CREATE_EQUIPMENT code=BM-P-h2-local-20260814T065953Z-0030 status=201 latency_ms=1.9
CREATE_EQUIPMENT code=BM-P-h2-local-20260814T065953Z-0031 status=201 latency_ms=1.6
CREATE_EQUIPMENT code=BM-P-h2-local-20260814T065953Z-0032 status=201 latency_ms=2.0
CREATE_EQUIPMENT code=BM-P-h2-local-20260814T065953Z-0033 status=201 latency_ms=2.2
CREATE_EQUIPMENT code=BM-P-h2-local-20260814T065953Z-0034 status=201 latency_ms=2.5
CREATE_EQUIPMENT code=BM-P-h2-local-20260814T065953Z-0035 status=201 latency_ms=2.2
CREATE_EQUIPMENT code=BM-P-h2-local-20260814T065953Z-0036 status=201 latency_ms=1.9
CREATE_EQUIPMENT code=BM-P-h2-local-20260814T065953Z-0037 status=201 latency_ms=2.7
CREATE_EQUIPMENT code=BM-P-h2-local-20260814T065953Z-0038 status=201 latency_ms=28.6
CREATE_EQUIPMENT code=BM-P-h2-local-20260814T065953Z-0039 status=201 latency_ms=14.6
CREATE_EQUIPMENT code=BM-P-h2-local-20260814T065953Z-0040 status=201 latency_ms=15.4
CREATE_EQUIPMENT code=BM-P-h2-local-20260814T065953Z-0041 status=201 latency_ms=16.4
CREATE_EQUIPMENT code=BM-P-h2-local-20260814T065953Z-0042 status=201 latency_ms=2.6
CREATE_EQUIPMENT code=BM-P-h2-local-20260814T065953Z-0043 status=201 latency_ms=27.3
CREATE_EQUIPMENT code=BM-P-h2-local-20260814T065953Z-0044 status=201 latency_ms=15.8
CREATE_EQUIPMENT code=BM-P-h2-local-20260814T065953Z-0045 status=201 latency_ms=16.1
CREATE_EQUIPMENT code=BM-P-h2-local-20260814T065953Z-0046 status=201 latency_ms=15.5
CREATE_EQUIPMENT code=BM-P-h2-local-20260814T065953Z-0047 status=201 latency_ms=14.5
CREATE_EQUIPMENT code=BM-P-h2-local-20260814T065953Z-0048 status=201 latency_ms=2.9
CREATE_EQUIPMENT code=BM-P-h2-local-20260814T065953Z-0049 status=201 latency_ms=28.0
CREATE_EQUIPMENT code=BM-P-h2-local-20260814T065953Z-0050 status=201 latency_ms=15.3
CREATE_EQUIPMENT code=BM-P-h2-local-20260814T065953Z-0051 status=201 latency_ms=15.1
CREATE_EQUIPMENT code=BM-P-h2-local-20260814T065953Z-0052 status=201 latency_ms=2.8
CREATE_EQUIPMENT code=BM-P-h2-local-20260814T065953Z-0053 status=201 latency_ms=11.5
CREATE_EQUIPMENT code=BM-P-h2-local-20260814T065953Z-0054 status=201 latency_ms=16.7
CREATE_EQUIPMENT code=BM-P-h2-local-20260814T065953Z-0055 status=201 latency_ms=2.8
CREATE_EQUIPMENT code=BM-P-h2-local-20260814T065953Z-0056 status=201 latency_ms=2.8
CREATE_EQUIPMENT code=BM-P-h2-local-20260814T065953Z-0057 status=201 latency_ms=24.3
CREATE_EQUIPMENT code=BM-P-h2-local-20260814T065953Z-0058 status=201 latency_ms=15.2
CREATE_EQUIPMENT code=BM-P-h2-local-20260814T065953Z-0059 status=201 latency_ms=15.9
CREATE_EQUIPMENT code=BM-P-h2-local-20260814T065953Z-0060 status=201 latency_ms=17.3
CREATE_EQUIPMENT code=BM-P-h2-local-20260814T065953Z-0061 status=201 latency_ms=16.0
CREATE_EQUIPMENT code=BM-P-h2-local-20260814T065953Z-0062 status=201 latency_ms=13.9
CREATE_EQUIPMENT code=BM-P-h2-local-20260814T065953Z-0063 status=201 latency_ms=15.8
CREATE_EQUIPMENT code=BM-P-h2-local-20260814T065953Z-0064 status=201 latency_ms=15.9
CREATE_EQUIPMENT code=BM-P-h2-local-20260814T065953Z-0065 status=201 latency_ms=15.5
CREATE_EQUIPMENT code=BM-P-h2-local-20260814T065953Z-0066 status=201 latency_ms=17.8
CREATE_EQUIPMENT code=BM-P-h2-local-20260814T065953Z-0067 status=201 latency_ms=14.2
CREATE_EQUIPMENT code=BM-P-h2-local-20260814T065953Z-0068 status=201 latency_ms=15.2
CREATE_EQUIPMENT code=BM-P-h2-local-20260814T065953Z-0069 status=201 latency_ms=15.0
CREATE_EQUIPMENT code=BM-P-h2-local-20260814T065953Z-0070 status=201 latency_ms=15.4
CREATE_EQUIPMENT code=BM-P-h2-local-20260814T065953Z-0071 status=201 latency_ms=15.4
CREATE_EQUIPMENT code=BM-P-h2-local-20260814T065953Z-0072 status=201 latency_ms=15.0
CREATE_EQUIPMENT code=BM-P-h2-local-20260814T065953Z-0073 status=201 latency_ms=15.2
CREATE_EQUIPMENT code=BM-P-h2-local-20260814T065953Z-0074 status=201 latency_ms=16.8
CREATE_EQUIPMENT code=BM-P-h2-local-20260814T065953Z-0075 status=201 latency_ms=15.4
CREATE_EQUIPMENT code=BM-P-h2-local-20260814T065953Z-0076 status=201 latency_ms=15.0
CREATE_EQUIPMENT code=BM-P-h2-local-20260814T065953Z-0077 status=201 latency_ms=15.3
CREATE_EQUIPMENT code=BM-P-h2-local-20260814T065953Z-0078 status=201 latency_ms=16.8
CREATE_EQUIPMENT code=BM-P-h2-local-20260814T065953Z-0079 status=201 latency_ms=14.1
CREATE_EQUIPMENT code=BM-P-h2-local-20260814T065953Z-0080 status=201 latency_ms=2.0
CREATE_EQUIPMENT code=BM-P-h2-local-20260814T065953Z-0081 status=201 latency_ms=13.6
CREATE_EQUIPMENT code=BM-P-h2-local-20260814T065953Z-0082 status=201 latency_ms=15.2
CREATE_EQUIPMENT code=BM-P-h2-local-20260814T065953Z-0083 status=201 latency_ms=2.4
CREATE_EQUIPMENT code=BM-P-h2-local-20260814T065953Z-0084 status=201 latency_ms=13.7
CREATE_EQUIPMENT code=BM-P-h2-local-20260814T065953Z-0085 status=201 latency_ms=15.0
CREATE_EQUIPMENT code=BM-P-h2-local-20260814T065953Z-0086 status=201 latency_ms=1.8
CREATE_EQUIPMENT code=BM-P-h2-local-20260814T065953Z-0087 status=201 latency_ms=13.5
CREATE_EQUIPMENT code=BM-P-h2-local-20260814T065953Z-0088 status=201 latency_ms=15.8
CREATE_EQUIPMENT code=BM-P-h2-local-20260814T065953Z-0089 status=201 latency_ms=2.3
CREATE_EQUIPMENT code=BM-P-h2-local-20260814T065953Z-0090 status=201 latency_ms=26.4
CREATE_EQUIPMENT code=BM-P-h2-local-20260814T065953Z-0091 status=201 latency_ms=16.1
CREATE_EQUIPMENT code=BM-P-h2-local-20260814T065953Z-0092 status=201 latency_ms=15.6
CREATE_EQUIPMENT code=BM-P-h2-local-20260814T065953Z-0093 status=201 latency_ms=1.9
CREATE_EQUIPMENT code=BM-P-h2-local-20260814T065953Z-0094 status=201 latency_ms=13.8
CREATE_EQUIPMENT code=BM-P-h2-local-20260814T065953Z-0095 status=201 latency_ms=2.2
CREATE_EQUIPMENT code=BM-P-h2-local-20260814T065953Z-0096 status=201 latency_ms=13.0
CREATE_EQUIPMENT code=BM-P-h2-local-20260814T065953Z-0097 status=201 latency_ms=15.3
CREATE_EQUIPMENT code=BM-P-h2-local-20260814T065953Z-0098 status=201 latency_ms=15.4
CREATE_EQUIPMENT code=BM-P-h2-local-20260814T065953Z-0099 status=201 latency_ms=15.7
PERFORMANCE start profile=h2-local concurrency=100 total=500 equipment=100 base_start=2026-08-19T06:59:54Z
---- SUMMARY ----
{
  "scenario": "performance",
  "profile": "h2-local",
  "lock_impl": "LocalReservationLock",
  "base_url": "http://127.0.0.1:18080",
  "concurrency": 100,
  "round": 1,
  "total_planned": 500,
  "total_observed": 500,
  "success_201": 500,
  "conflict_409": 0,
  "failed_other": 0,
  "status_counts": {
    "201": 500
  },
  "error_code_counts": {
    "HTTP_201": 500
  },
  "wall_seconds": 0.264923,
  "throughput_rps": 1887.3437,
  "latency_all": {
    "count": 500,
    "min_ms": 3.485,
    "avg_ms": 45.508,
    "p50_ms": 44.73,
    "p95_ms": 72.634,
    "p99_ms": 85.063,
    "max_ms": 129.421
  },
  "latency_201": {
    "count": 500,
    "min_ms": 3.485,
    "avg_ms": 45.508,
    "p50_ms": 44.73,
    "p95_ms": 72.634,
    "p99_ms": 85.063,
    "max_ms": 129.421
  },
  "latency_409": {
    "count": 0,
    "min_ms": null,
    "avg_ms": null,
    "p50_ms": null,
    "p95_ms": null,
    "p99_ms": null,
    "max_ms": null
  },
  "started_at": "2026-08-14T06:59:54+00:00",
  "equipment_ids": [
    70,
    71,
    72,
    73,
    74,
    75,
    76,
    77,
    78,
    79,
    80,
    81,
    82,
    83,
    84,
    85,
    86,
    87,
    88,
    89,
    90,
    91,
    92,
    93,
    94,
    95,
    96,
    97,
    98,
    99,
    100,
    101,
    102,
    103,
    104,
    105,
    106,
    107,
    108,
    109,
    110,
    111,
    112,
    113,
    114,
    115,
    116,
    117,
    118,
    119,
    120,
    121,
    122,
    123,
    124,
    125,
    126,
    127,
    128,
    129,
    130,
    131,
    132,
    133,
    134,
    135,
    136,
    137,
    138,
    139,
    140,
    141,
    142,
    143,
    144,
    145,
    146,
    147,
    148,
    149,
    150,
    151,
    152,
    153,
    154,
    155,
    156,
    157,
    158,
    159,
    160,
    161,
    162,
    163,
    164,
    165,
    166,
    167,
    168,
    169
  ],
  "per_worker": [
    5,
    5,
    5,
    5,
    5,
    5,
    5,
    5,
    5,
    5,
    5,
    5,
    5,
    5,
    5,
    5,
    5,
    5,
    5,
    5,
    5,
    5,
    5,
    5,
    5,
    5,
    5,
    5,
    5,
    5,
    5,
    5,
    5,
    5,
    5,
    5,
    5,
    5,
    5,
    5,
    5,
    5,
    5,
    5,
    5,
    5,
    5,
    5,
    5,
    5,
    5,
    5,
    5,
    5,
    5,
    5,
    5,
    5,
    5,
    5,
    5,
    5,
    5,
    5,
    5,
    5,
    5,
    5,
    5,
    5,
    5,
    5,
    5,
    5,
    5,
    5,
    5,
    5,
    5,
    5,
    5,
    5,
    5,
    5,
    5,
    5,
    5,
    5,
    5,
    5,
    5,
    5,
    5,
    5,
    5,
    5,
    5,
    5,
    5,
    5
  ],
  "base_start": "2026-08-19T06:59:54Z",
  "worker_exceptions": [],
  "threads_still_alive": []
}
---- PER-REQUEST ----
idx=0 status=201 class=success code=None latency_ms=19.244 reservation_id=516
idx=1 status=201 class=success code=None latency_ms=69.314 reservation_id=630
idx=2 status=201 class=success code=None latency_ms=60.302 reservation_id=731
idx=3 status=201 class=success code=None latency_ms=33.804 reservation_id=851
idx=4 status=201 class=success code=None latency_ms=45.086 reservation_id=927
idx=5 status=201 class=success code=None latency_ms=60.324 reservation_id=611
idx=6 status=201 class=success code=None latency_ms=45.225 reservation_id=690
idx=7 status=201 class=success code=None latency_ms=39.989 reservation_id=793
idx=8 status=201 class=success code=None latency_ms=72.998 reservation_id=921
idx=9 status=201 class=success code=None latency_ms=31.538 reservation_id=986
idx=10 status=201 class=success code=None latency_ms=43.258 reservation_id=541
idx=11 status=201 class=success code=None latency_ms=41.267 reservation_id=645
idx=12 status=201 class=success code=None latency_ms=50.068 reservation_id=758
idx=13 status=201 class=success code=None latency_ms=67.712 reservation_id=860
idx=14 status=201 class=success code=None latency_ms=39.555 reservation_id=969
idx=15 status=201 class=success code=None latency_ms=28.62 reservation_id=544
idx=16 status=201 class=success code=None latency_ms=55.25 reservation_id=636
idx=17 status=201 class=success code=None latency_ms=46.088 reservation_id=748
idx=18 status=201 class=success code=None latency_ms=47.179 reservation_id=805
idx=19 status=201 class=success code=None latency_ms=63.561 reservation_id=936
idx=20 status=201 class=success code=None latency_ms=23.663 reservation_id=537
idx=21 status=201 class=success code=None latency_ms=59.588 reservation_id=633
idx=22 status=201 class=success code=None latency_ms=73.624 reservation_id=749
idx=23 status=201 class=success code=None latency_ms=35.105 reservation_id=874
idx=24 status=201 class=success code=None latency_ms=62.819 reservation_id=994
idx=25 status=201 class=success code=None latency_ms=38.409 reservation_id=534
idx=26 status=201 class=success code=None latency_ms=43.965 reservation_id=650
idx=27 status=201 class=success code=None latency_ms=45.17 reservation_id=744
idx=28 status=201 class=success code=None latency_ms=58.678 reservation_id=866
idx=29 status=201 class=success code=None latency_ms=41.248 reservation_id=917
idx=30 status=201 class=success code=None latency_ms=36.745 reservation_id=553
idx=31 status=201 class=success code=None latency_ms=67.029 reservation_id=696
idx=32 status=201 class=success code=None latency_ms=33.589 reservation_id=780
idx=33 status=201 class=success code=None latency_ms=52.515 reservation_id=815
idx=34 status=201 class=success code=None latency_ms=64.164 reservation_id=1001
idx=35 status=201 class=success code=None latency_ms=55.35 reservation_id=566
idx=36 status=201 class=success code=None latency_ms=37.455 reservation_id=684
idx=37 status=201 class=success code=None latency_ms=50.424 reservation_id=786
idx=38 status=201 class=success code=None latency_ms=67.764 reservation_id=893
idx=39 status=201 class=success code=None latency_ms=36.273 reservation_id=997
idx=40 status=201 class=success code=None latency_ms=64.716 reservation_id=595
idx=41 status=201 class=success code=None latency_ms=62.088 reservation_id=738
idx=42 status=201 class=success code=None latency_ms=61.953 reservation_id=875
idx=43 status=201 class=success code=None latency_ms=42.411 reservation_id=953
idx=44 status=201 class=success code=None latency_ms=19.882 reservation_id=1005
idx=45 status=201 class=success code=None latency_ms=27.156 reservation_id=550
idx=46 status=201 class=success code=None latency_ms=23.754 reservation_id=603
idx=47 status=201 class=success code=None latency_ms=38.989 reservation_id=664
idx=48 status=201 class=success code=None latency_ms=57.014 reservation_id=763
idx=49 status=201 class=success code=None latency_ms=39.928 reservation_id=847
idx=50 status=201 class=success code=None latency_ms=23.432 reservation_id=554
idx=51 status=201 class=success code=None latency_ms=37.939 reservation_id=608
idx=52 status=201 class=success code=None latency_ms=33.871 reservation_id=677
idx=53 status=201 class=success code=None latency_ms=42.148 reservation_id=740
idx=54 status=201 class=success code=None latency_ms=34.923 reservation_id=837
idx=55 status=201 class=success code=None latency_ms=45.277 reservation_id=600
idx=56 status=201 class=success code=None latency_ms=66.369 reservation_id=688
idx=57 status=201 class=success code=None latency_ms=43.525 reservation_id=816
idx=58 status=201 class=success code=None latency_ms=47.387 reservation_id=900
idx=59 status=201 class=success code=None latency_ms=33.525 reservation_id=973
idx=60 status=201 class=success code=None latency_ms=40.504 reservation_id=569
idx=61 status=201 class=success code=None latency_ms=59.001 reservation_id=691
idx=62 status=201 class=success code=None latency_ms=91.687 reservation_id=783
idx=63 status=201 class=success code=None latency_ms=55.662 reservation_id=982
idx=64 status=201 class=success code=None latency_ms=11.442 reservation_id=1013
idx=65 status=201 class=success code=None latency_ms=38.241 reservation_id=567
idx=66 status=201 class=success code=None latency_ms=58.927 reservation_id=687
idx=67 status=201 class=success code=None latency_ms=49.348 reservation_id=798
idx=68 status=201 class=success code=None latency_ms=66.995 reservation_id=915
idx=69 status=201 class=success code=None latency_ms=38.547 reservation_id=998
idx=70 status=201 class=success code=None latency_ms=62.642 reservation_id=594
idx=71 status=201 class=success code=None latency_ms=38.755 reservation_id=701
idx=72 status=201 class=success code=None latency_ms=54.837 reservation_id=797
idx=73 status=201 class=success code=None latency_ms=36.143 reservation_id=880
idx=74 status=201 class=success code=None latency_ms=40.4 reservation_id=952
idx=75 status=201 class=success code=None latency_ms=53.895 reservation_id=616
idx=76 status=201 class=success code=None latency_ms=30.641 reservation_id=666
idx=77 status=201 class=success code=None latency_ms=54.342 reservation_id=751
idx=78 status=201 class=success code=None latency_ms=40.919 reservation_id=840
idx=79 status=201 class=success code=None latency_ms=49.159 reservation_id=942
idx=80 status=201 class=success code=None latency_ms=33.089 reservation_id=551
idx=81 status=201 class=success code=None latency_ms=37.61 reservation_id=635
idx=82 status=201 class=success code=None latency_ms=47.331 reservation_id=725
idx=83 status=201 class=success code=None latency_ms=80.599 reservation_id=843
idx=84 status=201 class=success code=None latency_ms=36.072 reservation_id=945
idx=85 status=201 class=success code=None latency_ms=15.665 reservation_id=529
idx=86 status=201 class=success code=None latency_ms=72.325 reservation_id=699
idx=87 status=201 class=success code=None latency_ms=35.855 reservation_id=746
idx=88 status=201 class=success code=None latency_ms=55.393 reservation_id=853
idx=89 status=201 class=success code=None latency_ms=52.446 reservation_id=943
idx=90 status=201 class=success code=None latency_ms=50.941 reservation_id=563
idx=91 status=201 class=success code=None latency_ms=38.772 reservation_id=683
idx=92 status=201 class=success code=None latency_ms=46.782 reservation_id=769
idx=93 status=201 class=success code=None latency_ms=53.281 reservation_id=863
idx=94 status=201 class=success code=None latency_ms=45.803 reservation_id=971
idx=95 status=201 class=success code=None latency_ms=30.805 reservation_id=539
idx=96 status=201 class=success code=None latency_ms=50.943 reservation_id=643
idx=97 status=201 class=success code=None latency_ms=67.835 reservation_id=775
idx=98 status=201 class=success code=None latency_ms=73.653 reservation_id=919
idx=99 status=201 class=success code=None latency_ms=17.462 reservation_id=992
idx=100 status=201 class=success code=None latency_ms=35.336 reservation_id=517
idx=101 status=201 class=success code=None latency_ms=54.541 reservation_id=686
idx=102 status=201 class=success code=None latency_ms=50.067 reservation_id=757
idx=103 status=201 class=success code=None latency_ms=34.298 reservation_id=854
idx=104 status=201 class=success code=None latency_ms=43.273 reservation_id=925
idx=105 status=201 class=success code=None latency_ms=38.06 reservation_id=572
idx=106 status=201 class=success code=None latency_ms=67.056 reservation_id=685
idx=107 status=201 class=success code=None latency_ms=34.075 reservation_id=765
idx=108 status=201 class=success code=None latency_ms=51.168 reservation_id=864
idx=109 status=201 class=success code=None latency_ms=52.409 reservation_id=963
idx=110 status=201 class=success code=None latency_ms=22.021 reservation_id=538
idx=111 status=201 class=success code=None latency_ms=47.354 reservation_id=632
idx=112 status=201 class=success code=None latency_ms=23.422 reservation_id=692
idx=113 status=201 class=success code=None latency_ms=74.542 reservation_id=785
idx=114 status=201 class=success code=None latency_ms=43.65 reservation_id=931
idx=115 status=201 class=success code=None latency_ms=54.801 reservation_id=587
idx=116 status=201 class=success code=None latency_ms=61.702 reservation_id=716
idx=117 status=201 class=success code=None latency_ms=33.11 reservation_id=759
idx=118 status=201 class=success code=None latency_ms=38.733 reservation_id=848
idx=119 status=201 class=success code=None latency_ms=48.304 reservation_id=967
idx=120 status=201 class=success code=None latency_ms=38.459 reservation_id=601
idx=121 status=201 class=success code=None latency_ms=53.898 reservation_id=700
idx=122 status=201 class=success code=None latency_ms=35.254 reservation_id=772
idx=123 status=201 class=success code=None latency_ms=73.081 reservation_id=928
idx=124 status=201 class=success code=None latency_ms=33.977 reservation_id=991
idx=125 status=201 class=success code=None latency_ms=33.615 reservation_id=568
idx=126 status=201 class=success code=None latency_ms=37.255 reservation_id=634
idx=127 status=201 class=success code=None latency_ms=27.811 reservation_id=697
idx=128 status=201 class=success code=None latency_ms=59.858 reservation_id=792
idx=129 status=201 class=success code=None latency_ms=43.336 reservation_id=907
idx=130 status=201 class=success code=None latency_ms=44.181 reservation_id=591
idx=131 status=201 class=success code=None latency_ms=129.421 reservation_id=766
idx=132 status=201 class=success code=None latency_ms=69.491 reservation_id=944
idx=133 status=201 class=success code=None latency_ms=8.474 reservation_id=1014
idx=134 status=201 class=success code=None latency_ms=3.485 reservation_id=1015
idx=135 status=201 class=success code=None latency_ms=27.712 reservation_id=573
idx=136 status=201 class=success code=None latency_ms=67.288 reservation_id=693
idx=137 status=201 class=success code=None latency_ms=43.263 reservation_id=778
idx=138 status=201 class=success code=None latency_ms=71.252 reservation_id=887
idx=139 status=201 class=success code=None latency_ms=27.918 reservation_id=976
idx=140 status=201 class=success code=None latency_ms=68.55 reservation_id=610
idx=141 status=201 class=success code=None latency_ms=50.458 reservation_id=732
idx=142 status=201 class=success code=None latency_ms=45.492 reservation_id=822
idx=143 status=201 class=success code=None latency_ms=71.416 reservation_id=950
idx=144 status=201 class=success code=None latency_ms=18.656 reservation_id=1007
idx=145 status=201 class=success code=None latency_ms=36.986 reservation_id=565
idx=146 status=201 class=success code=None latency_ms=40.33 reservation_id=651
idx=147 status=201 class=success code=None latency_ms=48.233 reservation_id=741
idx=148 status=201 class=success code=None latency_ms=31.131 reservation_id=811
idx=149 status=201 class=success code=None latency_ms=58.053 reservation_id=906
idx=150 status=201 class=success code=None latency_ms=8.805 reservation_id=526
idx=151 status=201 class=success code=None latency_ms=32.173 reservation_id=597
idx=152 status=201 class=success code=None latency_ms=39.966 reservation_id=662
idx=153 status=201 class=success code=None latency_ms=47.009 reservation_id=726
idx=154 status=201 class=success code=None latency_ms=34.662 reservation_id=845
idx=155 status=201 class=success code=None latency_ms=35.642 reservation_id=536
idx=156 status=201 class=success code=None latency_ms=36.544 reservation_id=640
idx=157 status=201 class=success code=None latency_ms=38.066 reservation_id=720
idx=158 status=201 class=success code=None latency_ms=36.831 reservation_id=784
idx=159 status=201 class=success code=None latency_ms=46.889 reservation_id=879
idx=160 status=201 class=success code=None latency_ms=56.994 reservation_id=604
idx=161 status=201 class=success code=None latency_ms=51.371 reservation_id=706
idx=162 status=201 class=success code=None latency_ms=57.349 reservation_id=827
idx=163 status=201 class=success code=None latency_ms=47.443 reservation_id=911
idx=164 status=201 class=success code=None latency_ms=32.13 reservation_id=999
idx=165 status=201 class=success code=None latency_ms=45.472 reservation_id=571
idx=166 status=201 class=success code=None latency_ms=41.813 reservation_id=694
idx=167 status=201 class=success code=None latency_ms=43.694 reservation_id=747
idx=168 status=201 class=success code=None latency_ms=32.634 reservation_id=821
idx=169 status=201 class=success code=None latency_ms=58.896 reservation_id=932
idx=170 status=201 class=success code=None latency_ms=32.259 reservation_id=590
idx=171 status=201 class=success code=None latency_ms=43.514 reservation_id=673
idx=172 status=201 class=success code=None latency_ms=29.168 reservation_id=722
idx=173 status=201 class=success code=None latency_ms=38.788 reservation_id=807
idx=174 status=201 class=success code=None latency_ms=54.041 reservation_id=898
idx=175 status=201 class=success code=None latency_ms=18.3 reservation_id=524
idx=176 status=201 class=success code=None latency_ms=54.665 reservation_id=641
idx=177 status=201 class=success code=None latency_ms=53.959 reservation_id=737
idx=178 status=201 class=success code=None latency_ms=54.301 reservation_id=872
idx=179 status=201 class=success code=None latency_ms=56.12 reservation_id=948
idx=180 status=201 class=success code=None latency_ms=25.68 reservation_id=525
idx=181 status=201 class=success code=None latency_ms=42.475 reservation_id=649
idx=182 status=201 class=success code=None latency_ms=49.402 reservation_id=735
idx=183 status=201 class=success code=None latency_ms=33.307 reservation_id=812
idx=184 status=201 class=success code=None latency_ms=50.099 reservation_id=896
idx=185 status=201 class=success code=None latency_ms=16.439 reservation_id=522
idx=186 status=201 class=success code=None latency_ms=82.175 reservation_id=668
idx=187 status=201 class=success code=None latency_ms=53.665 reservation_id=782
idx=188 status=201 class=success code=None latency_ms=61.507 reservation_id=903
idx=189 status=201 class=success code=None latency_ms=18.487 reservation_id=966
idx=190 status=201 class=success code=None latency_ms=69.728 reservation_id=620
idx=191 status=201 class=success code=None latency_ms=43.027 reservation_id=709
idx=192 status=201 class=success code=None latency_ms=32.651 reservation_id=789
idx=193 status=201 class=success code=None latency_ms=61.12 reservation_id=904
idx=194 status=201 class=success code=None latency_ms=44.536 reservation_id=996
idx=195 status=201 class=success code=None latency_ms=45.741 reservation_id=548
idx=196 status=201 class=success code=None latency_ms=51.036 reservation_id=663
idx=197 status=201 class=success code=None latency_ms=74.04 reservation_id=830
idx=198 status=201 class=success code=None latency_ms=60.489 reservation_id=938
idx=199 status=201 class=success code=None latency_ms=22.633 reservation_id=1002
idx=200 status=201 class=success code=None latency_ms=27.256 reservation_id=552
idx=201 status=201 class=success code=None latency_ms=51.465 reservation_id=646
idx=202 status=201 class=success code=None latency_ms=65.656 reservation_id=768
idx=203 status=201 class=success code=None latency_ms=29.436 reservation_id=855
idx=204 status=201 class=success code=None latency_ms=32.042 reservation_id=913
idx=205 status=201 class=success code=None latency_ms=9.931 reservation_id=519
idx=206 status=201 class=success code=None latency_ms=49.591 reservation_id=586
idx=207 status=201 class=success code=None latency_ms=50.783 reservation_id=713
idx=208 status=201 class=success code=None latency_ms=37.526 reservation_id=813
idx=209 status=201 class=success code=None latency_ms=58.211 reservation_id=884
idx=210 status=201 class=success code=None latency_ms=73.663 reservation_id=644
idx=211 status=201 class=success code=None latency_ms=38.685 reservation_id=724
idx=212 status=201 class=success code=None latency_ms=41.961 reservation_id=790
idx=213 status=201 class=success code=None latency_ms=42.026 reservation_id=902
idx=214 status=201 class=success code=None latency_ms=27.555 reservation_id=941
idx=215 status=201 class=success code=None latency_ms=21.078 reservation_id=528
idx=216 status=201 class=success code=None latency_ms=51.184 reservation_id=626
idx=217 status=201 class=success code=None latency_ms=31.942 reservation_id=704
idx=218 status=201 class=success code=None latency_ms=64.061 reservation_id=803
idx=219 status=201 class=success code=None latency_ms=56.147 reservation_id=937
idx=220 status=201 class=success code=None latency_ms=27.16 reservation_id=533
idx=221 status=201 class=success code=None latency_ms=55.414 reservation_id=639
idx=222 status=201 class=success code=None latency_ms=72.615 reservation_id=756
idx=223 status=201 class=success code=None latency_ms=43.59 reservation_id=883
idx=224 status=201 class=success code=None latency_ms=33.395 reservation_id=964
idx=225 status=201 class=success code=None latency_ms=42.008 reservation_id=562
idx=226 status=201 class=success code=None latency_ms=44.952 reservation_id=682
idx=227 status=201 class=success code=None latency_ms=29.484 reservation_id=734
idx=228 status=201 class=success code=None latency_ms=55.45 reservation_id=828
idx=229 status=201 class=success code=None latency_ms=32.233 reservation_id=897
idx=230 status=201 class=success code=None latency_ms=56.132 reservation_id=579
idx=231 status=201 class=success code=None latency_ms=19.212 reservation_id=655
idx=232 status=201 class=success code=None latency_ms=53.099 reservation_id=753
idx=233 status=201 class=success code=None latency_ms=66.147 reservation_id=885
idx=234 status=201 class=success code=None latency_ms=31.849 reservation_id=956
idx=235 status=201 class=success code=None latency_ms=99.345 reservation_id=672
idx=236 status=201 class=success code=None latency_ms=34.212 reservation_id=745
idx=237 status=201 class=success code=None latency_ms=52.614 reservation_id=873
idx=238 status=201 class=success code=None latency_ms=39.669 reservation_id=957
idx=239 status=201 class=success code=None latency_ms=26.912 reservation_id=1003
idx=240 status=201 class=success code=None latency_ms=18.868 reservation_id=530
idx=241 status=201 class=success code=None latency_ms=27.83 reservation_id=602
idx=242 status=201 class=success code=None latency_ms=24.181 reservation_id=656
idx=243 status=201 class=success code=None latency_ms=61.768 reservation_id=767
idx=244 status=201 class=success code=None latency_ms=59.268 reservation_id=877
idx=245 status=201 class=success code=None latency_ms=68.605 reservation_id=615
idx=246 status=201 class=success code=None latency_ms=61.683 reservation_id=717
idx=247 status=201 class=success code=None latency_ms=44.337 reservation_id=829
idx=248 status=201 class=success code=None latency_ms=55.301 reservation_id=920
idx=249 status=201 class=success code=None latency_ms=25.328 reservation_id=1009
idx=250 status=201 class=success code=None latency_ms=31.027 reservation_id=580
idx=251 status=201 class=success code=None latency_ms=33.145 reservation_id=638
idx=252 status=201 class=success code=None latency_ms=57.461 reservation_id=742
idx=253 status=201 class=success code=None latency_ms=36.601 reservation_id=834
idx=254 status=201 class=success code=None latency_ms=40.343 reservation_id=901
idx=255 status=201 class=success code=None latency_ms=27.753 reservation_id=521
idx=256 status=201 class=success code=None latency_ms=36.058 reservation_id=623
idx=257 status=201 class=success code=None latency_ms=23.27 reservation_id=674
idx=258 status=201 class=success code=None latency_ms=43.787 reservation_id=777
idx=259 status=201 class=success code=None latency_ms=38.239 reservation_id=817
idx=260 status=201 class=success code=None latency_ms=15.539 reservation_id=520
idx=261 status=201 class=success code=None latency_ms=74.016 reservation_id=653
idx=262 status=201 class=success code=None latency_ms=31.904 reservation_id=754
idx=263 status=201 class=success code=None latency_ms=37.718 reservation_id=820
idx=264 status=201 class=success code=None latency_ms=30.314 reservation_id=862
idx=265 status=201 class=success code=None latency_ms=58.944 reservation_id=605
idx=266 status=201 class=success code=None latency_ms=33.089 reservation_id=667
idx=267 status=201 class=success code=None latency_ms=47.878 reservation_id=779
idx=268 status=201 class=success code=None latency_ms=52.121 reservation_id=861
idx=269 status=201 class=success code=None latency_ms=40.583 reservation_id=954
idx=270 status=201 class=success code=None latency_ms=58.247 reservation_id=593
idx=271 status=201 class=success code=None latency_ms=44.914 reservation_id=708
idx=272 status=201 class=success code=None latency_ms=36.388 reservation_id=764
idx=273 status=201 class=success code=None latency_ms=56.949 reservation_id=892
idx=274 status=201 class=success code=None latency_ms=40.981 reservation_id=955
idx=275 status=201 class=success code=None latency_ms=37.246 reservation_id=561
idx=276 status=201 class=success code=None latency_ms=59.584 reservation_id=652
idx=277 status=201 class=success code=None latency_ms=81.795 reservation_id=857
idx=278 status=201 class=success code=None latency_ms=44.32 reservation_id=949
idx=279 status=201 class=success code=None latency_ms=27.49 reservation_id=1006
idx=280 status=201 class=success code=None latency_ms=49.439 reservation_id=589
idx=281 status=201 class=success code=None latency_ms=73.671 reservation_id=728
idx=282 status=201 class=success code=None latency_ms=30.768 reservation_id=810
idx=283 status=201 class=success code=None latency_ms=58.394 reservation_id=908
idx=284 status=201 class=success code=None latency_ms=28.434 reservation_id=977
idx=285 status=201 class=success code=None latency_ms=19.216 reservation_id=545
idx=286 status=201 class=success code=None latency_ms=65.669 reservation_id=647
idx=287 status=201 class=success code=None latency_ms=69.35 reservation_id=809
idx=288 status=201 class=success code=None latency_ms=27.939 reservation_id=856
idx=289 status=201 class=success code=None latency_ms=28.687 reservation_id=934
idx=290 status=201 class=success code=None latency_ms=40.016 reservation_id=570
idx=291 status=201 class=success code=None latency_ms=59.633 reservation_id=676
idx=292 status=201 class=success code=None latency_ms=59.025 reservation_id=776
idx=293 status=201 class=success code=None latency_ms=43.414 reservation_id=867
idx=294 status=201 class=success code=None latency_ms=42.118 reservation_id=968
idx=295 status=201 class=success code=None latency_ms=50.481 reservation_id=592
idx=296 status=201 class=success code=None latency_ms=51.454 reservation_id=669
idx=297 status=201 class=success code=None latency_ms=75.75 reservation_id=838
idx=298 status=201 class=success code=None latency_ms=60.231 reservation_id=939
idx=299 status=201 class=success code=None latency_ms=12.473 reservation_id=1010
idx=300 status=201 class=success code=None latency_ms=26.225 reservation_id=564
idx=301 status=201 class=success code=None latency_ms=92.853 reservation_id=689
idx=302 status=201 class=success code=None latency_ms=69.238 reservation_id=823
idx=303 status=201 class=success code=None latency_ms=26.142 reservation_id=940
idx=304 status=201 class=success code=None latency_ms=21.36 reservation_id=981
idx=305 status=201 class=success code=None latency_ms=19.11 reservation_id=555
idx=306 status=201 class=success code=None latency_ms=62.117 reservation_id=621
idx=307 status=201 class=success code=None latency_ms=47.44 reservation_id=710
idx=308 status=201 class=success code=None latency_ms=41.783 reservation_id=826
idx=309 status=201 class=success code=None latency_ms=40.153 reservation_id=923
idx=310 status=201 class=success code=None latency_ms=48.908 reservation_id=583
idx=311 status=201 class=success code=None latency_ms=76.343 reservation_id=736
idx=312 status=201 class=success code=None latency_ms=72.555 reservation_id=865
idx=313 status=201 class=success code=None latency_ms=48.861 reservation_id=985
idx=314 status=201 class=success code=None latency_ms=9.982 reservation_id=1012
idx=315 status=201 class=success code=None latency_ms=16.531 reservation_id=527
idx=316 status=201 class=success code=None latency_ms=43.448 reservation_id=631
idx=317 status=201 class=success code=None latency_ms=36.11 reservation_id=705
idx=318 status=201 class=success code=None latency_ms=47.437 reservation_id=795
idx=319 status=201 class=success code=None latency_ms=53.434 reservation_id=882
idx=320 status=201 class=success code=None latency_ms=29.267 reservation_id=582
idx=321 status=201 class=success code=None latency_ms=40.275 reservation_id=637
idx=322 status=201 class=success code=None latency_ms=57.128 reservation_id=730
idx=323 status=201 class=success code=None latency_ms=54.225 reservation_id=844
idx=324 status=201 class=success code=None latency_ms=36.899 reservation_id=935
idx=325 status=201 class=success code=None latency_ms=57.814 reservation_id=625
idx=326 status=201 class=success code=None latency_ms=35.247 reservation_id=695
idx=327 status=201 class=success code=None latency_ms=30.848 reservation_id=739
idx=328 status=201 class=success code=None latency_ms=32.122 reservation_id=832
idx=329 status=201 class=success code=None latency_ms=26.478 reservation_id=881
idx=330 status=201 class=success code=None latency_ms=26.473 reservation_id=547
idx=331 status=201 class=success code=None latency_ms=54.658 reservation_id=657
idx=332 status=201 class=success code=None latency_ms=55.078 reservation_id=771
idx=333 status=201 class=success code=None latency_ms=42.433 reservation_id=849
idx=334 status=201 class=success code=None latency_ms=44.377 reservation_id=951
idx=335 status=201 class=success code=None latency_ms=54.595 reservation_id=614
idx=336 status=201 class=success code=None latency_ms=53.592 reservation_id=719
idx=337 status=201 class=success code=None latency_ms=52.398 reservation_id=814
idx=338 status=201 class=success code=None latency_ms=69.208 reservation_id=916
idx=339 status=201 class=success code=None latency_ms=21.895 reservation_id=1008
idx=340 status=201 class=success code=None latency_ms=16.608 reservation_id=523
idx=341 status=201 class=success code=None latency_ms=40.679 reservation_id=599
idx=342 status=201 class=success code=None latency_ms=52.257 reservation_id=702
idx=343 status=201 class=success code=None latency_ms=59.516 reservation_id=846
idx=344 status=201 class=success code=None latency_ms=43.801 reservation_id=933
idx=345 status=201 class=success code=None latency_ms=40.703 reservation_id=575
idx=346 status=201 class=success code=None latency_ms=66.106 reservation_id=679
idx=347 status=201 class=success code=None latency_ms=58.063 reservation_id=819
idx=348 status=201 class=success code=None latency_ms=54.756 reservation_id=914
idx=349 status=201 class=success code=None latency_ms=30.544 reservation_id=989
idx=350 status=201 class=success code=None latency_ms=37.152 reservation_id=581
idx=351 status=201 class=success code=None latency_ms=33.51 reservation_id=629
idx=352 status=201 class=success code=None latency_ms=32.795 reservation_id=707
idx=353 status=201 class=success code=None latency_ms=34.329 reservation_id=788
idx=354 status=201 class=success code=None latency_ms=46.367 reservation_id=871
idx=355 status=201 class=success code=None latency_ms=52.674 reservation_id=613
idx=356 status=201 class=success code=None latency_ms=37.365 reservation_id=675
idx=357 status=201 class=success code=None latency_ms=57.93 reservation_id=796
idx=358 status=201 class=success code=None latency_ms=57.727 reservation_id=889
idx=359 status=201 class=success code=None latency_ms=34.574 reservation_id=972
idx=360 status=201 class=success code=None latency_ms=73.128 reservation_id=622
idx=361 status=201 class=success code=None latency_ms=46.29 reservation_id=752
idx=362 status=201 class=success code=None latency_ms=51.92 reservation_id=833
idx=363 status=201 class=success code=None latency_ms=51.487 reservation_id=946
idx=364 status=201 class=success code=None latency_ms=14.076 reservation_id=983
idx=365 status=201 class=success code=None latency_ms=53.982 reservation_id=574
idx=366 status=201 class=success code=None latency_ms=42.19 reservation_id=670
idx=367 status=201 class=success code=None latency_ms=51.85 reservation_id=804
idx=368 status=201 class=success code=None latency_ms=57.361 reservation_id=888
idx=369 status=201 class=success code=None latency_ms=46.581 reservation_id=1000
idx=370 status=201 class=success code=None latency_ms=34.068 reservation_id=549
idx=371 status=201 class=success code=None latency_ms=60.851 reservation_id=680
idx=372 status=201 class=success code=None latency_ms=40.831 reservation_id=750
idx=373 status=201 class=success code=None latency_ms=46.742 reservation_id=839
idx=374 status=201 class=success code=None latency_ms=59.215 reservation_id=978
idx=375 status=201 class=success code=None latency_ms=37.219 reservation_id=576
idx=376 status=201 class=success code=None latency_ms=60.177 reservation_id=671
idx=377 status=201 class=success code=None latency_ms=68.199 reservation_id=806
idx=378 status=201 class=success code=None latency_ms=43.513 reservation_id=922
idx=379 status=201 class=success code=None latency_ms=32.72 reservation_id=987
idx=380 status=201 class=success code=None latency_ms=19.026 reservation_id=560
idx=381 status=201 class=success code=None latency_ms=47.255 reservation_id=624
idx=382 status=201 class=success code=None latency_ms=49.327 reservation_id=733
idx=383 status=201 class=success code=None latency_ms=66.657 reservation_id=876
idx=384 status=201 class=success code=None latency_ms=23.957 reservation_id=930
idx=385 status=201 class=success code=None latency_ms=27.082 reservation_id=556
idx=386 status=201 class=success code=None latency_ms=62.049 reservation_id=642
idx=387 status=201 class=success code=None latency_ms=51.068 reservation_id=794
idx=388 status=201 class=success code=None latency_ms=44.383 reservation_id=870
idx=389 status=201 class=success code=None latency_ms=37.959 reservation_id=947
idx=390 status=201 class=success code=None latency_ms=26.106 reservation_id=535
idx=391 status=201 class=success code=None latency_ms=44.251 reservation_id=619
idx=392 status=201 class=success code=None latency_ms=71.404 reservation_id=755
idx=393 status=201 class=success code=None latency_ms=61.118 reservation_id=895
idx=394 status=201 class=success code=None latency_ms=33.517 reservation_id=979
idx=395 status=201 class=success code=None latency_ms=32.838 reservation_id=532
idx=396 status=201 class=success code=None latency_ms=81.837 reservation_id=703
idx=397 status=201 class=success code=None latency_ms=49.615 reservation_id=799
idx=398 status=201 class=success code=None latency_ms=47.8 reservation_id=918
idx=399 status=201 class=success code=None latency_ms=24.596 reservation_id=970
idx=400 status=201 class=success code=None latency_ms=17.483 reservation_id=546
idx=401 status=201 class=success code=None latency_ms=59.186 reservation_id=658
idx=402 status=201 class=success code=None latency_ms=49.511 reservation_id=773
idx=403 status=201 class=success code=None latency_ms=70.266 reservation_id=894
idx=404 status=201 class=success code=None latency_ms=47.159 reservation_id=990
idx=405 status=201 class=success code=None latency_ms=29.468 reservation_id=531
idx=406 status=201 class=success code=None latency_ms=43.552 reservation_id=648
idx=407 status=201 class=success code=None latency_ms=85.033 reservation_id=791
idx=408 status=201 class=success code=None latency_ms=75.387 reservation_id=958
idx=409 status=201 class=success code=None latency_ms=19.985 reservation_id=1011
idx=410 status=201 class=success code=None latency_ms=45.813 reservation_id=584
idx=411 status=201 class=success code=None latency_ms=61.311 reservation_id=721
idx=412 status=201 class=success code=None latency_ms=33.089 reservation_id=801
idx=413 status=201 class=success code=None latency_ms=38.102 reservation_id=868
idx=414 status=201 class=success code=None latency_ms=44.616 reservation_id=962
idx=415 status=201 class=success code=None latency_ms=45.135 reservation_id=557
idx=416 status=201 class=success code=None latency_ms=46.595 reservation_id=678
idx=417 status=201 class=success code=None latency_ms=53.994 reservation_id=761
idx=418 status=201 class=success code=None latency_ms=71.103 reservation_id=869
idx=419 status=201 class=success code=None latency_ms=31.679 reservation_id=993
idx=420 status=201 class=success code=None latency_ms=17.152 reservation_id=542
idx=421 status=201 class=success code=None latency_ms=31.033 reservation_id=606
idx=422 status=201 class=success code=None latency_ms=23.555 reservation_id=661
idx=423 status=201 class=success code=None latency_ms=36.752 reservation_id=729
idx=424 status=201 class=success code=None latency_ms=65.096 reservation_id=850
idx=425 status=201 class=success code=None latency_ms=64.835 reservation_id=628
idx=426 status=201 class=success code=None latency_ms=47.235 reservation_id=727
idx=427 status=201 class=success code=None latency_ms=38.759 reservation_id=800
idx=428 status=201 class=success code=None latency_ms=47.19 reservation_id=890
idx=429 status=201 class=success code=None latency_ms=37.511 reservation_id=961
idx=430 status=201 class=success code=None latency_ms=14.795 reservation_id=518
idx=431 status=201 class=success code=None latency_ms=35.149 reservation_id=609
idx=432 status=201 class=success code=None latency_ms=78.204 reservation_id=711
idx=433 status=201 class=success code=None latency_ms=55.763 reservation_id=858
idx=434 status=201 class=success code=None latency_ms=59.935 reservation_id=974
idx=435 status=201 class=success code=None latency_ms=22.137 reservation_id=558
idx=436 status=201 class=success code=None latency_ms=37.65 reservation_id=596
idx=437 status=201 class=success code=None latency_ms=46.246 reservation_id=698
idx=438 status=201 class=success code=None latency_ms=50.333 reservation_id=787
idx=439 status=201 class=success code=None latency_ms=50.513 reservation_id=910
idx=440 status=201 class=success code=None latency_ms=61.235 reservation_id=559
idx=441 status=201 class=success code=None latency_ms=50.045 reservation_id=712
idx=442 status=201 class=success code=None latency_ms=51.722 reservation_id=824
idx=443 status=201 class=success code=None latency_ms=33.072 reservation_id=886
idx=444 status=201 class=success code=None latency_ms=41.076 reservation_id=975
idx=445 status=201 class=success code=None latency_ms=51.782 reservation_id=617
idx=446 status=201 class=success code=None latency_ms=60.14 reservation_id=718
idx=447 status=201 class=success code=None latency_ms=53.405 reservation_id=831
idx=448 status=201 class=success code=None latency_ms=49.84 reservation_id=929
idx=449 status=201 class=success code=None latency_ms=22.529 reservation_id=988
idx=450 status=201 class=success code=None latency_ms=44.947 reservation_id=607
idx=451 status=201 class=success code=None latency_ms=51.126 reservation_id=659
idx=452 status=201 class=success code=None latency_ms=35.886 reservation_id=770
idx=453 status=201 class=success code=None latency_ms=43.161 reservation_id=836
idx=454 status=201 class=success code=None latency_ms=30.078 reservation_id=909
idx=455 status=201 class=success code=None latency_ms=24.079 reservation_id=540
idx=456 status=201 class=success code=None latency_ms=26.728 reservation_id=612
idx=457 status=201 class=success code=None latency_ms=49.891 reservation_id=681
idx=458 status=201 class=success code=None latency_ms=39.905 reservation_id=774
idx=459 status=201 class=success code=None latency_ms=42.666 reservation_id=842
idx=460 status=201 class=success code=None latency_ms=45.944 reservation_id=585
idx=461 status=201 class=success code=None latency_ms=35.82 reservation_id=665
idx=462 status=201 class=success code=None latency_ms=88.064 reservation_id=802
idx=463 status=201 class=success code=None latency_ms=47.777 reservation_id=926
idx=464 status=201 class=success code=None latency_ms=26.932 reservation_id=995
idx=465 status=201 class=success code=None latency_ms=51.24 reservation_id=588
idx=466 status=201 class=success code=None latency_ms=63.42 reservation_id=743
idx=467 status=201 class=success code=None latency_ms=36.333 reservation_id=808
idx=468 status=201 class=success code=None latency_ms=35.45 reservation_id=878
idx=469 status=201 class=success code=None latency_ms=48.631 reservation_id=960
idx=470 status=201 class=success code=None latency_ms=37.96 reservation_id=577
idx=471 status=201 class=success code=None latency_ms=66.831 reservation_id=715
idx=472 status=201 class=success code=None latency_ms=52.38 reservation_id=825
idx=473 status=201 class=success code=None latency_ms=44.843 reservation_id=905
idx=474 status=201 class=success code=None latency_ms=40.242 reservation_id=980
idx=475 status=201 class=success code=None latency_ms=58.37 reservation_id=598
idx=476 status=201 class=success code=None latency_ms=64.051 reservation_id=714
idx=477 status=201 class=success code=None latency_ms=32.636 reservation_id=818
idx=478 status=201 class=success code=None latency_ms=46.509 reservation_id=899
idx=479 status=201 class=success code=None latency_ms=39.481 reservation_id=984
idx=480 status=201 class=success code=None latency_ms=45.174 reservation_id=578
idx=481 status=201 class=success code=None latency_ms=38.622 reservation_id=660
idx=482 status=201 class=success code=None latency_ms=57.154 reservation_id=762
idx=483 status=201 class=success code=None latency_ms=41.045 reservation_id=859
idx=484 status=201 class=success code=None latency_ms=31.389 reservation_id=924
idx=485 status=201 class=success code=None latency_ms=16.697 reservation_id=543
idx=486 status=201 class=success code=None latency_ms=73.256 reservation_id=654
idx=487 status=201 class=success code=None latency_ms=60.478 reservation_id=781
idx=488 status=201 class=success code=None latency_ms=18.587 reservation_id=852
idx=489 status=201 class=success code=None latency_ms=47.654 reservation_id=912
idx=490 status=201 class=success code=None latency_ms=63.213 reservation_id=627
idx=491 status=201 class=success code=None latency_ms=46.913 reservation_id=723
idx=492 status=201 class=success code=None latency_ms=50.76 reservation_id=835
idx=493 status=201 class=success code=None latency_ms=32.459 reservation_id=891
idx=494 status=201 class=success code=None latency_ms=32.83 reservation_id=959
idx=495 status=201 class=success code=None latency_ms=68.77 reservation_id=618
idx=496 status=201 class=success code=None latency_ms=71.248 reservation_id=760
idx=497 status=201 class=success code=None latency_ms=26.175 reservation_id=841
idx=498 status=201 class=success code=None latency_ms=67.765 reservation_id=965
idx=499 status=201 class=success code=None latency_ms=16.768 reservation_id=1004
WROTE <REPO>\benchmark\results\20260814T065933Z-h2-local-performance-c100-t500-r1.json
WROTE <REPO>\benchmark\results\20260814T065933Z-h2-local-performance-c100-t500-r1.jsonl
