BENCH begin correctness profile=mysql-redis N=200 round=3
base_url=http://127.0.0.1:18080 python=3.14.0 (tags/v3.14.0:ebf955d, Oct  7 2025, 10:15:03) [MSC v.1944 64 bit (AMD64)] pid=3000
LOGIN student status=200 latency_ms=85.0
LOGIN admin status=200 latency_ms=77.4
CREATE_EQUIPMENT code=BM-C-mysql-redis-20260814T070440Z-200-R3 status=201 latency_ms=39.3
CORRECTNESS start profile=mysql-redis N=200 round=3 equipmentId=26 startTime=2026-08-18T10:04:40Z endTime=2026-08-18T11:04:40Z
---- SUMMARY ----
{
  "scenario": "correctness",
  "profile": "mysql-redis",
  "lock_impl": "RedisReservationLock",
  "base_url": "http://127.0.0.1:18080",
  "concurrency": 200,
  "round": 3,
  "total_planned": 200,
  "total_observed": 200,
  "success_201": 1,
  "conflict_409": 199,
  "failed_other": 0,
  "status_counts": {
    "201": 1,
    "409": 199
  },
  "error_code_counts": {
    "RESERVATION_CONFLICT": 165,
    "RESERVATION_LOCK_TIMEOUT": 34,
    "HTTP_201": 1
  },
  "wall_seconds": 2.10095,
  "throughput_rps": 95.19504,
  "latency_all": {
    "count": 200,
    "min_ms": 48.709,
    "avg_ms": 1048.354,
    "p50_ms": 960.228,
    "p95_ms": 2078.988,
    "p99_ms": 2090.618,
    "max_ms": 2097.812
  },
  "latency_201": {
    "count": 1,
    "min_ms": 48.709,
    "avg_ms": 48.709,
    "p50_ms": 48.709,
    "p95_ms": 48.709,
    "p99_ms": 48.709,
    "max_ms": 48.709
  },
  "latency_409": {
    "count": 199,
    "min_ms": 49.647,
    "avg_ms": 1053.378,
    "p50_ms": 960.307,
    "p95_ms": 2079.1,
    "p99_ms": 2090.632,
    "max_ms": 2097.812
  },
  "started_at": "2026-08-14T07:04:42+00:00",
  "equipment_id": 26,
  "equipment_code": "BM-C-mysql-redis-20260814T070440Z-200-R3",
  "start_time": "2026-08-18T10:04:40Z",
  "end_time": "2026-08-18T11:04:40Z",
  "worker_exceptions": [],
  "threads_still_alive": []
}
---- PER-REQUEST ----
idx=0 status=409 class=conflict code=RESERVATION_CONFLICT latency_ms=1526.421 reservation_id=None
idx=1 status=409 class=conflict code=RESERVATION_CONFLICT latency_ms=1577.733 reservation_id=None
idx=2 status=409 class=conflict code=RESERVATION_CONFLICT latency_ms=342.931 reservation_id=None
idx=3 status=409 class=conflict code=RESERVATION_LOCK_TIMEOUT latency_ms=2090.604 reservation_id=None
idx=4 status=409 class=conflict code=RESERVATION_CONFLICT latency_ms=145.95 reservation_id=None
idx=5 status=409 class=conflict code=RESERVATION_CONFLICT latency_ms=1470.931 reservation_id=None
idx=6 status=409 class=conflict code=RESERVATION_CONFLICT latency_ms=1730.289 reservation_id=None
idx=7 status=409 class=conflict code=RESERVATION_CONFLICT latency_ms=156.919 reservation_id=None
idx=8 status=409 class=conflict code=RESERVATION_CONFLICT latency_ms=194.873 reservation_id=None
idx=9 status=409 class=conflict code=RESERVATION_CONFLICT latency_ms=615.827 reservation_id=None
idx=10 status=409 class=conflict code=RESERVATION_CONFLICT latency_ms=238.507 reservation_id=None
idx=11 status=409 class=conflict code=RESERVATION_CONFLICT latency_ms=279.881 reservation_id=None
idx=12 status=409 class=conflict code=RESERVATION_CONFLICT latency_ms=1265.338 reservation_id=None
idx=13 status=409 class=conflict code=RESERVATION_CONFLICT latency_ms=1217.513 reservation_id=None
idx=14 status=409 class=conflict code=RESERVATION_CONFLICT latency_ms=256.523 reservation_id=None
idx=15 status=409 class=conflict code=RESERVATION_CONFLICT latency_ms=1064.405 reservation_id=None
idx=16 status=409 class=conflict code=RESERVATION_CONFLICT latency_ms=1422.161 reservation_id=None
idx=17 status=409 class=conflict code=RESERVATION_LOCK_TIMEOUT latency_ms=2032.496 reservation_id=None
idx=18 status=409 class=conflict code=RESERVATION_CONFLICT latency_ms=1379.381 reservation_id=None
idx=19 status=409 class=conflict code=RESERVATION_CONFLICT latency_ms=1213.498 reservation_id=None
idx=20 status=409 class=conflict code=RESERVATION_LOCK_TIMEOUT latency_ms=2030.236 reservation_id=None
idx=21 status=409 class=conflict code=RESERVATION_CONFLICT latency_ms=180.03 reservation_id=None
idx=22 status=409 class=conflict code=RESERVATION_CONFLICT latency_ms=494.804 reservation_id=None
idx=23 status=409 class=conflict code=RESERVATION_CONFLICT latency_ms=1209.764 reservation_id=None
idx=24 status=409 class=conflict code=RESERVATION_CONFLICT latency_ms=807.048 reservation_id=None
idx=25 status=409 class=conflict code=RESERVATION_LOCK_TIMEOUT latency_ms=2027.213 reservation_id=None
idx=26 status=409 class=conflict code=RESERVATION_CONFLICT latency_ms=908.034 reservation_id=None
idx=27 status=409 class=conflict code=RESERVATION_CONFLICT latency_ms=1618.49 reservation_id=None
idx=28 status=409 class=conflict code=RESERVATION_CONFLICT latency_ms=87.337 reservation_id=None
idx=29 status=409 class=conflict code=RESERVATION_CONFLICT latency_ms=1420.505 reservation_id=None
idx=30 status=409 class=conflict code=RESERVATION_CONFLICT latency_ms=1512.291 reservation_id=None
idx=31 status=409 class=conflict code=RESERVATION_CONFLICT latency_ms=1020.545 reservation_id=None
idx=32 status=409 class=conflict code=RESERVATION_LOCK_TIMEOUT latency_ms=2070.414 reservation_id=None
idx=33 status=409 class=conflict code=RESERVATION_CONFLICT latency_ms=1431.502 reservation_id=None
idx=34 status=409 class=conflict code=RESERVATION_CONFLICT latency_ms=895.204 reservation_id=None
idx=35 status=409 class=conflict code=RESERVATION_CONFLICT latency_ms=1385.262 reservation_id=None
idx=36 status=409 class=conflict code=RESERVATION_LOCK_TIMEOUT latency_ms=2037.429 reservation_id=None
idx=37 status=409 class=conflict code=RESERVATION_CONFLICT latency_ms=83.261 reservation_id=None
idx=38 status=409 class=conflict code=RESERVATION_CONFLICT latency_ms=247.513 reservation_id=None
idx=39 status=409 class=conflict code=RESERVATION_CONFLICT latency_ms=1177.694 reservation_id=None
idx=40 status=409 class=conflict code=RESERVATION_CONFLICT latency_ms=1937.595 reservation_id=None
idx=41 status=409 class=conflict code=RESERVATION_CONFLICT latency_ms=344.888 reservation_id=None
idx=42 status=409 class=conflict code=RESERVATION_CONFLICT latency_ms=1267.115 reservation_id=None
idx=43 status=409 class=conflict code=RESERVATION_CONFLICT latency_ms=121.962 reservation_id=None
idx=44 status=409 class=conflict code=RESERVATION_LOCK_TIMEOUT latency_ms=2097.812 reservation_id=None
idx=45 status=409 class=conflict code=RESERVATION_CONFLICT latency_ms=181.775 reservation_id=None
idx=46 status=409 class=conflict code=RESERVATION_LOCK_TIMEOUT latency_ms=2028.674 reservation_id=None
idx=47 status=409 class=conflict code=RESERVATION_LOCK_TIMEOUT latency_ms=2047.998 reservation_id=None
idx=48 status=409 class=conflict code=RESERVATION_CONFLICT latency_ms=88.539 reservation_id=None
idx=49 status=409 class=conflict code=RESERVATION_CONFLICT latency_ms=1311.718 reservation_id=None
idx=50 status=409 class=conflict code=RESERVATION_CONFLICT latency_ms=2026.864 reservation_id=None
idx=51 status=409 class=conflict code=RESERVATION_CONFLICT latency_ms=505.929 reservation_id=None
idx=52 status=409 class=conflict code=RESERVATION_CONFLICT latency_ms=1270.801 reservation_id=None
idx=53 status=409 class=conflict code=RESERVATION_CONFLICT latency_ms=69.193 reservation_id=None
idx=54 status=201 class=success code=None latency_ms=48.709 reservation_id=38
idx=55 status=409 class=conflict code=RESERVATION_CONFLICT latency_ms=711.201 reservation_id=None
idx=56 status=409 class=conflict code=RESERVATION_CONFLICT latency_ms=808.412 reservation_id=None
idx=57 status=409 class=conflict code=RESERVATION_CONFLICT latency_ms=806.93 reservation_id=None
idx=58 status=409 class=conflict code=RESERVATION_CONFLICT latency_ms=333.469 reservation_id=None
idx=59 status=409 class=conflict code=RESERVATION_CONFLICT latency_ms=1890.115 reservation_id=None
idx=60 status=409 class=conflict code=RESERVATION_CONFLICT latency_ms=126.505 reservation_id=None
idx=61 status=409 class=conflict code=RESERVATION_CONFLICT latency_ms=848.713 reservation_id=None
idx=62 status=409 class=conflict code=RESERVATION_CONFLICT latency_ms=957.725 reservation_id=None
idx=63 status=409 class=conflict code=RESERVATION_LOCK_TIMEOUT latency_ms=2082.391 reservation_id=None
idx=64 status=409 class=conflict code=RESERVATION_CONFLICT latency_ms=609.29 reservation_id=None
idx=65 status=409 class=conflict code=RESERVATION_CONFLICT latency_ms=1877.38 reservation_id=None
idx=66 status=409 class=conflict code=RESERVATION_CONFLICT latency_ms=747.736 reservation_id=None
idx=67 status=409 class=conflict code=RESERVATION_LOCK_TIMEOUT latency_ms=2081.106 reservation_id=None
idx=68 status=409 class=conflict code=RESERVATION_CONFLICT latency_ms=1251.608 reservation_id=None
idx=69 status=409 class=conflict code=RESERVATION_CONFLICT latency_ms=1109.876 reservation_id=None
idx=70 status=409 class=conflict code=RESERVATION_LOCK_TIMEOUT latency_ms=2047.63 reservation_id=None
idx=71 status=409 class=conflict code=RESERVATION_CONFLICT latency_ms=450.206 reservation_id=None
idx=72 status=409 class=conflict code=RESERVATION_CONFLICT latency_ms=645.093 reservation_id=None
idx=73 status=409 class=conflict code=RESERVATION_CONFLICT latency_ms=1167.909 reservation_id=None
idx=74 status=409 class=conflict code=RESERVATION_CONFLICT latency_ms=914.591 reservation_id=None
idx=75 status=409 class=conflict code=RESERVATION_CONFLICT latency_ms=147.213 reservation_id=None
idx=76 status=409 class=conflict code=RESERVATION_CONFLICT latency_ms=1669.815 reservation_id=None
idx=77 status=409 class=conflict code=RESERVATION_LOCK_TIMEOUT latency_ms=2086.27 reservation_id=None
idx=78 status=409 class=conflict code=RESERVATION_CONFLICT latency_ms=1326.723 reservation_id=None
idx=79 status=409 class=conflict code=RESERVATION_CONFLICT latency_ms=1219.957 reservation_id=None
idx=80 status=409 class=conflict code=RESERVATION_CONFLICT latency_ms=200.482 reservation_id=None
idx=81 status=409 class=conflict code=RESERVATION_CONFLICT latency_ms=1821.952 reservation_id=None
idx=82 status=409 class=conflict code=RESERVATION_CONFLICT latency_ms=818.157 reservation_id=None
idx=83 status=409 class=conflict code=RESERVATION_CONFLICT latency_ms=861.702 reservation_id=None
idx=84 status=409 class=conflict code=RESERVATION_CONFLICT latency_ms=1279.718 reservation_id=None
idx=85 status=409 class=conflict code=RESERVATION_CONFLICT latency_ms=345.887 reservation_id=None
idx=86 status=409 class=conflict code=RESERVATION_CONFLICT latency_ms=298.633 reservation_id=None
idx=87 status=409 class=conflict code=RESERVATION_CONFLICT latency_ms=761.004 reservation_id=None
idx=88 status=409 class=conflict code=RESERVATION_LOCK_TIMEOUT latency_ms=2082.435 reservation_id=None
idx=89 status=409 class=conflict code=RESERVATION_CONFLICT latency_ms=387.322 reservation_id=None
idx=90 status=409 class=conflict code=RESERVATION_CONFLICT latency_ms=911.152 reservation_id=None
idx=91 status=409 class=conflict code=RESERVATION_CONFLICT latency_ms=1481.165 reservation_id=None
idx=92 status=409 class=conflict code=RESERVATION_CONFLICT latency_ms=796.619 reservation_id=None
idx=93 status=409 class=conflict code=RESERVATION_LOCK_TIMEOUT latency_ms=2027.491 reservation_id=None
idx=94 status=409 class=conflict code=RESERVATION_CONFLICT latency_ms=68.655 reservation_id=None
idx=95 status=409 class=conflict code=RESERVATION_CONFLICT latency_ms=1156.687 reservation_id=None
idx=96 status=409 class=conflict code=RESERVATION_CONFLICT latency_ms=1470.294 reservation_id=None
idx=97 status=409 class=conflict code=RESERVATION_CONFLICT latency_ms=1046.265 reservation_id=None
idx=98 status=409 class=conflict code=RESERVATION_CONFLICT latency_ms=171.671 reservation_id=None
idx=99 status=409 class=conflict code=RESERVATION_CONFLICT latency_ms=126.867 reservation_id=None
idx=100 status=409 class=conflict code=RESERVATION_CONFLICT latency_ms=495.443 reservation_id=None
idx=101 status=409 class=conflict code=RESERVATION_CONFLICT latency_ms=554.639 reservation_id=None
idx=102 status=409 class=conflict code=RESERVATION_LOCK_TIMEOUT latency_ms=2084.838 reservation_id=None
idx=103 status=409 class=conflict code=RESERVATION_CONFLICT latency_ms=690.84 reservation_id=None
idx=104 status=409 class=conflict code=RESERVATION_CONFLICT latency_ms=1127.982 reservation_id=None
idx=105 status=409 class=conflict code=RESERVATION_CONFLICT latency_ms=1577.855 reservation_id=None
idx=106 status=409 class=conflict code=RESERVATION_CONFLICT latency_ms=541.339 reservation_id=None
idx=107 status=409 class=conflict code=RESERVATION_CONFLICT latency_ms=280.386 reservation_id=None
idx=108 status=409 class=conflict code=RESERVATION_CONFLICT latency_ms=546.416 reservation_id=None
idx=109 status=409 class=conflict code=RESERVATION_CONFLICT latency_ms=752.551 reservation_id=None
idx=110 status=409 class=conflict code=RESERVATION_LOCK_TIMEOUT latency_ms=2076.379 reservation_id=None
idx=111 status=409 class=conflict code=RESERVATION_CONFLICT latency_ms=1999.588 reservation_id=None
idx=112 status=409 class=conflict code=RESERVATION_CONFLICT latency_ms=1979.266 reservation_id=None
idx=113 status=409 class=conflict code=RESERVATION_CONFLICT latency_ms=402.781 reservation_id=None
idx=114 status=409 class=conflict code=RESERVATION_CONFLICT latency_ms=228.237 reservation_id=None
idx=115 status=409 class=conflict code=RESERVATION_CONFLICT latency_ms=293.268 reservation_id=None
idx=116 status=409 class=conflict code=RESERVATION_CONFLICT latency_ms=864.383 reservation_id=None
idx=117 status=409 class=conflict code=RESERVATION_LOCK_TIMEOUT latency_ms=2078.877 reservation_id=None
idx=118 status=409 class=conflict code=RESERVATION_CONFLICT latency_ms=437.381 reservation_id=None
idx=119 status=409 class=conflict code=RESERVATION_CONFLICT latency_ms=1064.477 reservation_id=None
idx=120 status=409 class=conflict code=RESERVATION_CONFLICT latency_ms=239.955 reservation_id=None
idx=121 status=409 class=conflict code=RESERVATION_LOCK_TIMEOUT latency_ms=2044.662 reservation_id=None
idx=122 status=409 class=conflict code=RESERVATION_CONFLICT latency_ms=1364.208 reservation_id=None
idx=123 status=409 class=conflict code=RESERVATION_CONFLICT latency_ms=284.51 reservation_id=None
idx=124 status=409 class=conflict code=RESERVATION_LOCK_TIMEOUT latency_ms=2034.168 reservation_id=None
idx=125 status=409 class=conflict code=RESERVATION_CONFLICT latency_ms=546.837 reservation_id=None
idx=126 status=409 class=conflict code=RESERVATION_CONFLICT latency_ms=129.865 reservation_id=None
idx=127 status=409 class=conflict code=RESERVATION_CONFLICT latency_ms=900.531 reservation_id=None
idx=128 status=409 class=conflict code=RESERVATION_LOCK_TIMEOUT latency_ms=2045.534 reservation_id=None
idx=129 status=409 class=conflict code=RESERVATION_CONFLICT latency_ms=282.817 reservation_id=None
idx=130 status=409 class=conflict code=RESERVATION_CONFLICT latency_ms=90.56 reservation_id=None
idx=131 status=409 class=conflict code=RESERVATION_CONFLICT latency_ms=585.042 reservation_id=None
idx=132 status=409 class=conflict code=RESERVATION_CONFLICT latency_ms=335.648 reservation_id=None
idx=133 status=409 class=conflict code=RESERVATION_CONFLICT latency_ms=437.488 reservation_id=None
idx=134 status=409 class=conflict code=RESERVATION_CONFLICT latency_ms=845.999 reservation_id=None
idx=135 status=409 class=conflict code=RESERVATION_LOCK_TIMEOUT latency_ms=2036.673 reservation_id=None
idx=136 status=409 class=conflict code=RESERVATION_CONFLICT latency_ms=1102.627 reservation_id=None
idx=137 status=409 class=conflict code=RESERVATION_CONFLICT latency_ms=79.479 reservation_id=None
idx=138 status=409 class=conflict code=RESERVATION_LOCK_TIMEOUT latency_ms=2069.041 reservation_id=None
idx=139 status=409 class=conflict code=RESERVATION_CONFLICT latency_ms=1056.268 reservation_id=None
idx=140 status=409 class=conflict code=RESERVATION_CONFLICT latency_ms=1718.905 reservation_id=None
idx=141 status=409 class=conflict code=RESERVATION_CONFLICT latency_ms=1777.863 reservation_id=None
idx=142 status=409 class=conflict code=RESERVATION_CONFLICT latency_ms=698.323 reservation_id=None
idx=143 status=409 class=conflict code=RESERVATION_CONFLICT latency_ms=958.992 reservation_id=None
idx=144 status=409 class=conflict code=RESERVATION_CONFLICT latency_ms=846.559 reservation_id=None
idx=145 status=409 class=conflict code=RESERVATION_CONFLICT latency_ms=692.895 reservation_id=None
idx=146 status=409 class=conflict code=RESERVATION_CONFLICT latency_ms=655.218 reservation_id=None
idx=147 status=409 class=conflict code=RESERVATION_CONFLICT latency_ms=763.198 reservation_id=None
idx=148 status=409 class=conflict code=RESERVATION_CONFLICT latency_ms=947.497 reservation_id=None
idx=149 status=409 class=conflict code=RESERVATION_CONFLICT latency_ms=960.307 reservation_id=None
idx=150 status=409 class=conflict code=RESERVATION_CONFLICT latency_ms=486.493 reservation_id=None
idx=151 status=409 class=conflict code=RESERVATION_CONFLICT latency_ms=997.89 reservation_id=None
idx=152 status=409 class=conflict code=RESERVATION_CONFLICT latency_ms=495.962 reservation_id=None
idx=153 status=409 class=conflict code=RESERVATION_CONFLICT latency_ms=164.374 reservation_id=None
idx=154 status=409 class=conflict code=RESERVATION_CONFLICT latency_ms=1158.148 reservation_id=None
idx=155 status=409 class=conflict code=RESERVATION_LOCK_TIMEOUT latency_ms=2030.742 reservation_id=None
idx=156 status=409 class=conflict code=RESERVATION_CONFLICT latency_ms=1010.614 reservation_id=None
idx=157 status=409 class=conflict code=RESERVATION_CONFLICT latency_ms=1359.887 reservation_id=None
idx=158 status=409 class=conflict code=RESERVATION_LOCK_TIMEOUT latency_ms=2085.218 reservation_id=None
idx=159 status=409 class=conflict code=RESERVATION_CONFLICT latency_ms=1001.8 reservation_id=None
idx=160 status=409 class=conflict code=RESERVATION_CONFLICT latency_ms=654.684 reservation_id=None
idx=161 status=409 class=conflict code=RESERVATION_CONFLICT latency_ms=543.975 reservation_id=None
idx=162 status=409 class=conflict code=RESERVATION_LOCK_TIMEOUT latency_ms=2023.646 reservation_id=None
idx=163 status=409 class=conflict code=RESERVATION_CONFLICT latency_ms=1932.85 reservation_id=None
idx=164 status=409 class=conflict code=RESERVATION_CONFLICT latency_ms=960.149 reservation_id=None
idx=165 status=409 class=conflict code=RESERVATION_CONFLICT latency_ms=1213.248 reservation_id=None
idx=166 status=409 class=conflict code=RESERVATION_LOCK_TIMEOUT latency_ms=2031.604 reservation_id=None
idx=167 status=409 class=conflict code=RESERVATION_CONFLICT latency_ms=1424.872 reservation_id=None
idx=168 status=409 class=conflict code=RESERVATION_CONFLICT latency_ms=596.58 reservation_id=None
idx=169 status=409 class=conflict code=RESERVATION_CONFLICT latency_ms=547.062 reservation_id=None
idx=170 status=409 class=conflict code=RESERVATION_LOCK_TIMEOUT latency_ms=2025.514 reservation_id=None
idx=171 status=409 class=conflict code=RESERVATION_CONFLICT latency_ms=454.988 reservation_id=None
idx=172 status=409 class=conflict code=RESERVATION_CONFLICT latency_ms=1677.658 reservation_id=None
idx=173 status=409 class=conflict code=RESERVATION_CONFLICT latency_ms=391.294 reservation_id=None
idx=174 status=409 class=conflict code=RESERVATION_CONFLICT latency_ms=239.149 reservation_id=None
idx=175 status=409 class=conflict code=RESERVATION_CONFLICT latency_ms=647.108 reservation_id=None
idx=176 status=409 class=conflict code=RESERVATION_CONFLICT latency_ms=383.6 reservation_id=None
idx=177 status=409 class=conflict code=RESERVATION_LOCK_TIMEOUT latency_ms=2030.972 reservation_id=None
idx=178 status=409 class=conflict code=RESERVATION_CONFLICT latency_ms=1294.339 reservation_id=None
idx=179 status=409 class=conflict code=RESERVATION_CONFLICT latency_ms=710.49 reservation_id=None
idx=180 status=409 class=conflict code=RESERVATION_CONFLICT latency_ms=488.802 reservation_id=None
idx=181 status=409 class=conflict code=RESERVATION_CONFLICT latency_ms=1779.662 reservation_id=None
idx=182 status=409 class=conflict code=RESERVATION_CONFLICT latency_ms=1152.399 reservation_id=None
idx=183 status=409 class=conflict code=RESERVATION_CONFLICT latency_ms=170.515 reservation_id=None
idx=184 status=409 class=conflict code=RESERVATION_CONFLICT latency_ms=192.002 reservation_id=None
idx=185 status=409 class=conflict code=RESERVATION_CONFLICT latency_ms=986.075 reservation_id=None
idx=186 status=409 class=conflict code=RESERVATION_LOCK_TIMEOUT latency_ms=2042.546 reservation_id=None
idx=187 status=409 class=conflict code=RESERVATION_CONFLICT latency_ms=1316.503 reservation_id=None
idx=188 status=409 class=conflict code=RESERVATION_LOCK_TIMEOUT latency_ms=2091.988 reservation_id=None
idx=189 status=409 class=conflict code=RESERVATION_LOCK_TIMEOUT latency_ms=2073.415 reservation_id=None
idx=190 status=409 class=conflict code=RESERVATION_CONFLICT latency_ms=1828.026 reservation_id=None
idx=191 status=409 class=conflict code=RESERVATION_LOCK_TIMEOUT latency_ms=2023.742 reservation_id=None
idx=192 status=409 class=conflict code=RESERVATION_CONFLICT latency_ms=1119.753 reservation_id=None
idx=193 status=409 class=conflict code=RESERVATION_CONFLICT latency_ms=390.356 reservation_id=None
idx=194 status=409 class=conflict code=RESERVATION_CONFLICT latency_ms=49.647 reservation_id=None
idx=195 status=409 class=conflict code=RESERVATION_CONFLICT latency_ms=353.073 reservation_id=None
idx=196 status=409 class=conflict code=RESERVATION_CONFLICT latency_ms=438.469 reservation_id=None
idx=197 status=409 class=conflict code=RESERVATION_LOCK_TIMEOUT latency_ms=2082.559 reservation_id=None
idx=198 status=409 class=conflict code=RESERVATION_CONFLICT latency_ms=1621.146 reservation_id=None
idx=199 status=409 class=conflict code=RESERVATION_CONFLICT latency_ms=2038.353 reservation_id=None
WROTE <REPO>\benchmark\results\20260814T070350Z-mysql-redis-correctness-n200-r3.json
WROTE <REPO>\benchmark\results\20260814T070350Z-mysql-redis-correctness-n200-r3.jsonl
