BENCH begin correctness profile=h2-local N=50 round=1
base_url=http://127.0.0.1:18080 python=3.14.0 (tags/v3.14.0:ebf955d, Oct  7 2025, 10:15:03) [MSC v.1944 64 bit (AMD64)] pid=32940
LOGIN student status=200 latency_ms=240.8
LOGIN admin status=200 latency_ms=74.9
CREATE_EQUIPMENT code=BM-C-h2-local-20260814T065942Z-50-R1 status=201 latency_ms=66.0
CORRECTNESS start profile=h2-local N=50 round=1 equipmentId=9 startTime=2026-08-18T07:59:42Z endTime=2026-08-18T08:59:42Z
---- SUMMARY ----
{
  "scenario": "correctness",
  "profile": "h2-local",
  "lock_impl": "LocalReservationLock",
  "base_url": "http://127.0.0.1:18080",
  "concurrency": 50,
  "round": 1,
  "total_planned": 50,
  "total_observed": 50,
  "success_201": 1,
  "conflict_409": 49,
  "failed_other": 0,
  "status_counts": {
    "201": 1,
    "409": 49
  },
  "error_code_counts": {
    "RESERVATION_CONFLICT": 49,
    "HTTP_201": 1
  },
  "wall_seconds": 0.228604,
  "throughput_rps": 218.718546,
  "latency_all": {
    "count": 50,
    "min_ms": 52.059,
    "avg_ms": 144.854,
    "p50_ms": 151.805,
    "p95_ms": 216.066,
    "p99_ms": 225.755,
    "max_ms": 227.407
  },
  "latency_201": {
    "count": 1,
    "min_ms": 52.059,
    "avg_ms": 52.059,
    "p50_ms": 52.059,
    "p95_ms": 52.059,
    "p99_ms": 52.059,
    "max_ms": 52.059
  },
  "latency_409": {
    "count": 49,
    "min_ms": 60.47,
    "avg_ms": 146.748,
    "p50_ms": 153.961,
    "p95_ms": 216.418,
    "p99_ms": 225.789,
    "max_ms": 227.407
  },
  "started_at": "2026-08-14T06:59:42+00:00",
  "equipment_id": 9,
  "equipment_code": "BM-C-h2-local-20260814T065942Z-50-R1",
  "start_time": "2026-08-18T07:59:42Z",
  "end_time": "2026-08-18T08:59:42Z",
  "worker_exceptions": [],
  "threads_still_alive": []
}
---- PER-REQUEST ----
idx=0 status=409 class=conflict code=RESERVATION_CONFLICT latency_ms=192.786 reservation_id=None
idx=1 status=409 class=conflict code=RESERVATION_CONFLICT latency_ms=171.068 reservation_id=None
idx=2 status=409 class=conflict code=RESERVATION_CONFLICT latency_ms=224.036 reservation_id=None
idx=3 status=409 class=conflict code=RESERVATION_CONFLICT latency_ms=136.719 reservation_id=None
idx=4 status=409 class=conflict code=RESERVATION_CONFLICT latency_ms=141.081 reservation_id=None
idx=5 status=409 class=conflict code=RESERVATION_CONFLICT latency_ms=153.961 reservation_id=None
idx=6 status=409 class=conflict code=RESERVATION_CONFLICT latency_ms=67.836 reservation_id=None
idx=7 status=409 class=conflict code=RESERVATION_CONFLICT latency_ms=208.516 reservation_id=None
idx=8 status=409 class=conflict code=RESERVATION_CONFLICT latency_ms=108.819 reservation_id=None
idx=9 status=409 class=conflict code=RESERVATION_CONFLICT latency_ms=114.856 reservation_id=None
idx=10 status=409 class=conflict code=RESERVATION_CONFLICT latency_ms=140.28 reservation_id=None
idx=11 status=409 class=conflict code=RESERVATION_CONFLICT latency_ms=209.401 reservation_id=None
idx=12 status=409 class=conflict code=RESERVATION_CONFLICT latency_ms=70.872 reservation_id=None
idx=13 status=409 class=conflict code=RESERVATION_CONFLICT latency_ms=124.623 reservation_id=None
idx=14 status=409 class=conflict code=RESERVATION_CONFLICT latency_ms=87.174 reservation_id=None
idx=15 status=409 class=conflict code=RESERVATION_CONFLICT latency_ms=202.093 reservation_id=None
idx=16 status=409 class=conflict code=RESERVATION_CONFLICT latency_ms=100.87 reservation_id=None
idx=17 status=409 class=conflict code=RESERVATION_CONFLICT latency_ms=102.805 reservation_id=None
idx=18 status=409 class=conflict code=RESERVATION_CONFLICT latency_ms=219.234 reservation_id=None
idx=19 status=409 class=conflict code=RESERVATION_CONFLICT latency_ms=195.451 reservation_id=None
idx=20 status=409 class=conflict code=RESERVATION_CONFLICT latency_ms=156.77 reservation_id=None
idx=21 status=409 class=conflict code=RESERVATION_CONFLICT latency_ms=227.407 reservation_id=None
idx=22 status=409 class=conflict code=RESERVATION_CONFLICT latency_ms=180.919 reservation_id=None
idx=23 status=409 class=conflict code=RESERVATION_CONFLICT latency_ms=212.194 reservation_id=None
idx=24 status=409 class=conflict code=RESERVATION_CONFLICT latency_ms=146.257 reservation_id=None
idx=25 status=409 class=conflict code=RESERVATION_CONFLICT latency_ms=76.294 reservation_id=None
idx=26 status=409 class=conflict code=RESERVATION_CONFLICT latency_ms=95.54 reservation_id=None
idx=27 status=409 class=conflict code=RESERVATION_CONFLICT latency_ms=119.813 reservation_id=None
idx=28 status=409 class=conflict code=RESERVATION_CONFLICT latency_ms=61.759 reservation_id=None
idx=29 status=409 class=conflict code=RESERVATION_CONFLICT latency_ms=183.118 reservation_id=None
idx=30 status=201 class=success code=None latency_ms=52.059 reservation_id=5
idx=31 status=409 class=conflict code=RESERVATION_CONFLICT latency_ms=122.896 reservation_id=None
idx=32 status=409 class=conflict code=RESERVATION_CONFLICT latency_ms=82.19 reservation_id=None
idx=33 status=409 class=conflict code=RESERVATION_CONFLICT latency_ms=156.399 reservation_id=None
idx=34 status=409 class=conflict code=RESERVATION_CONFLICT latency_ms=60.47 reservation_id=None
idx=35 status=409 class=conflict code=RESERVATION_CONFLICT latency_ms=90.12 reservation_id=None
idx=36 status=409 class=conflict code=RESERVATION_CONFLICT latency_ms=188.677 reservation_id=None
idx=37 status=409 class=conflict code=RESERVATION_CONFLICT latency_ms=200.078 reservation_id=None
idx=38 status=409 class=conflict code=RESERVATION_CONFLICT latency_ms=149.648 reservation_id=None
idx=39 status=409 class=conflict code=RESERVATION_CONFLICT latency_ms=203.515 reservation_id=None
idx=40 status=409 class=conflict code=RESERVATION_CONFLICT latency_ms=61.573 reservation_id=None
idx=41 status=409 class=conflict code=RESERVATION_CONFLICT latency_ms=111.411 reservation_id=None
idx=42 status=409 class=conflict code=RESERVATION_CONFLICT latency_ms=169.212 reservation_id=None
idx=43 status=409 class=conflict code=RESERVATION_CONFLICT latency_ms=160.951 reservation_id=None
idx=44 status=409 class=conflict code=RESERVATION_CONFLICT latency_ms=196.904 reservation_id=None
idx=45 status=409 class=conflict code=RESERVATION_CONFLICT latency_ms=157.355 reservation_id=None
idx=46 status=409 class=conflict code=RESERVATION_CONFLICT latency_ms=174.412 reservation_id=None
idx=47 status=409 class=conflict code=RESERVATION_CONFLICT latency_ms=163.79 reservation_id=None
idx=48 status=409 class=conflict code=RESERVATION_CONFLICT latency_ms=177.653 reservation_id=None
idx=49 status=409 class=conflict code=RESERVATION_CONFLICT latency_ms=130.823 reservation_id=None
WROTE <REPO>\benchmark\results\20260814T065933Z-h2-local-correctness-n50-r1.json
WROTE <REPO>\benchmark\results\20260814T065933Z-h2-local-correctness-n50-r1.jsonl
