**********************
Windows PowerShell 脚本开始
开始时间: 20260814030352
用户名: <HOST>\<USER>
RunAs 用户: <HOST>\<USER>
配置名称: 
计算机: <HOST> (Microsoft Windows NT 10.0.26200.0)
主机应用程序: C:\Windows\System32\WindowsPowerShell\v1.0\powershell.exe -NoProfile -ExecutionPolicy Bypass -File .\benchmark\run-all.ps1 -SkipBuild -SkipH2
进程 ID: 6208
PSVersion: 5.1.26100.8875
PSEdition: Desktop
PSCompatibleVersions: 1.0, 2.0, 3.0, 4.0, 5.0, 5.1.26100.8875
BuildVersion: 10.0.26100.8875
CLRVersion: 4.0.30319.42000
WSManStackVersion: 3.0
PSRemotingProtocolVersion: 2.3
SerializationVersion: 1.1.0.1
**********************
[2026-08-14T07:03:52.8732190Z] Host docker missing; starting WSL keepalive + dockerd
Started WSL keepalive (Windows pid=35496)
[2026-08-14T07:03:56.9522461Z] docker compose up -d
[2026-08-14T07:04:02.3870848Z] docker compose up exit=0
[2026-08-14T07:04:02.3915929Z] Waiting for mysql/redis/rabbitmq health
  health: labflow-mysql=starting, labflow-redis=starting, labflow-rabbitmq=starting
  health: labflow-mysql=healthy, labflow-redis=healthy, labflow-rabbitmq=healthy
[2026-08-14T07:04:09.1085531Z] Middleware healthy
**********************
Windows PowerShell 脚本结束
结束时间: 20260814030409
**********************
