BENCH begin correctness profile=h2-local N=50 round=3
base_url=http://127.0.0.1:18080 python=3.14.0 (tags/v3.14.0:ebf955d, Oct  7 2025, 10:15:03) [MSC v.1944 64 bit (AMD64)] pid=30564
LOGIN student status=200 latency_ms=72.6
LOGIN admin status=200 latency_ms=62.2
CREATE_EQUIPMENT code=BM-C-h2-local-20260814T065943Z-50-R3 status=201 latency_ms=28.8
CORRECTNESS start profile=h2-local N=50 round=3 equipmentId=11 startTime=2026-08-18T09:59:44Z endTime=2026-08-18T10:59:44Z
---- SUMMARY ----
{
  "scenario": "correctness",
  "profile": "h2-local",
  "lock_impl": "LocalReservationLock",
  "base_url": "http://127.0.0.1:18080",
  "concurrency": 50,
  "round": 3,
  "total_planned": 50,
  "total_observed": 50,
  "success_201": 1,
  "conflict_409": 49,
  "failed_other": 0,
  "status_counts": {
    "201": 1,
    "409": 49
  },
  "error_code_counts": {
    "RESERVATION_CONFLICT": 49,
    "HTTP_201": 1
  },
  "wall_seconds": 0.133495,
  "throughput_rps": 374.546424,
  "latency_all": {
    "count": 50,
    "min_ms": 13.77,
    "avg_ms": 77.383,
    "p50_ms": 80.064,
    "p95_ms": 125.538,
    "p99_ms": 129.065,
    "max_ms": 131.099
  },
  "latency_201": {
    "count": 1,
    "min_ms": 13.77,
    "avg_ms": 13.77,
    "p50_ms": 13.77,
    "p95_ms": 13.77,
    "p99_ms": 13.77,
    "max_ms": 13.77
  },
  "latency_409": {
    "count": 49,
    "min_ms": 17.439,
    "avg_ms": 78.682,
    "p50_ms": 80.698,
    "p95_ms": 125.672,
    "p99_ms": 129.106,
    "max_ms": 131.099
  },
  "started_at": "2026-08-14T06:59:44+00:00",
  "equipment_id": 11,
  "equipment_code": "BM-C-h2-local-20260814T065943Z-50-R3",
  "start_time": "2026-08-18T09:59:44Z",
  "end_time": "2026-08-18T10:59:44Z",
  "worker_exceptions": [],
  "threads_still_alive": []
}
---- PER-REQUEST ----
idx=0 status=409 class=conflict code=RESERVATION_CONFLICT latency_ms=131.099 reservation_id=None
idx=1 status=409 class=conflict code=RESERVATION_CONFLICT latency_ms=122.225 reservation_id=None
idx=2 status=409 class=conflict code=RESERVATION_CONFLICT latency_ms=96.144 reservation_id=None
idx=3 status=409 class=conflict code=RESERVATION_CONFLICT latency_ms=55.429 reservation_id=None
idx=4 status=409 class=conflict code=RESERVATION_CONFLICT latency_ms=89.502 reservation_id=None
idx=5 status=409 class=conflict code=RESERVATION_CONFLICT latency_ms=61.656 reservation_id=None
idx=6 status=409 class=conflict code=RESERVATION_CONFLICT latency_ms=109.522 reservation_id=None
idx=7 status=201 class=success code=None latency_ms=13.77 reservation_id=7
idx=8 status=409 class=conflict code=RESERVATION_CONFLICT latency_ms=84.404 reservation_id=None
idx=9 status=409 class=conflict code=RESERVATION_CONFLICT latency_ms=105.169 reservation_id=None
idx=10 status=409 class=conflict code=RESERVATION_CONFLICT latency_ms=17.718 reservation_id=None
idx=11 status=409 class=conflict code=RESERVATION_CONFLICT latency_ms=25.521 reservation_id=None
idx=12 status=409 class=conflict code=RESERVATION_CONFLICT latency_ms=99.811 reservation_id=None
idx=13 status=409 class=conflict code=RESERVATION_CONFLICT latency_ms=124.059 reservation_id=None
idx=14 status=409 class=conflict code=RESERVATION_CONFLICT latency_ms=93.838 reservation_id=None
idx=15 status=409 class=conflict code=RESERVATION_CONFLICT latency_ms=72.88 reservation_id=None
idx=16 status=409 class=conflict code=RESERVATION_CONFLICT latency_ms=104.761 reservation_id=None
idx=17 status=409 class=conflict code=RESERVATION_CONFLICT latency_ms=68.356 reservation_id=None
idx=18 status=409 class=conflict code=RESERVATION_CONFLICT latency_ms=34.173 reservation_id=None
idx=19 status=409 class=conflict code=RESERVATION_CONFLICT latency_ms=99.975 reservation_id=None
idx=20 status=409 class=conflict code=RESERVATION_CONFLICT latency_ms=115.754 reservation_id=None
idx=21 status=409 class=conflict code=RESERVATION_CONFLICT latency_ms=48.978 reservation_id=None
idx=22 status=409 class=conflict code=RESERVATION_CONFLICT latency_ms=61.659 reservation_id=None
idx=23 status=409 class=conflict code=RESERVATION_CONFLICT latency_ms=77.28 reservation_id=None
idx=24 status=409 class=conflict code=RESERVATION_CONFLICT latency_ms=73.148 reservation_id=None
idx=25 status=409 class=conflict code=RESERVATION_CONFLICT latency_ms=66.32 reservation_id=None
idx=26 status=409 class=conflict code=RESERVATION_CONFLICT latency_ms=79.431 reservation_id=None
idx=27 status=409 class=conflict code=RESERVATION_CONFLICT latency_ms=40.026 reservation_id=None
idx=28 status=409 class=conflict code=RESERVATION_CONFLICT latency_ms=36.408 reservation_id=None
idx=29 status=409 class=conflict code=RESERVATION_CONFLICT latency_ms=124.049 reservation_id=None
idx=30 status=409 class=conflict code=RESERVATION_CONFLICT latency_ms=120.728 reservation_id=None
idx=31 status=409 class=conflict code=RESERVATION_CONFLICT latency_ms=104.352 reservation_id=None
idx=32 status=409 class=conflict code=RESERVATION_CONFLICT latency_ms=126.947 reservation_id=None
idx=33 status=409 class=conflict code=RESERVATION_CONFLICT latency_ms=113.479 reservation_id=None
idx=34 status=409 class=conflict code=RESERVATION_CONFLICT latency_ms=98.784 reservation_id=None
idx=35 status=409 class=conflict code=RESERVATION_CONFLICT latency_ms=70.198 reservation_id=None
idx=36 status=409 class=conflict code=RESERVATION_CONFLICT latency_ms=44.878 reservation_id=None
idx=37 status=409 class=conflict code=RESERVATION_CONFLICT latency_ms=51.631 reservation_id=None
idx=38 status=409 class=conflict code=RESERVATION_CONFLICT latency_ms=107.514 reservation_id=None
idx=39 status=409 class=conflict code=RESERVATION_CONFLICT latency_ms=114.96 reservation_id=None
idx=40 status=409 class=conflict code=RESERVATION_CONFLICT latency_ms=29.466 reservation_id=None
idx=41 status=409 class=conflict code=RESERVATION_CONFLICT latency_ms=113.454 reservation_id=None
idx=42 status=409 class=conflict code=RESERVATION_CONFLICT latency_ms=55.541 reservation_id=None
idx=43 status=409 class=conflict code=RESERVATION_CONFLICT latency_ms=17.439 reservation_id=None
idx=44 status=409 class=conflict code=RESERVATION_CONFLICT latency_ms=87.199 reservation_id=None
idx=45 status=409 class=conflict code=RESERVATION_CONFLICT latency_ms=80.698 reservation_id=None
idx=46 status=409 class=conflict code=RESERVATION_CONFLICT latency_ms=20.43 reservation_id=None
idx=47 status=409 class=conflict code=RESERVATION_CONFLICT latency_ms=21.775 reservation_id=None
idx=48 status=409 class=conflict code=RESERVATION_CONFLICT latency_ms=126.748 reservation_id=None
idx=49 status=409 class=conflict code=RESERVATION_CONFLICT latency_ms=29.884 reservation_id=None
WROTE <REPO>\benchmark\results\20260814T065933Z-h2-local-correctness-n50-r3.json
WROTE <REPO>\benchmark\results\20260814T065933Z-h2-local-correctness-n50-r3.jsonl
