BENCH begin correctness profile=mysql-redis N=100 round=1
base_url=http://127.0.0.1:18080 python=3.14.0 (tags/v3.14.0:ebf955d, Oct  7 2025, 10:15:03) [MSC v.1944 64 bit (AMD64)] pid=23348
LOGIN student status=200 latency_ms=86.5
LOGIN admin status=200 latency_ms=77.7
CREATE_EQUIPMENT code=BM-C-mysql-redis-20260814T070425Z-100-R1 status=201 latency_ms=50.0
CORRECTNESS start profile=mysql-redis N=100 round=1 equipmentId=21 startTime=2026-08-18T08:04:25Z endTime=2026-08-18T09:04:25Z
---- SUMMARY ----
{
  "scenario": "correctness",
  "profile": "mysql-redis",
  "lock_impl": "RedisReservationLock",
  "base_url": "http://127.0.0.1:18080",
  "concurrency": 100,
  "round": 1,
  "total_planned": 100,
  "total_observed": 100,
  "success_201": 1,
  "conflict_409": 99,
  "failed_other": 0,
  "status_counts": {
    "201": 1,
    "409": 99
  },
  "error_code_counts": {
    "RESERVATION_LOCK_TIMEOUT": 40,
    "RESERVATION_CONFLICT": 59,
    "HTTP_201": 1
  },
  "wall_seconds": 2.081941,
  "throughput_rps": 48.032108,
  "latency_all": {
    "count": 100,
    "min_ms": 52.108,
    "avg_ms": 1387.757,
    "p50_ms": 1549.713,
    "p95_ms": 2075.403,
    "p99_ms": 2078.11,
    "max_ms": 2078.491
  },
  "latency_201": {
    "count": 1,
    "min_ms": 52.108,
    "avg_ms": 52.108,
    "p50_ms": 52.108,
    "p95_ms": 52.108,
    "p99_ms": 52.108,
    "max_ms": 52.108
  },
  "latency_409": {
    "count": 99,
    "min_ms": 82.708,
    "avg_ms": 1401.248,
    "p50_ms": 1573.925,
    "p95_ms": 2075.478,
    "p99_ms": 2078.114,
    "max_ms": 2078.491
  },
  "started_at": "2026-08-14T07:04:27+00:00",
  "equipment_id": 21,
  "equipment_code": "BM-C-mysql-redis-20260814T070425Z-100-R1",
  "start_time": "2026-08-18T08:04:25Z",
  "end_time": "2026-08-18T09:04:25Z",
  "worker_exceptions": [],
  "threads_still_alive": []
}
---- PER-REQUEST ----
idx=0 status=409 class=conflict code=RESERVATION_LOCK_TIMEOUT latency_ms=2062.913 reservation_id=None
idx=1 status=409 class=conflict code=RESERVATION_CONFLICT latency_ms=1028.608 reservation_id=None
idx=2 status=409 class=conflict code=RESERVATION_CONFLICT latency_ms=1769.372 reservation_id=None
idx=3 status=409 class=conflict code=RESERVATION_LOCK_TIMEOUT latency_ms=2071.473 reservation_id=None
idx=4 status=409 class=conflict code=RESERVATION_CONFLICT latency_ms=1637.317 reservation_id=None
idx=5 status=409 class=conflict code=RESERVATION_CONFLICT latency_ms=1956.912 reservation_id=None
idx=6 status=409 class=conflict code=RESERVATION_LOCK_TIMEOUT latency_ms=2075.328 reservation_id=None
idx=7 status=409 class=conflict code=RESERVATION_CONFLICT latency_ms=1375.466 reservation_id=None
idx=8 status=409 class=conflict code=RESERVATION_LOCK_TIMEOUT latency_ms=2072.545 reservation_id=None
idx=9 status=409 class=conflict code=RESERVATION_CONFLICT latency_ms=331.476 reservation_id=None
idx=10 status=409 class=conflict code=RESERVATION_LOCK_TIMEOUT latency_ms=2078.063 reservation_id=None
idx=11 status=409 class=conflict code=RESERVATION_CONFLICT latency_ms=456.637 reservation_id=None
idx=12 status=409 class=conflict code=RESERVATION_CONFLICT latency_ms=270.091 reservation_id=None
idx=13 status=409 class=conflict code=RESERVATION_LOCK_TIMEOUT latency_ms=2072.581 reservation_id=None
idx=14 status=409 class=conflict code=RESERVATION_CONFLICT latency_ms=216.717 reservation_id=None
idx=15 status=409 class=conflict code=RESERVATION_CONFLICT latency_ms=1573.925 reservation_id=None
idx=16 status=409 class=conflict code=RESERVATION_LOCK_TIMEOUT latency_ms=2067.077 reservation_id=None
idx=17 status=409 class=conflict code=RESERVATION_CONFLICT latency_ms=525.442 reservation_id=None
idx=18 status=409 class=conflict code=RESERVATION_LOCK_TIMEOUT latency_ms=2078.106 reservation_id=None
idx=19 status=409 class=conflict code=RESERVATION_LOCK_TIMEOUT latency_ms=2072.36 reservation_id=None
idx=20 status=409 class=conflict code=RESERVATION_CONFLICT latency_ms=1699.723 reservation_id=None
idx=21 status=409 class=conflict code=RESERVATION_CONFLICT latency_ms=454.076 reservation_id=None
idx=22 status=409 class=conflict code=RESERVATION_CONFLICT latency_ms=275.184 reservation_id=None
idx=23 status=409 class=conflict code=RESERVATION_CONFLICT latency_ms=573.877 reservation_id=None
idx=24 status=409 class=conflict code=RESERVATION_CONFLICT latency_ms=1525.502 reservation_id=None
idx=25 status=409 class=conflict code=RESERVATION_LOCK_TIMEOUT latency_ms=2078.042 reservation_id=None
idx=26 status=409 class=conflict code=RESERVATION_LOCK_TIMEOUT latency_ms=2068.65 reservation_id=None
idx=27 status=409 class=conflict code=RESERVATION_LOCK_TIMEOUT latency_ms=2070.816 reservation_id=None
idx=28 status=409 class=conflict code=RESERVATION_LOCK_TIMEOUT latency_ms=2078.491 reservation_id=None
idx=29 status=409 class=conflict code=RESERVATION_CONFLICT latency_ms=1149.04 reservation_id=None
idx=30 status=409 class=conflict code=RESERVATION_CONFLICT latency_ms=1328.011 reservation_id=None
idx=31 status=409 class=conflict code=RESERVATION_CONFLICT latency_ms=1883.672 reservation_id=None
idx=32 status=409 class=conflict code=RESERVATION_CONFLICT latency_ms=1087.922 reservation_id=None
idx=33 status=409 class=conflict code=RESERVATION_LOCK_TIMEOUT latency_ms=2063.311 reservation_id=None
idx=34 status=409 class=conflict code=RESERVATION_CONFLICT latency_ms=1318.243 reservation_id=None
idx=35 status=409 class=conflict code=RESERVATION_LOCK_TIMEOUT latency_ms=2069.772 reservation_id=None
idx=36 status=409 class=conflict code=RESERVATION_LOCK_TIMEOUT latency_ms=2073.106 reservation_id=None
idx=37 status=409 class=conflict code=RESERVATION_CONFLICT latency_ms=1635.648 reservation_id=None
idx=38 status=409 class=conflict code=RESERVATION_CONFLICT latency_ms=761.444 reservation_id=None
idx=39 status=409 class=conflict code=RESERVATION_LOCK_TIMEOUT latency_ms=2070.771 reservation_id=None
idx=40 status=409 class=conflict code=RESERVATION_CONFLICT latency_ms=955.014 reservation_id=None
idx=41 status=409 class=conflict code=RESERVATION_CONFLICT latency_ms=1447.975 reservation_id=None
idx=42 status=409 class=conflict code=RESERVATION_CONFLICT latency_ms=943.252 reservation_id=None
idx=43 status=409 class=conflict code=RESERVATION_CONFLICT latency_ms=1257.194 reservation_id=None
idx=44 status=409 class=conflict code=RESERVATION_CONFLICT latency_ms=1385.702 reservation_id=None
idx=45 status=409 class=conflict code=RESERVATION_CONFLICT latency_ms=82.708 reservation_id=None
idx=46 status=409 class=conflict code=RESERVATION_CONFLICT latency_ms=101.348 reservation_id=None
idx=47 status=409 class=conflict code=RESERVATION_CONFLICT latency_ms=636.002 reservation_id=None
idx=48 status=409 class=conflict code=RESERVATION_LOCK_TIMEOUT latency_ms=2062.732 reservation_id=None
idx=49 status=409 class=conflict code=RESERVATION_CONFLICT latency_ms=903.624 reservation_id=None
idx=50 status=409 class=conflict code=RESERVATION_LOCK_TIMEOUT latency_ms=2070.353 reservation_id=None
idx=51 status=409 class=conflict code=RESERVATION_LOCK_TIMEOUT latency_ms=2075.285 reservation_id=None
idx=52 status=409 class=conflict code=RESERVATION_LOCK_TIMEOUT latency_ms=2073.093 reservation_id=None
idx=53 status=409 class=conflict code=RESERVATION_CONFLICT latency_ms=507.446 reservation_id=None
idx=54 status=409 class=conflict code=RESERVATION_LOCK_TIMEOUT latency_ms=2072.098 reservation_id=None
idx=55 status=409 class=conflict code=RESERVATION_CONFLICT latency_ms=1193.372 reservation_id=None
idx=56 status=409 class=conflict code=RESERVATION_LOCK_TIMEOUT latency_ms=2065.514 reservation_id=None
idx=57 status=409 class=conflict code=RESERVATION_LOCK_TIMEOUT latency_ms=2066.201 reservation_id=None
idx=58 status=409 class=conflict code=RESERVATION_CONFLICT latency_ms=99.351 reservation_id=None
idx=59 status=409 class=conflict code=RESERVATION_LOCK_TIMEOUT latency_ms=2073.738 reservation_id=None
idx=60 status=409 class=conflict code=RESERVATION_CONFLICT latency_ms=709.479 reservation_id=None
idx=61 status=409 class=conflict code=RESERVATION_CONFLICT latency_ms=1825.889 reservation_id=None
idx=62 status=409 class=conflict code=RESERVATION_CONFLICT latency_ms=1069.356 reservation_id=None
idx=63 status=409 class=conflict code=RESERVATION_LOCK_TIMEOUT latency_ms=2075.097 reservation_id=None
idx=64 status=409 class=conflict code=RESERVATION_CONFLICT latency_ms=397.32 reservation_id=None
idx=65 status=409 class=conflict code=RESERVATION_CONFLICT latency_ms=137.547 reservation_id=None
idx=66 status=409 class=conflict code=RESERVATION_CONFLICT latency_ms=2010.327 reservation_id=None
idx=67 status=409 class=conflict code=RESERVATION_LOCK_TIMEOUT latency_ms=2072.996 reservation_id=None
idx=68 status=409 class=conflict code=RESERVATION_CONFLICT latency_ms=879.945 reservation_id=None
idx=69 status=409 class=conflict code=RESERVATION_LOCK_TIMEOUT latency_ms=2070.781 reservation_id=None
idx=70 status=409 class=conflict code=RESERVATION_CONFLICT latency_ms=329.303 reservation_id=None
idx=71 status=409 class=conflict code=RESERVATION_LOCK_TIMEOUT latency_ms=2067.799 reservation_id=None
idx=72 status=409 class=conflict code=RESERVATION_CONFLICT latency_ms=817.785 reservation_id=None
idx=73 status=409 class=conflict code=RESERVATION_CONFLICT latency_ms=1130.091 reservation_id=None
idx=74 status=409 class=conflict code=RESERVATION_CONFLICT latency_ms=146.079 reservation_id=None
idx=75 status=409 class=conflict code=RESERVATION_CONFLICT latency_ms=1437.323 reservation_id=None
idx=76 status=409 class=conflict code=RESERVATION_CONFLICT latency_ms=202.558 reservation_id=None
idx=77 status=409 class=conflict code=RESERVATION_LOCK_TIMEOUT latency_ms=2063.997 reservation_id=None
idx=78 status=409 class=conflict code=RESERVATION_LOCK_TIMEOUT latency_ms=2074.135 reservation_id=None
idx=79 status=409 class=conflict code=RESERVATION_LOCK_TIMEOUT latency_ms=2053.919 reservation_id=None
idx=80 status=409 class=conflict code=RESERVATION_LOCK_TIMEOUT latency_ms=2060.021 reservation_id=None
idx=81 status=409 class=conflict code=RESERVATION_LOCK_TIMEOUT latency_ms=2068.166 reservation_id=None
idx=82 status=409 class=conflict code=RESERVATION_LOCK_TIMEOUT latency_ms=2065.915 reservation_id=None
idx=83 status=409 class=conflict code=RESERVATION_CONFLICT latency_ms=697.452 reservation_id=None
idx=84 status=409 class=conflict code=RESERVATION_LOCK_TIMEOUT latency_ms=2066.188 reservation_id=None
idx=85 status=409 class=conflict code=RESERVATION_CONFLICT latency_ms=1203.144 reservation_id=None
idx=86 status=409 class=conflict code=RESERVATION_LOCK_TIMEOUT latency_ms=2070.609 reservation_id=None
idx=87 status=409 class=conflict code=RESERVATION_CONFLICT latency_ms=385.725 reservation_id=None
idx=88 status=409 class=conflict code=RESERVATION_LOCK_TIMEOUT latency_ms=2074.624 reservation_id=None
idx=89 status=409 class=conflict code=RESERVATION_LOCK_TIMEOUT latency_ms=2072.927 reservation_id=None
idx=90 status=409 class=conflict code=RESERVATION_CONFLICT latency_ms=640.017 reservation_id=None
idx=91 status=201 class=success code=None latency_ms=52.108 reservation_id=33
idx=92 status=409 class=conflict code=RESERVATION_CONFLICT latency_ms=1263.145 reservation_id=None
idx=93 status=409 class=conflict code=RESERVATION_CONFLICT latency_ms=586.928 reservation_id=None
idx=94 status=409 class=conflict code=RESERVATION_CONFLICT latency_ms=1002.399 reservation_id=None
idx=95 status=409 class=conflict code=RESERVATION_CONFLICT latency_ms=1501.325 reservation_id=None
idx=96 status=409 class=conflict code=RESERVATION_LOCK_TIMEOUT latency_ms=2076.828 reservation_id=None
idx=97 status=409 class=conflict code=RESERVATION_CONFLICT latency_ms=1584.07 reservation_id=None
idx=98 status=409 class=conflict code=RESERVATION_CONFLICT latency_ms=828.797 reservation_id=None
idx=99 status=409 class=conflict code=RESERVATION_CONFLICT latency_ms=773.865 reservation_id=None
WROTE <REPO>\benchmark\results\20260814T070350Z-mysql-redis-correctness-n100-r1.json
WROTE <REPO>\benchmark\results\20260814T070350Z-mysql-redis-correctness-n100-r1.jsonl
