BENCH begin correctness profile=h2-local N=50 round=2
base_url=http://127.0.0.1:18080 python=3.14.0 (tags/v3.14.0:ebf955d, Oct  7 2025, 10:15:03) [MSC v.1944 64 bit (AMD64)] pid=38228
LOGIN student status=200 latency_ms=82.3
LOGIN admin status=200 latency_ms=72.6
CREATE_EQUIPMENT code=BM-C-h2-local-20260814T065942Z-50-R2 status=201 latency_ms=32.3
CORRECTNESS start profile=h2-local N=50 round=2 equipmentId=10 startTime=2026-08-18T08:59:42Z endTime=2026-08-18T09:59:42Z
---- SUMMARY ----
{
  "scenario": "correctness",
  "profile": "h2-local",
  "lock_impl": "LocalReservationLock",
  "base_url": "http://127.0.0.1:18080",
  "concurrency": 50,
  "round": 2,
  "total_planned": 50,
  "total_observed": 50,
  "success_201": 1,
  "conflict_409": 49,
  "failed_other": 0,
  "status_counts": {
    "201": 1,
    "409": 49
  },
  "error_code_counts": {
    "RESERVATION_CONFLICT": 49,
    "HTTP_201": 1
  },
  "wall_seconds": 0.148777,
  "throughput_rps": 336.073452,
  "latency_all": {
    "count": 50,
    "min_ms": 15.135,
    "avg_ms": 80.37,
    "p50_ms": 79.887,
    "p95_ms": 139.612,
    "p99_ms": 143.568,
    "max_ms": 144.757
  },
  "latency_201": {
    "count": 1,
    "min_ms": 15.135,
    "avg_ms": 15.135,
    "p50_ms": 15.135,
    "p95_ms": 15.135,
    "p99_ms": 15.135,
    "max_ms": 15.135
  },
  "latency_409": {
    "count": 49,
    "min_ms": 18.615,
    "avg_ms": 81.702,
    "p50_ms": 81.218,
    "p95_ms": 139.726,
    "p99_ms": 143.592,
    "max_ms": 144.757
  },
  "started_at": "2026-08-14T06:59:43+00:00",
  "equipment_id": 10,
  "equipment_code": "BM-C-h2-local-20260814T065942Z-50-R2",
  "start_time": "2026-08-18T08:59:42Z",
  "end_time": "2026-08-18T09:59:42Z",
  "worker_exceptions": [],
  "threads_still_alive": []
}
---- PER-REQUEST ----
idx=0 status=409 class=conflict code=RESERVATION_CONFLICT latency_ms=78.555 reservation_id=None
idx=1 status=409 class=conflict code=RESERVATION_CONFLICT latency_ms=24.995 reservation_id=None
idx=2 status=409 class=conflict code=RESERVATION_CONFLICT latency_ms=127.387 reservation_id=None
idx=3 status=409 class=conflict code=RESERVATION_CONFLICT latency_ms=115.586 reservation_id=None
idx=4 status=409 class=conflict code=RESERVATION_CONFLICT latency_ms=32.624 reservation_id=None
idx=5 status=409 class=conflict code=RESERVATION_CONFLICT latency_ms=81.618 reservation_id=None
idx=6 status=409 class=conflict code=RESERVATION_CONFLICT latency_ms=26.79 reservation_id=None
idx=7 status=409 class=conflict code=RESERVATION_CONFLICT latency_ms=49.459 reservation_id=None
idx=8 status=409 class=conflict code=RESERVATION_CONFLICT latency_ms=42.851 reservation_id=None
idx=9 status=409 class=conflict code=RESERVATION_CONFLICT latency_ms=125.162 reservation_id=None
idx=10 status=409 class=conflict code=RESERVATION_CONFLICT latency_ms=81.218 reservation_id=None
idx=11 status=409 class=conflict code=RESERVATION_CONFLICT latency_ms=37.225 reservation_id=None
idx=12 status=409 class=conflict code=RESERVATION_CONFLICT latency_ms=20.073 reservation_id=None
idx=13 status=409 class=conflict code=RESERVATION_CONFLICT latency_ms=138.357 reservation_id=None
idx=14 status=409 class=conflict code=RESERVATION_CONFLICT latency_ms=39.196 reservation_id=None
idx=15 status=409 class=conflict code=RESERVATION_CONFLICT latency_ms=42.233 reservation_id=None
idx=16 status=409 class=conflict code=RESERVATION_CONFLICT latency_ms=108.039 reservation_id=None
idx=17 status=409 class=conflict code=RESERVATION_CONFLICT latency_ms=90.775 reservation_id=None
idx=18 status=409 class=conflict code=RESERVATION_CONFLICT latency_ms=73.585 reservation_id=None
idx=19 status=409 class=conflict code=RESERVATION_CONFLICT latency_ms=101.679 reservation_id=None
idx=20 status=409 class=conflict code=RESERVATION_CONFLICT latency_ms=136.199 reservation_id=None
idx=21 status=409 class=conflict code=RESERVATION_CONFLICT latency_ms=67.817 reservation_id=None
idx=22 status=409 class=conflict code=RESERVATION_CONFLICT latency_ms=129.668 reservation_id=None
idx=23 status=409 class=conflict code=RESERVATION_CONFLICT latency_ms=69.103 reservation_id=None
idx=24 status=409 class=conflict code=RESERVATION_CONFLICT latency_ms=131.313 reservation_id=None
idx=25 status=409 class=conflict code=RESERVATION_CONFLICT latency_ms=30.713 reservation_id=None
idx=26 status=409 class=conflict code=RESERVATION_CONFLICT latency_ms=60.248 reservation_id=None
idx=27 status=409 class=conflict code=RESERVATION_CONFLICT latency_ms=94.25 reservation_id=None
idx=28 status=409 class=conflict code=RESERVATION_CONFLICT latency_ms=54.746 reservation_id=None
idx=29 status=409 class=conflict code=RESERVATION_CONFLICT latency_ms=99.383 reservation_id=None
idx=30 status=409 class=conflict code=RESERVATION_CONFLICT latency_ms=87.074 reservation_id=None
idx=31 status=409 class=conflict code=RESERVATION_CONFLICT latency_ms=142.33 reservation_id=None
idx=32 status=409 class=conflict code=RESERVATION_CONFLICT latency_ms=117.141 reservation_id=None
idx=33 status=409 class=conflict code=RESERVATION_CONFLICT latency_ms=18.615 reservation_id=None
idx=34 status=409 class=conflict code=RESERVATION_CONFLICT latency_ms=64.514 reservation_id=None
idx=35 status=409 class=conflict code=RESERVATION_CONFLICT latency_ms=70.938 reservation_id=None
idx=36 status=409 class=conflict code=RESERVATION_CONFLICT latency_ms=115.995 reservation_id=None
idx=37 status=409 class=conflict code=RESERVATION_CONFLICT latency_ms=85.268 reservation_id=None
idx=38 status=409 class=conflict code=RESERVATION_CONFLICT latency_ms=40.442 reservation_id=None
idx=39 status=409 class=conflict code=RESERVATION_CONFLICT latency_ms=50.551 reservation_id=None
idx=40 status=409 class=conflict code=RESERVATION_CONFLICT latency_ms=56.537 reservation_id=None
idx=41 status=409 class=conflict code=RESERVATION_CONFLICT latency_ms=132.582 reservation_id=None
idx=42 status=201 class=success code=None latency_ms=15.135 reservation_id=6
idx=43 status=409 class=conflict code=RESERVATION_CONFLICT latency_ms=110.45 reservation_id=None
idx=44 status=409 class=conflict code=RESERVATION_CONFLICT latency_ms=57.044 reservation_id=None
idx=45 status=409 class=conflict code=RESERVATION_CONFLICT latency_ms=140.639 reservation_id=None
idx=46 status=409 class=conflict code=RESERVATION_CONFLICT latency_ms=144.757 reservation_id=None
idx=47 status=409 class=conflict code=RESERVATION_CONFLICT latency_ms=101.686 reservation_id=None
idx=48 status=409 class=conflict code=RESERVATION_CONFLICT latency_ms=63.143 reservation_id=None
idx=49 status=409 class=conflict code=RESERVATION_CONFLICT latency_ms=92.83 reservation_id=None
WROTE <REPO>\benchmark\results\20260814T065933Z-h2-local-correctness-n50-r2.json
WROTE <REPO>\benchmark\results\20260814T065933Z-h2-local-correctness-n50-r2.jsonl
