BENCH begin correctness profile=h2-local N=200 round=3
base_url=http://127.0.0.1:18080 python=3.14.0 (tags/v3.14.0:ebf955d, Oct  7 2025, 10:15:03) [MSC v.1944 64 bit (AMD64)] pid=34892
LOGIN student status=200 latency_ms=62.6
LOGIN admin status=200 latency_ms=63.0
CREATE_EQUIPMENT code=BM-C-h2-local-20260814T065950Z-200-R3 status=201 latency_ms=15.6
CORRECTNESS start profile=h2-local N=200 round=3 equipmentId=17 startTime=2026-08-18T09:59:50Z endTime=2026-08-18T10:59:50Z
---- SUMMARY ----
{
  "scenario": "correctness",
  "profile": "h2-local",
  "lock_impl": "LocalReservationLock",
  "base_url": "http://127.0.0.1:18080",
  "concurrency": 200,
  "round": 3,
  "total_planned": 200,
  "total_observed": 200,
  "success_201": 1,
  "conflict_409": 199,
  "failed_other": 0,
  "status_counts": {
    "201": 1,
    "409": 199
  },
  "error_code_counts": {
    "RESERVATION_CONFLICT": 199,
    "HTTP_201": 1
  },
  "wall_seconds": 0.1957,
  "throughput_rps": 1021.972407,
  "latency_all": {
    "count": 200,
    "min_ms": 22.451,
    "avg_ms": 105.822,
    "p50_ms": 105.346,
    "p95_ms": 173.955,
    "p99_ms": 186.201,
    "max_ms": 190.662
  },
  "latency_201": {
    "count": 1,
    "min_ms": 22.451,
    "avg_ms": 22.451,
    "p50_ms": 22.451,
    "p95_ms": 22.451,
    "p99_ms": 22.451,
    "max_ms": 22.451
  },
  "latency_409": {
    "count": 199,
    "min_ms": 28.429,
    "avg_ms": 106.241,
    "p50_ms": 105.388,
    "p95_ms": 174.074,
    "p99_ms": 186.235,
    "max_ms": 190.662
  },
  "started_at": "2026-08-14T06:59:50+00:00",
  "equipment_id": 17,
  "equipment_code": "BM-C-h2-local-20260814T065950Z-200-R3",
  "start_time": "2026-08-18T09:59:50Z",
  "end_time": "2026-08-18T10:59:50Z",
  "worker_exceptions": [],
  "threads_still_alive": []
}
---- PER-REQUEST ----
idx=0 status=409 class=conflict code=RESERVATION_CONFLICT latency_ms=62.042 reservation_id=None
idx=1 status=409 class=conflict code=RESERVATION_CONFLICT latency_ms=140.006 reservation_id=None
idx=2 status=409 class=conflict code=RESERVATION_CONFLICT latency_ms=79.072 reservation_id=None
idx=3 status=409 class=conflict code=RESERVATION_CONFLICT latency_ms=89.255 reservation_id=None
idx=4 status=409 class=conflict code=RESERVATION_CONFLICT latency_ms=142.371 reservation_id=None
idx=5 status=409 class=conflict code=RESERVATION_CONFLICT latency_ms=49.079 reservation_id=None
idx=6 status=409 class=conflict code=RESERVATION_CONFLICT latency_ms=71.105 reservation_id=None
idx=7 status=409 class=conflict code=RESERVATION_CONFLICT latency_ms=102.309 reservation_id=None
idx=8 status=409 class=conflict code=RESERVATION_CONFLICT latency_ms=103.183 reservation_id=None
idx=9 status=409 class=conflict code=RESERVATION_CONFLICT latency_ms=58.523 reservation_id=None
idx=10 status=409 class=conflict code=RESERVATION_CONFLICT latency_ms=97.034 reservation_id=None
idx=11 status=409 class=conflict code=RESERVATION_CONFLICT latency_ms=153.035 reservation_id=None
idx=12 status=409 class=conflict code=RESERVATION_CONFLICT latency_ms=79.552 reservation_id=None
idx=13 status=409 class=conflict code=RESERVATION_CONFLICT latency_ms=140.478 reservation_id=None
idx=14 status=409 class=conflict code=RESERVATION_CONFLICT latency_ms=92.883 reservation_id=None
idx=15 status=409 class=conflict code=RESERVATION_CONFLICT latency_ms=152.635 reservation_id=None
idx=16 status=409 class=conflict code=RESERVATION_CONFLICT latency_ms=154.399 reservation_id=None
idx=17 status=409 class=conflict code=RESERVATION_CONFLICT latency_ms=60.129 reservation_id=None
idx=18 status=409 class=conflict code=RESERVATION_CONFLICT latency_ms=121.255 reservation_id=None
idx=19 status=409 class=conflict code=RESERVATION_CONFLICT latency_ms=46.268 reservation_id=None
idx=20 status=409 class=conflict code=RESERVATION_CONFLICT latency_ms=35.679 reservation_id=None
idx=21 status=409 class=conflict code=RESERVATION_CONFLICT latency_ms=118.933 reservation_id=None
idx=22 status=409 class=conflict code=RESERVATION_CONFLICT latency_ms=79.613 reservation_id=None
idx=23 status=409 class=conflict code=RESERVATION_CONFLICT latency_ms=42.01 reservation_id=None
idx=24 status=409 class=conflict code=RESERVATION_CONFLICT latency_ms=126.843 reservation_id=None
idx=25 status=409 class=conflict code=RESERVATION_CONFLICT latency_ms=111.264 reservation_id=None
idx=26 status=409 class=conflict code=RESERVATION_CONFLICT latency_ms=81.781 reservation_id=None
idx=27 status=409 class=conflict code=RESERVATION_CONFLICT latency_ms=169.018 reservation_id=None
idx=28 status=409 class=conflict code=RESERVATION_CONFLICT latency_ms=60.198 reservation_id=None
idx=29 status=409 class=conflict code=RESERVATION_CONFLICT latency_ms=157.934 reservation_id=None
idx=30 status=409 class=conflict code=RESERVATION_CONFLICT latency_ms=154.996 reservation_id=None
idx=31 status=409 class=conflict code=RESERVATION_CONFLICT latency_ms=146.276 reservation_id=None
idx=32 status=409 class=conflict code=RESERVATION_CONFLICT latency_ms=121.789 reservation_id=None
idx=33 status=409 class=conflict code=RESERVATION_CONFLICT latency_ms=39.705 reservation_id=None
idx=34 status=409 class=conflict code=RESERVATION_CONFLICT latency_ms=157.961 reservation_id=None
idx=35 status=409 class=conflict code=RESERVATION_CONFLICT latency_ms=63.745 reservation_id=None
idx=36 status=409 class=conflict code=RESERVATION_CONFLICT latency_ms=102.963 reservation_id=None
idx=37 status=409 class=conflict code=RESERVATION_CONFLICT latency_ms=55.661 reservation_id=None
idx=38 status=409 class=conflict code=RESERVATION_CONFLICT latency_ms=107.623 reservation_id=None
idx=39 status=409 class=conflict code=RESERVATION_CONFLICT latency_ms=38.962 reservation_id=None
idx=40 status=409 class=conflict code=RESERVATION_CONFLICT latency_ms=42.162 reservation_id=None
idx=41 status=409 class=conflict code=RESERVATION_CONFLICT latency_ms=141.416 reservation_id=None
idx=42 status=409 class=conflict code=RESERVATION_CONFLICT latency_ms=110.304 reservation_id=None
idx=43 status=409 class=conflict code=RESERVATION_CONFLICT latency_ms=42.011 reservation_id=None
idx=44 status=409 class=conflict code=RESERVATION_CONFLICT latency_ms=82.759 reservation_id=None
idx=45 status=409 class=conflict code=RESERVATION_CONFLICT latency_ms=28.429 reservation_id=None
idx=46 status=409 class=conflict code=RESERVATION_CONFLICT latency_ms=69.694 reservation_id=None
idx=47 status=409 class=conflict code=RESERVATION_CONFLICT latency_ms=86.873 reservation_id=None
idx=48 status=409 class=conflict code=RESERVATION_CONFLICT latency_ms=105.388 reservation_id=None
idx=49 status=409 class=conflict code=RESERVATION_CONFLICT latency_ms=117.644 reservation_id=None
idx=50 status=409 class=conflict code=RESERVATION_CONFLICT latency_ms=92.177 reservation_id=None
idx=51 status=409 class=conflict code=RESERVATION_CONFLICT latency_ms=56.405 reservation_id=None
idx=52 status=409 class=conflict code=RESERVATION_CONFLICT latency_ms=43.969 reservation_id=None
idx=53 status=409 class=conflict code=RESERVATION_CONFLICT latency_ms=83.977 reservation_id=None
idx=54 status=409 class=conflict code=RESERVATION_CONFLICT latency_ms=92.652 reservation_id=None
idx=55 status=409 class=conflict code=RESERVATION_CONFLICT latency_ms=32.23 reservation_id=None
idx=56 status=409 class=conflict code=RESERVATION_CONFLICT latency_ms=98.313 reservation_id=None
idx=57 status=409 class=conflict code=RESERVATION_CONFLICT latency_ms=173.399 reservation_id=None
idx=58 status=409 class=conflict code=RESERVATION_CONFLICT latency_ms=68.65 reservation_id=None
idx=59 status=409 class=conflict code=RESERVATION_CONFLICT latency_ms=53.801 reservation_id=None
idx=60 status=409 class=conflict code=RESERVATION_CONFLICT latency_ms=136.112 reservation_id=None
idx=61 status=409 class=conflict code=RESERVATION_CONFLICT latency_ms=133.119 reservation_id=None
idx=62 status=409 class=conflict code=RESERVATION_CONFLICT latency_ms=64.748 reservation_id=None
idx=63 status=409 class=conflict code=RESERVATION_CONFLICT latency_ms=33.82 reservation_id=None
idx=64 status=409 class=conflict code=RESERVATION_CONFLICT latency_ms=48.191 reservation_id=None
idx=65 status=409 class=conflict code=RESERVATION_CONFLICT latency_ms=171.377 reservation_id=None
idx=66 status=409 class=conflict code=RESERVATION_CONFLICT latency_ms=73.61 reservation_id=None
idx=67 status=409 class=conflict code=RESERVATION_CONFLICT latency_ms=131.413 reservation_id=None
idx=68 status=409 class=conflict code=RESERVATION_CONFLICT latency_ms=80.668 reservation_id=None
idx=69 status=409 class=conflict code=RESERVATION_CONFLICT latency_ms=143.846 reservation_id=None
idx=70 status=409 class=conflict code=RESERVATION_CONFLICT latency_ms=83.332 reservation_id=None
idx=71 status=409 class=conflict code=RESERVATION_CONFLICT latency_ms=116.555 reservation_id=None
idx=72 status=409 class=conflict code=RESERVATION_CONFLICT latency_ms=63.058 reservation_id=None
idx=73 status=409 class=conflict code=RESERVATION_CONFLICT latency_ms=151.45 reservation_id=None
idx=74 status=409 class=conflict code=RESERVATION_CONFLICT latency_ms=115.972 reservation_id=None
idx=75 status=409 class=conflict code=RESERVATION_CONFLICT latency_ms=61.72 reservation_id=None
idx=76 status=409 class=conflict code=RESERVATION_CONFLICT latency_ms=89.002 reservation_id=None
idx=77 status=409 class=conflict code=RESERVATION_CONFLICT latency_ms=136.558 reservation_id=None
idx=78 status=409 class=conflict code=RESERVATION_CONFLICT latency_ms=172.643 reservation_id=None
idx=79 status=409 class=conflict code=RESERVATION_CONFLICT latency_ms=147.837 reservation_id=None
idx=80 status=409 class=conflict code=RESERVATION_CONFLICT latency_ms=96.148 reservation_id=None
idx=81 status=409 class=conflict code=RESERVATION_CONFLICT latency_ms=123.319 reservation_id=None
idx=82 status=409 class=conflict code=RESERVATION_CONFLICT latency_ms=162.118 reservation_id=None
idx=83 status=409 class=conflict code=RESERVATION_CONFLICT latency_ms=50.108 reservation_id=None
idx=84 status=409 class=conflict code=RESERVATION_CONFLICT latency_ms=97.015 reservation_id=None
idx=85 status=409 class=conflict code=RESERVATION_CONFLICT latency_ms=48.695 reservation_id=None
idx=86 status=409 class=conflict code=RESERVATION_CONFLICT latency_ms=149.192 reservation_id=None
idx=87 status=201 class=success code=None latency_ms=22.451 reservation_id=13
idx=88 status=409 class=conflict code=RESERVATION_CONFLICT latency_ms=178.871 reservation_id=None
idx=89 status=409 class=conflict code=RESERVATION_CONFLICT latency_ms=87.361 reservation_id=None
idx=90 status=409 class=conflict code=RESERVATION_CONFLICT latency_ms=73.949 reservation_id=None
idx=91 status=409 class=conflict code=RESERVATION_CONFLICT latency_ms=46.567 reservation_id=None
idx=92 status=409 class=conflict code=RESERVATION_CONFLICT latency_ms=149.932 reservation_id=None
idx=93 status=409 class=conflict code=RESERVATION_CONFLICT latency_ms=33.205 reservation_id=None
idx=94 status=409 class=conflict code=RESERVATION_CONFLICT latency_ms=186.168 reservation_id=None
idx=95 status=409 class=conflict code=RESERVATION_CONFLICT latency_ms=73.373 reservation_id=None
idx=96 status=409 class=conflict code=RESERVATION_CONFLICT latency_ms=155.473 reservation_id=None
idx=97 status=409 class=conflict code=RESERVATION_CONFLICT latency_ms=189.51 reservation_id=None
idx=98 status=409 class=conflict code=RESERVATION_CONFLICT latency_ms=37.033 reservation_id=None
idx=99 status=409 class=conflict code=RESERVATION_CONFLICT latency_ms=87.593 reservation_id=None
idx=100 status=409 class=conflict code=RESERVATION_CONFLICT latency_ms=111.186 reservation_id=None
idx=101 status=409 class=conflict code=RESERVATION_CONFLICT latency_ms=102.855 reservation_id=None
idx=102 status=409 class=conflict code=RESERVATION_CONFLICT latency_ms=190.662 reservation_id=None
idx=103 status=409 class=conflict code=RESERVATION_CONFLICT latency_ms=43.013 reservation_id=None
idx=104 status=409 class=conflict code=RESERVATION_CONFLICT latency_ms=116.179 reservation_id=None
idx=105 status=409 class=conflict code=RESERVATION_CONFLICT latency_ms=66.215 reservation_id=None
idx=106 status=409 class=conflict code=RESERVATION_CONFLICT latency_ms=144.098 reservation_id=None
idx=107 status=409 class=conflict code=RESERVATION_CONFLICT latency_ms=118.784 reservation_id=None
idx=108 status=409 class=conflict code=RESERVATION_CONFLICT latency_ms=36.453 reservation_id=None
idx=109 status=409 class=conflict code=RESERVATION_CONFLICT latency_ms=133.616 reservation_id=None
idx=110 status=409 class=conflict code=RESERVATION_CONFLICT latency_ms=108.084 reservation_id=None
idx=111 status=409 class=conflict code=RESERVATION_CONFLICT latency_ms=94.691 reservation_id=None
idx=112 status=409 class=conflict code=RESERVATION_CONFLICT latency_ms=75.5 reservation_id=None
idx=113 status=409 class=conflict code=RESERVATION_CONFLICT latency_ms=118.39 reservation_id=None
idx=114 status=409 class=conflict code=RESERVATION_CONFLICT latency_ms=140.718 reservation_id=None
idx=115 status=409 class=conflict code=RESERVATION_CONFLICT latency_ms=184.524 reservation_id=None
idx=116 status=409 class=conflict code=RESERVATION_CONFLICT latency_ms=142.515 reservation_id=None
idx=117 status=409 class=conflict code=RESERVATION_CONFLICT latency_ms=83.954 reservation_id=None
idx=118 status=409 class=conflict code=RESERVATION_CONFLICT latency_ms=97.335 reservation_id=None
idx=119 status=409 class=conflict code=RESERVATION_CONFLICT latency_ms=131.834 reservation_id=None
idx=120 status=409 class=conflict code=RESERVATION_CONFLICT latency_ms=94.147 reservation_id=None
idx=121 status=409 class=conflict code=RESERVATION_CONFLICT latency_ms=89.217 reservation_id=None
idx=122 status=409 class=conflict code=RESERVATION_CONFLICT latency_ms=146.613 reservation_id=None
idx=123 status=409 class=conflict code=RESERVATION_CONFLICT latency_ms=182.826 reservation_id=None
idx=124 status=409 class=conflict code=RESERVATION_CONFLICT latency_ms=101.481 reservation_id=None
idx=125 status=409 class=conflict code=RESERVATION_CONFLICT latency_ms=135.429 reservation_id=None
idx=126 status=409 class=conflict code=RESERVATION_CONFLICT latency_ms=105.418 reservation_id=None
idx=127 status=409 class=conflict code=RESERVATION_CONFLICT latency_ms=105.303 reservation_id=None
idx=128 status=409 class=conflict code=RESERVATION_CONFLICT latency_ms=52.168 reservation_id=None
idx=129 status=409 class=conflict code=RESERVATION_CONFLICT latency_ms=78.736 reservation_id=None
idx=130 status=409 class=conflict code=RESERVATION_CONFLICT latency_ms=103.592 reservation_id=None
idx=131 status=409 class=conflict code=RESERVATION_CONFLICT latency_ms=166.422 reservation_id=None
idx=132 status=409 class=conflict code=RESERVATION_CONFLICT latency_ms=173.836 reservation_id=None
idx=133 status=409 class=conflict code=RESERVATION_CONFLICT latency_ms=153.301 reservation_id=None
idx=134 status=409 class=conflict code=RESERVATION_CONFLICT latency_ms=50.136 reservation_id=None
idx=135 status=409 class=conflict code=RESERVATION_CONFLICT latency_ms=177.274 reservation_id=None
idx=136 status=409 class=conflict code=RESERVATION_CONFLICT latency_ms=98.389 reservation_id=None
idx=137 status=409 class=conflict code=RESERVATION_CONFLICT latency_ms=120.12 reservation_id=None
idx=138 status=409 class=conflict code=RESERVATION_CONFLICT latency_ms=79.814 reservation_id=None
idx=139 status=409 class=conflict code=RESERVATION_CONFLICT latency_ms=180.741 reservation_id=None
idx=140 status=409 class=conflict code=RESERVATION_CONFLICT latency_ms=176.219 reservation_id=None
idx=141 status=409 class=conflict code=RESERVATION_CONFLICT latency_ms=116.671 reservation_id=None
idx=142 status=409 class=conflict code=RESERVATION_CONFLICT latency_ms=94.793 reservation_id=None
idx=143 status=409 class=conflict code=RESERVATION_CONFLICT latency_ms=78.636 reservation_id=None
idx=144 status=409 class=conflict code=RESERVATION_CONFLICT latency_ms=185.475 reservation_id=None
idx=145 status=409 class=conflict code=RESERVATION_CONFLICT latency_ms=48.874 reservation_id=None
idx=146 status=409 class=conflict code=RESERVATION_CONFLICT latency_ms=38.367 reservation_id=None
idx=147 status=409 class=conflict code=RESERVATION_CONFLICT latency_ms=105.17 reservation_id=None
idx=148 status=409 class=conflict code=RESERVATION_CONFLICT latency_ms=67.688 reservation_id=None
idx=149 status=409 class=conflict code=RESERVATION_CONFLICT latency_ms=58.622 reservation_id=None
idx=150 status=409 class=conflict code=RESERVATION_CONFLICT latency_ms=111.907 reservation_id=None
idx=151 status=409 class=conflict code=RESERVATION_CONFLICT latency_ms=118.953 reservation_id=None
idx=152 status=409 class=conflict code=RESERVATION_CONFLICT latency_ms=44.595 reservation_id=None
idx=153 status=409 class=conflict code=RESERVATION_CONFLICT latency_ms=164.196 reservation_id=None
idx=154 status=409 class=conflict code=RESERVATION_CONFLICT latency_ms=76.054 reservation_id=None
idx=155 status=409 class=conflict code=RESERVATION_CONFLICT latency_ms=38.766 reservation_id=None
idx=156 status=409 class=conflict code=RESERVATION_CONFLICT latency_ms=62.185 reservation_id=None
idx=157 status=409 class=conflict code=RESERVATION_CONFLICT latency_ms=68.301 reservation_id=None
idx=158 status=409 class=conflict code=RESERVATION_CONFLICT latency_ms=78.313 reservation_id=None
idx=159 status=409 class=conflict code=RESERVATION_CONFLICT latency_ms=109.956 reservation_id=None
idx=160 status=409 class=conflict code=RESERVATION_CONFLICT latency_ms=124.95 reservation_id=None
idx=161 status=409 class=conflict code=RESERVATION_CONFLICT latency_ms=162.165 reservation_id=None
idx=162 status=409 class=conflict code=RESERVATION_CONFLICT latency_ms=53.883 reservation_id=None
idx=163 status=409 class=conflict code=RESERVATION_CONFLICT latency_ms=80.34 reservation_id=None
idx=164 status=409 class=conflict code=RESERVATION_CONFLICT latency_ms=157.255 reservation_id=None
idx=165 status=409 class=conflict code=RESERVATION_CONFLICT latency_ms=135.244 reservation_id=None
idx=166 status=409 class=conflict code=RESERVATION_CONFLICT latency_ms=81.306 reservation_id=None
idx=167 status=409 class=conflict code=RESERVATION_CONFLICT latency_ms=120.514 reservation_id=None
idx=168 status=409 class=conflict code=RESERVATION_CONFLICT latency_ms=158.013 reservation_id=None
idx=169 status=409 class=conflict code=RESERVATION_CONFLICT latency_ms=172.828 reservation_id=None
idx=170 status=409 class=conflict code=RESERVATION_CONFLICT latency_ms=59.742 reservation_id=None
idx=171 status=409 class=conflict code=RESERVATION_CONFLICT latency_ms=170.403 reservation_id=None
idx=172 status=409 class=conflict code=RESERVATION_CONFLICT latency_ms=166.364 reservation_id=None
idx=173 status=409 class=conflict code=RESERVATION_CONFLICT latency_ms=154.646 reservation_id=None
idx=174 status=409 class=conflict code=RESERVATION_CONFLICT latency_ms=119.144 reservation_id=None
idx=175 status=409 class=conflict code=RESERVATION_CONFLICT latency_ms=142.723 reservation_id=None
idx=176 status=409 class=conflict code=RESERVATION_CONFLICT latency_ms=148.321 reservation_id=None
idx=177 status=409 class=conflict code=RESERVATION_CONFLICT latency_ms=148.892 reservation_id=None
idx=178 status=409 class=conflict code=RESERVATION_CONFLICT latency_ms=127.892 reservation_id=None
idx=179 status=409 class=conflict code=RESERVATION_CONFLICT latency_ms=128.702 reservation_id=None
idx=180 status=409 class=conflict code=RESERVATION_CONFLICT latency_ms=97.303 reservation_id=None
idx=181 status=409 class=conflict code=RESERVATION_CONFLICT latency_ms=106.755 reservation_id=None
idx=182 status=409 class=conflict code=RESERVATION_CONFLICT latency_ms=40.93 reservation_id=None
idx=183 status=409 class=conflict code=RESERVATION_CONFLICT latency_ms=133.288 reservation_id=None
idx=184 status=409 class=conflict code=RESERVATION_CONFLICT latency_ms=163.875 reservation_id=None
idx=185 status=409 class=conflict code=RESERVATION_CONFLICT latency_ms=127.288 reservation_id=None
idx=186 status=409 class=conflict code=RESERVATION_CONFLICT latency_ms=147.365 reservation_id=None
idx=187 status=409 class=conflict code=RESERVATION_CONFLICT latency_ms=36.269 reservation_id=None
idx=188 status=409 class=conflict code=RESERVATION_CONFLICT latency_ms=56.199 reservation_id=None
idx=189 status=409 class=conflict code=RESERVATION_CONFLICT latency_ms=117.774 reservation_id=None
idx=190 status=409 class=conflict code=RESERVATION_CONFLICT latency_ms=123.847 reservation_id=None
idx=191 status=409 class=conflict code=RESERVATION_CONFLICT latency_ms=149.318 reservation_id=None
idx=192 status=409 class=conflict code=RESERVATION_CONFLICT latency_ms=167.988 reservation_id=None
idx=193 status=409 class=conflict code=RESERVATION_CONFLICT latency_ms=132.054 reservation_id=None
idx=194 status=409 class=conflict code=RESERVATION_CONFLICT latency_ms=91.336 reservation_id=None
idx=195 status=409 class=conflict code=RESERVATION_CONFLICT latency_ms=139.212 reservation_id=None
idx=196 status=409 class=conflict code=RESERVATION_CONFLICT latency_ms=141.18 reservation_id=None
idx=197 status=409 class=conflict code=RESERVATION_CONFLICT latency_ms=107.493 reservation_id=None
idx=198 status=409 class=conflict code=RESERVATION_CONFLICT latency_ms=137.51 reservation_id=None
idx=199 status=409 class=conflict code=RESERVATION_CONFLICT latency_ms=61.771 reservation_id=None
WROTE <REPO>\benchmark\results\20260814T065933Z-h2-local-correctness-n200-r3.json
WROTE <REPO>\benchmark\results\20260814T065933Z-h2-local-correctness-n200-r3.jsonl
