[2026-08-14T06:59:35.2665542Z] Wrote <REPO>\benchmark\machine.json
[2026-08-14T06:59:35.2695809Z] Orchestrator start root=<REPO>
[2026-08-14T06:59:35.2973988Z] Starting H2 backend: C:\Program Files\Java\jdk-25.0.2\bin\java.exe -jar <REPO>\target\lab-equipment-platform-0.0.1-SNAPSHOT.jar --server.port=18080 --logging.file.name=<REPO>\benchmark\logs\20260814T065933Z-backend-h2.stdout.log
[2026-08-14T06:59:41.5857856Z] RUN 20260814T065933Z-h2-local-correctness-n50-r1
[2026-08-14T06:59:42.6190516Z] EXIT 20260814T065933Z-h2-local-correctness-n50-r1 code=0
[2026-08-14T06:59:42.6399792Z] RUN 20260814T065933Z-h2-local-correctness-n50-r2
[2026-08-14T06:59:43.6667860Z] EXIT 20260814T065933Z-h2-local-correctness-n50-r2 code=0
[2026-08-14T06:59:43.6853198Z] RUN 20260814T065933Z-h2-local-correctness-n50-r3
[2026-08-14T06:59:44.7065627Z] EXIT 20260814T065933Z-h2-local-correctness-n50-r3 code=0
[2026-08-14T06:59:44.7291191Z] RUN 20260814T065933Z-h2-local-correctness-n100-r1
[2026-08-14T06:59:45.7502130Z] EXIT 20260814T065933Z-h2-local-correctness-n100-r1 code=0
[2026-08-14T06:59:45.7672815Z] RUN 20260814T065933Z-h2-local-correctness-n100-r2
[2026-08-14T06:59:46.7971809Z] EXIT 20260814T065933Z-h2-local-correctness-n100-r2 code=0
[2026-08-14T06:59:46.8160378Z] RUN 20260814T065933Z-h2-local-correctness-n100-r3
[2026-08-14T06:59:47.8346043Z] EXIT 20260814T065933Z-h2-local-correctness-n100-r3 code=0
[2026-08-14T06:59:47.8582268Z] RUN 20260814T065933Z-h2-local-correctness-n200-r1
[2026-08-14T06:59:48.8748406Z] EXIT 20260814T065933Z-h2-local-correctness-n200-r1 code=0
[2026-08-14T06:59:48.8940067Z] RUN 20260814T065933Z-h2-local-correctness-n200-r2
[2026-08-14T06:59:49.9170399Z] EXIT 20260814T065933Z-h2-local-correctness-n200-r2 code=0
[2026-08-14T06:59:49.9368762Z] RUN 20260814T065933Z-h2-local-correctness-n200-r3
[2026-08-14T06:59:50.9741385Z] EXIT 20260814T065933Z-h2-local-correctness-n200-r3 code=0
[2026-08-14T06:59:50.9947985Z] RUN 20260814T065933Z-h2-local-performance-c50-t500-r1
[2026-08-14T06:59:53.0299919Z] EXIT 20260814T065933Z-h2-local-performance-c50-t500-r1 code=0
[2026-08-14T06:59:53.0313686Z] RUN 20260814T065933Z-h2-local-performance-c100-t500-r1
[2026-08-14T06:59:55.0661455Z] EXIT 20260814T065933Z-h2-local-performance-c100-t500-r1 code=0
[2026-08-14T06:59:55.3701301Z] Stopped pid=15744 from <REPO>\benchmark\.run\backend-h2.pid
[2026-08-14T06:59:55.4951945Z] write_results.py exit=1
[2026-08-14T06:59:55.4961866Z] RESULTS.md written
[2026-08-14T06:59:55.4971945Z] Orchestrator finished
