BENCH begin correctness profile=mysql-redis N=100 round=2
base_url=http://127.0.0.1:18080 python=3.14.0 (tags/v3.14.0:ebf955d, Oct  7 2025, 10:15:03) [MSC v.1944 64 bit (AMD64)] pid=38068
LOGIN student status=200 latency_ms=85.0
LOGIN admin status=200 latency_ms=90.0
CREATE_EQUIPMENT code=BM-C-mysql-redis-20260814T070428Z-100-R2 status=201 latency_ms=46.8
CORRECTNESS start profile=mysql-redis N=100 round=2 equipmentId=22 startTime=2026-08-18T09:04:28Z endTime=2026-08-18T10:04:28Z
---- SUMMARY ----
{
  "scenario": "correctness",
  "profile": "mysql-redis",
  "lock_impl": "RedisReservationLock",
  "base_url": "http://127.0.0.1:18080",
  "concurrency": 100,
  "round": 2,
  "total_planned": 100,
  "total_observed": 100,
  "success_201": 1,
  "conflict_409": 99,
  "failed_other": 0,
  "status_counts": {
    "201": 1,
    "409": 99
  },
  "error_code_counts": {
    "RESERVATION_CONFLICT": 32,
    "RESERVATION_LOCK_TIMEOUT": 67,
    "HTTP_201": 1
  },
  "wall_seconds": 2.086102,
  "throughput_rps": 47.936285,
  "latency_all": {
    "count": 100,
    "min_ms": 46.366,
    "avg_ms": 1726.499,
    "p50_ms": 2075.416,
    "p95_ms": 2082.746,
    "p99_ms": 2084.182,
    "max_ms": 2085.221
  },
  "latency_201": {
    "count": 1,
    "min_ms": 46.366,
    "avg_ms": 46.366,
    "p50_ms": 46.366,
    "p95_ms": 46.366,
    "p99_ms": 46.366,
    "max_ms": 46.366
  },
  "latency_409": {
    "count": 99,
    "min_ms": 80.505,
    "avg_ms": 1743.47,
    "p50_ms": 2075.57,
    "p95_ms": 2082.75,
    "p99_ms": 2084.193,
    "max_ms": 2085.221
  },
  "started_at": "2026-08-14T07:04:30+00:00",
  "equipment_id": 22,
  "equipment_code": "BM-C-mysql-redis-20260814T070428Z-100-R2",
  "start_time": "2026-08-18T09:04:28Z",
  "end_time": "2026-08-18T10:04:28Z",
  "worker_exceptions": [],
  "threads_still_alive": []
}
---- PER-REQUEST ----
idx=0 status=409 class=conflict code=RESERVATION_CONFLICT latency_ms=457.393 reservation_id=None
idx=1 status=409 class=conflict code=RESERVATION_LOCK_TIMEOUT latency_ms=2077.866 reservation_id=None
idx=2 status=409 class=conflict code=RESERVATION_LOCK_TIMEOUT latency_ms=2077.943 reservation_id=None
idx=3 status=409 class=conflict code=RESERVATION_LOCK_TIMEOUT latency_ms=2082.82 reservation_id=None
idx=4 status=409 class=conflict code=RESERVATION_LOCK_TIMEOUT latency_ms=2085.221 reservation_id=None
idx=5 status=409 class=conflict code=RESERVATION_LOCK_TIMEOUT latency_ms=2077.439 reservation_id=None
idx=6 status=409 class=conflict code=RESERVATION_LOCK_TIMEOUT latency_ms=2013.068 reservation_id=None
idx=7 status=409 class=conflict code=RESERVATION_CONFLICT latency_ms=581.776 reservation_id=None
idx=8 status=409 class=conflict code=RESERVATION_LOCK_TIMEOUT latency_ms=2075.262 reservation_id=None
idx=9 status=409 class=conflict code=RESERVATION_LOCK_TIMEOUT latency_ms=2074.076 reservation_id=None
idx=10 status=409 class=conflict code=RESERVATION_LOCK_TIMEOUT latency_ms=2082.321 reservation_id=None
idx=11 status=409 class=conflict code=RESERVATION_CONFLICT latency_ms=702.347 reservation_id=None
idx=12 status=409 class=conflict code=RESERVATION_LOCK_TIMEOUT latency_ms=2074.609 reservation_id=None
idx=13 status=409 class=conflict code=RESERVATION_LOCK_TIMEOUT latency_ms=2068.985 reservation_id=None
idx=14 status=409 class=conflict code=RESERVATION_CONFLICT latency_ms=1776.963 reservation_id=None
idx=15 status=409 class=conflict code=RESERVATION_LOCK_TIMEOUT latency_ms=2012.947 reservation_id=None
idx=16 status=409 class=conflict code=RESERVATION_LOCK_TIMEOUT latency_ms=2076.61 reservation_id=None
idx=17 status=409 class=conflict code=RESERVATION_CONFLICT latency_ms=769.703 reservation_id=None
idx=18 status=409 class=conflict code=RESERVATION_CONFLICT latency_ms=832.339 reservation_id=None
idx=19 status=409 class=conflict code=RESERVATION_LOCK_TIMEOUT latency_ms=2081.733 reservation_id=None
idx=20 status=409 class=conflict code=RESERVATION_LOCK_TIMEOUT latency_ms=2077.754 reservation_id=None
idx=21 status=409 class=conflict code=RESERVATION_LOCK_TIMEOUT latency_ms=2080.409 reservation_id=None
idx=22 status=409 class=conflict code=RESERVATION_LOCK_TIMEOUT latency_ms=2077.064 reservation_id=None
idx=23 status=409 class=conflict code=RESERVATION_LOCK_TIMEOUT latency_ms=2078.562 reservation_id=None
idx=24 status=409 class=conflict code=RESERVATION_LOCK_TIMEOUT latency_ms=2076.097 reservation_id=None
idx=25 status=201 class=success code=None latency_ms=46.366 reservation_id=34
idx=26 status=409 class=conflict code=RESERVATION_LOCK_TIMEOUT latency_ms=2081.631 reservation_id=None
idx=27 status=409 class=conflict code=RESERVATION_LOCK_TIMEOUT latency_ms=2081.572 reservation_id=None
idx=28 status=409 class=conflict code=RESERVATION_CONFLICT latency_ms=1837.642 reservation_id=None
idx=29 status=409 class=conflict code=RESERVATION_LOCK_TIMEOUT latency_ms=2011.935 reservation_id=None
idx=30 status=409 class=conflict code=RESERVATION_LOCK_TIMEOUT latency_ms=2073.989 reservation_id=None
idx=31 status=409 class=conflict code=RESERVATION_LOCK_TIMEOUT latency_ms=2010.84 reservation_id=None
idx=32 status=409 class=conflict code=RESERVATION_LOCK_TIMEOUT latency_ms=2075.707 reservation_id=None
idx=33 status=409 class=conflict code=RESERVATION_LOCK_TIMEOUT latency_ms=2078.998 reservation_id=None
idx=34 status=409 class=conflict code=RESERVATION_LOCK_TIMEOUT latency_ms=2079.046 reservation_id=None
idx=35 status=409 class=conflict code=RESERVATION_LOCK_TIMEOUT latency_ms=2084.172 reservation_id=None
idx=36 status=409 class=conflict code=RESERVATION_LOCK_TIMEOUT latency_ms=2083.646 reservation_id=None
idx=37 status=409 class=conflict code=RESERVATION_LOCK_TIMEOUT latency_ms=2079.026 reservation_id=None
idx=38 status=409 class=conflict code=RESERVATION_CONFLICT latency_ms=1334.761 reservation_id=None
idx=39 status=409 class=conflict code=RESERVATION_LOCK_TIMEOUT latency_ms=2072.749 reservation_id=None
idx=40 status=409 class=conflict code=RESERVATION_LOCK_TIMEOUT latency_ms=2082.737 reservation_id=None
idx=41 status=409 class=conflict code=RESERVATION_CONFLICT latency_ms=1396.949 reservation_id=None
idx=42 status=409 class=conflict code=RESERVATION_LOCK_TIMEOUT latency_ms=2080.644 reservation_id=None
idx=43 status=409 class=conflict code=RESERVATION_LOCK_TIMEOUT latency_ms=2076.686 reservation_id=None
idx=44 status=409 class=conflict code=RESERVATION_LOCK_TIMEOUT latency_ms=2076.669 reservation_id=None
idx=45 status=409 class=conflict code=RESERVATION_LOCK_TIMEOUT latency_ms=2080.225 reservation_id=None
idx=46 status=409 class=conflict code=RESERVATION_CONFLICT latency_ms=330.146 reservation_id=None
idx=47 status=409 class=conflict code=RESERVATION_CONFLICT latency_ms=206.698 reservation_id=None
idx=48 status=409 class=conflict code=RESERVATION_LOCK_TIMEOUT latency_ms=2081.287 reservation_id=None
idx=49 status=409 class=conflict code=RESERVATION_CONFLICT latency_ms=1272.575 reservation_id=None
idx=50 status=409 class=conflict code=RESERVATION_LOCK_TIMEOUT latency_ms=2075.57 reservation_id=None
idx=51 status=409 class=conflict code=RESERVATION_CONFLICT latency_ms=511.446 reservation_id=None
idx=52 status=409 class=conflict code=RESERVATION_CONFLICT latency_ms=1147.455 reservation_id=None
idx=53 status=409 class=conflict code=RESERVATION_LOCK_TIMEOUT latency_ms=2082.742 reservation_id=None
idx=54 status=409 class=conflict code=RESERVATION_LOCK_TIMEOUT latency_ms=2078.386 reservation_id=None
idx=55 status=409 class=conflict code=RESERVATION_LOCK_TIMEOUT latency_ms=2080.39 reservation_id=None
idx=56 status=409 class=conflict code=RESERVATION_CONFLICT latency_ms=1515.513 reservation_id=None
idx=57 status=409 class=conflict code=RESERVATION_LOCK_TIMEOUT latency_ms=2080.615 reservation_id=None
idx=58 status=409 class=conflict code=RESERVATION_LOCK_TIMEOUT latency_ms=2083.067 reservation_id=None
idx=59 status=409 class=conflict code=RESERVATION_LOCK_TIMEOUT latency_ms=2078.08 reservation_id=None
idx=60 status=409 class=conflict code=RESERVATION_LOCK_TIMEOUT latency_ms=2070.126 reservation_id=None
idx=61 status=409 class=conflict code=RESERVATION_CONFLICT latency_ms=954.081 reservation_id=None
idx=62 status=409 class=conflict code=RESERVATION_LOCK_TIMEOUT latency_ms=2078.684 reservation_id=None
idx=63 status=409 class=conflict code=RESERVATION_LOCK_TIMEOUT latency_ms=2079.852 reservation_id=None
idx=64 status=409 class=conflict code=RESERVATION_CONFLICT latency_ms=1211.292 reservation_id=None
idx=65 status=409 class=conflict code=RESERVATION_CONFLICT latency_ms=1583.608 reservation_id=None
idx=66 status=409 class=conflict code=RESERVATION_LOCK_TIMEOUT latency_ms=2072.631 reservation_id=None
idx=67 status=409 class=conflict code=RESERVATION_CONFLICT latency_ms=142.49 reservation_id=None
idx=68 status=409 class=conflict code=RESERVATION_LOCK_TIMEOUT latency_ms=2081.945 reservation_id=None
idx=69 status=409 class=conflict code=RESERVATION_CONFLICT latency_ms=1455.068 reservation_id=None
idx=70 status=409 class=conflict code=RESERVATION_CONFLICT latency_ms=1957.341 reservation_id=None
idx=71 status=409 class=conflict code=RESERVATION_CONFLICT latency_ms=1711.198 reservation_id=None
idx=72 status=409 class=conflict code=RESERVATION_LOCK_TIMEOUT latency_ms=2074.033 reservation_id=None
idx=73 status=409 class=conflict code=RESERVATION_CONFLICT latency_ms=893.552 reservation_id=None
idx=74 status=409 class=conflict code=RESERVATION_LOCK_TIMEOUT latency_ms=2076.354 reservation_id=None
idx=75 status=409 class=conflict code=RESERVATION_LOCK_TIMEOUT latency_ms=2077.121 reservation_id=None
idx=76 status=409 class=conflict code=RESERVATION_CONFLICT latency_ms=1084.416 reservation_id=None
idx=77 status=409 class=conflict code=RESERVATION_LOCK_TIMEOUT latency_ms=2074.673 reservation_id=None
idx=78 status=409 class=conflict code=RESERVATION_LOCK_TIMEOUT latency_ms=2077.03 reservation_id=None
idx=79 status=409 class=conflict code=RESERVATION_LOCK_TIMEOUT latency_ms=2081.768 reservation_id=None
idx=80 status=409 class=conflict code=RESERVATION_CONFLICT latency_ms=264.753 reservation_id=None
idx=81 status=409 class=conflict code=RESERVATION_CONFLICT latency_ms=2019.625 reservation_id=None
idx=82 status=409 class=conflict code=RESERVATION_LOCK_TIMEOUT latency_ms=2073.38 reservation_id=None
idx=83 status=409 class=conflict code=RESERVATION_LOCK_TIMEOUT latency_ms=2078.187 reservation_id=None
idx=84 status=409 class=conflict code=RESERVATION_CONFLICT latency_ms=1895.924 reservation_id=None
idx=85 status=409 class=conflict code=RESERVATION_CONFLICT latency_ms=1020.284 reservation_id=None
idx=86 status=409 class=conflict code=RESERVATION_LOCK_TIMEOUT latency_ms=2081.052 reservation_id=None
idx=87 status=409 class=conflict code=RESERVATION_CONFLICT latency_ms=1644.259 reservation_id=None
idx=88 status=409 class=conflict code=RESERVATION_LOCK_TIMEOUT latency_ms=2080.399 reservation_id=None
idx=89 status=409 class=conflict code=RESERVATION_LOCK_TIMEOUT latency_ms=2080.408 reservation_id=None
idx=90 status=409 class=conflict code=RESERVATION_LOCK_TIMEOUT latency_ms=2070.338 reservation_id=None
idx=91 status=409 class=conflict code=RESERVATION_LOCK_TIMEOUT latency_ms=2079.673 reservation_id=None
idx=92 status=409 class=conflict code=RESERVATION_LOCK_TIMEOUT latency_ms=2074.636 reservation_id=None
idx=93 status=409 class=conflict code=RESERVATION_LOCK_TIMEOUT latency_ms=2078.97 reservation_id=None
idx=94 status=409 class=conflict code=RESERVATION_LOCK_TIMEOUT latency_ms=2081.968 reservation_id=None
idx=95 status=409 class=conflict code=RESERVATION_CONFLICT latency_ms=387.465 reservation_id=None
idx=96 status=409 class=conflict code=RESERVATION_CONFLICT latency_ms=80.505 reservation_id=None
idx=97 status=409 class=conflict code=RESERVATION_LOCK_TIMEOUT latency_ms=2081.998 reservation_id=None
idx=98 status=409 class=conflict code=RESERVATION_LOCK_TIMEOUT latency_ms=2076.207 reservation_id=None
idx=99 status=409 class=conflict code=RESERVATION_CONFLICT latency_ms=641.363 reservation_id=None
WROTE <REPO>\benchmark\results\20260814T070350Z-mysql-redis-correctness-n100-r2.json
WROTE <REPO>\benchmark\results\20260814T070350Z-mysql-redis-correctness-n100-r2.jsonl
