BENCH begin correctness profile=mysql-redis N=50 round=3
base_url=http://127.0.0.1:18080 python=3.14.0 (tags/v3.14.0:ebf955d, Oct  7 2025, 10:15:03) [MSC v.1944 64 bit (AMD64)] pid=31608
LOGIN student status=200 latency_ms=86.5
LOGIN admin status=200 latency_ms=120.4
CREATE_EQUIPMENT code=BM-C-mysql-redis-20260814T070422Z-50-R3 status=201 latency_ms=29.8
CORRECTNESS start profile=mysql-redis N=50 round=3 equipmentId=20 startTime=2026-08-18T10:04:22Z endTime=2026-08-18T11:04:22Z
---- SUMMARY ----
{
  "scenario": "correctness",
  "profile": "mysql-redis",
  "lock_impl": "RedisReservationLock",
  "base_url": "http://127.0.0.1:18080",
  "concurrency": 50,
  "round": 3,
  "total_planned": 50,
  "total_observed": 50,
  "success_201": 1,
  "conflict_409": 49,
  "failed_other": 0,
  "status_counts": {
    "201": 1,
    "409": 49
  },
  "error_code_counts": {
    "RESERVATION_CONFLICT": 34,
    "RESERVATION_LOCK_TIMEOUT": 15,
    "HTTP_201": 1
  },
  "wall_seconds": 2.05422,
  "throughput_rps": 24.340142,
  "latency_all": {
    "count": 50,
    "min_ms": 38.515,
    "avg_ms": 1290.118,
    "p50_ms": 1404.23,
    "p95_ms": 2052.097,
    "p99_ms": 2053.126,
    "max_ms": 2053.302
  },
  "latency_201": {
    "count": 1,
    "min_ms": 38.515,
    "avg_ms": 38.515,
    "p50_ms": 38.515,
    "p95_ms": 38.515,
    "p99_ms": 38.515,
    "max_ms": 38.515
  },
  "latency_409": {
    "count": 49,
    "min_ms": 82.741,
    "avg_ms": 1315.661,
    "p50_ms": 1434.537,
    "p95_ms": 2052.13,
    "p99_ms": 2053.13,
    "max_ms": 2053.302
  },
  "started_at": "2026-08-14T07:04:24+00:00",
  "equipment_id": 20,
  "equipment_code": "BM-C-mysql-redis-20260814T070422Z-50-R3",
  "start_time": "2026-08-18T10:04:22Z",
  "end_time": "2026-08-18T11:04:22Z",
  "worker_exceptions": [],
  "threads_still_alive": []
}
---- PER-REQUEST ----
idx=0 status=409 class=conflict code=RESERVATION_CONFLICT latency_ms=1679.441 reservation_id=None
idx=1 status=409 class=conflict code=RESERVATION_LOCK_TIMEOUT latency_ms=2053.302 reservation_id=None
idx=2 status=409 class=conflict code=RESERVATION_CONFLICT latency_ms=1806.799 reservation_id=None
idx=3 status=409 class=conflict code=RESERVATION_LOCK_TIMEOUT latency_ms=2049.758 reservation_id=None
idx=4 status=409 class=conflict code=RESERVATION_CONFLICT latency_ms=760.161 reservation_id=None
idx=5 status=409 class=conflict code=RESERVATION_CONFLICT latency_ms=1991.698 reservation_id=None
idx=6 status=201 class=success code=None latency_ms=38.515 reservation_id=32
idx=7 status=409 class=conflict code=RESERVATION_LOCK_TIMEOUT latency_ms=2047.715 reservation_id=None
idx=8 status=409 class=conflict code=RESERVATION_LOCK_TIMEOUT latency_ms=2046.655 reservation_id=None
idx=9 status=409 class=conflict code=RESERVATION_CONFLICT latency_ms=149.956 reservation_id=None
idx=10 status=409 class=conflict code=RESERVATION_LOCK_TIMEOUT latency_ms=2050.315 reservation_id=None
idx=11 status=409 class=conflict code=RESERVATION_CONFLICT latency_ms=265.691 reservation_id=None
idx=12 status=409 class=conflict code=RESERVATION_CONFLICT latency_ms=448.31 reservation_id=None
idx=13 status=409 class=conflict code=RESERVATION_CONFLICT latency_ms=1871.357 reservation_id=None
idx=14 status=409 class=conflict code=RESERVATION_CONFLICT latency_ms=389.415 reservation_id=None
idx=15 status=409 class=conflict code=RESERVATION_CONFLICT latency_ms=1373.923 reservation_id=None
idx=16 status=409 class=conflict code=RESERVATION_CONFLICT latency_ms=1316.068 reservation_id=None
idx=17 status=409 class=conflict code=RESERVATION_CONFLICT latency_ms=695.699 reservation_id=None
idx=18 status=409 class=conflict code=RESERVATION_CONFLICT latency_ms=90.393 reservation_id=None
idx=19 status=409 class=conflict code=RESERVATION_CONFLICT latency_ms=1194.108 reservation_id=None
idx=20 status=409 class=conflict code=RESERVATION_LOCK_TIMEOUT latency_ms=2052.4 reservation_id=None
idx=21 status=409 class=conflict code=RESERVATION_CONFLICT latency_ms=630.899 reservation_id=None
idx=22 status=409 class=conflict code=RESERVATION_CONFLICT latency_ms=1932.068 reservation_id=None
idx=23 status=409 class=conflict code=RESERVATION_LOCK_TIMEOUT latency_ms=2051.726 reservation_id=None
idx=24 status=409 class=conflict code=RESERVATION_CONFLICT latency_ms=1434.537 reservation_id=None
idx=25 status=409 class=conflict code=RESERVATION_CONFLICT latency_ms=1065.507 reservation_id=None
idx=26 status=409 class=conflict code=RESERVATION_LOCK_TIMEOUT latency_ms=2049.473 reservation_id=None
idx=27 status=409 class=conflict code=RESERVATION_CONFLICT latency_ms=948.398 reservation_id=None
idx=28 status=409 class=conflict code=RESERVATION_CONFLICT latency_ms=462.309 reservation_id=None
idx=29 status=409 class=conflict code=RESERVATION_LOCK_TIMEOUT latency_ms=2047.058 reservation_id=None
idx=30 status=409 class=conflict code=RESERVATION_LOCK_TIMEOUT latency_ms=2047.382 reservation_id=None
idx=31 status=409 class=conflict code=RESERVATION_CONFLICT latency_ms=329.689 reservation_id=None
idx=32 status=409 class=conflict code=RESERVATION_CONFLICT latency_ms=1740.365 reservation_id=None
idx=33 status=409 class=conflict code=RESERVATION_CONFLICT latency_ms=82.741 reservation_id=None
idx=34 status=409 class=conflict code=RESERVATION_LOCK_TIMEOUT latency_ms=2052.943 reservation_id=None
idx=35 status=409 class=conflict code=RESERVATION_CONFLICT latency_ms=822.647 reservation_id=None
idx=36 status=409 class=conflict code=RESERVATION_CONFLICT latency_ms=203.636 reservation_id=None
idx=37 status=409 class=conflict code=RESERVATION_CONFLICT latency_ms=1008.445 reservation_id=None
idx=38 status=409 class=conflict code=RESERVATION_CONFLICT latency_ms=1131.328 reservation_id=None
idx=39 status=409 class=conflict code=RESERVATION_CONFLICT latency_ms=883.195 reservation_id=None
idx=40 status=409 class=conflict code=RESERVATION_CONFLICT latency_ms=1616.999 reservation_id=None
idx=41 status=409 class=conflict code=RESERVATION_CONFLICT latency_ms=577.97 reservation_id=None
idx=42 status=409 class=conflict code=RESERVATION_LOCK_TIMEOUT latency_ms=2048.177 reservation_id=None
idx=43 status=409 class=conflict code=RESERVATION_CONFLICT latency_ms=1495.242 reservation_id=None
idx=44 status=409 class=conflict code=RESERVATION_CONFLICT latency_ms=1257.832 reservation_id=None
idx=45 status=409 class=conflict code=RESERVATION_LOCK_TIMEOUT latency_ms=2048.126 reservation_id=None
idx=46 status=409 class=conflict code=RESERVATION_CONFLICT latency_ms=1558.428 reservation_id=None
idx=47 status=409 class=conflict code=RESERVATION_LOCK_TIMEOUT latency_ms=2047.981 reservation_id=None
idx=48 status=409 class=conflict code=RESERVATION_LOCK_TIMEOUT latency_ms=2044.436 reservation_id=None
idx=49 status=409 class=conflict code=RESERVATION_CONFLICT latency_ms=514.699 reservation_id=None
WROTE <REPO>\benchmark\results\20260814T070350Z-mysql-redis-correctness-n50-r3.json
WROTE <REPO>\benchmark\results\20260814T070350Z-mysql-redis-correctness-n50-r3.jsonl
