BENCH begin correctness profile=mysql-redis N=50 round=1
base_url=http://127.0.0.1:18080 python=3.14.0 (tags/v3.14.0:ebf955d, Oct  7 2025, 10:15:03) [MSC v.1944 64 bit (AMD64)] pid=21692
LOGIN student status=200 latency_ms=309.0
LOGIN admin status=200 latency_ms=89.2
CREATE_EQUIPMENT code=BM-C-mysql-redis-20260814T070416Z-50-R1 status=201 latency_ms=95.8
CORRECTNESS start profile=mysql-redis N=50 round=1 equipmentId=18 startTime=2026-08-18T08:04:16Z endTime=2026-08-18T09:04:16Z
---- SUMMARY ----
{
  "scenario": "correctness",
  "profile": "mysql-redis",
  "lock_impl": "RedisReservationLock",
  "base_url": "http://127.0.0.1:18080",
  "concurrency": 50,
  "round": 1,
  "total_planned": 50,
  "total_observed": 50,
  "success_201": 1,
  "conflict_409": 49,
  "failed_other": 0,
  "status_counts": {
    "201": 1,
    "409": 49
  },
  "error_code_counts": {
    "RESERVATION_CONFLICT": 49,
    "HTTP_201": 1
  },
  "wall_seconds": 1.61201,
  "throughput_rps": 31.017181,
  "latency_all": {
    "count": 50,
    "min_ms": 161.155,
    "avg_ms": 816.372,
    "p50_ms": 771.454,
    "p95_ms": 1456.787,
    "p99_ms": 1581.046,
    "max_ms": 1611.282
  },
  "latency_201": {
    "count": 1,
    "min_ms": 161.155,
    "avg_ms": 161.155,
    "p50_ms": 161.155,
    "p95_ms": 161.155,
    "p99_ms": 161.155,
    "max_ms": 161.155
  },
  "latency_409": {
    "count": 49,
    "min_ms": 220.834,
    "avg_ms": 829.744,
    "p50_ms": 779.447,
    "p95_ms": 1459.626,
    "p99_ms": 1581.663,
    "max_ms": 1611.282
  },
  "started_at": "2026-08-14T07:04:17+00:00",
  "equipment_id": 18,
  "equipment_code": "BM-C-mysql-redis-20260814T070416Z-50-R1",
  "start_time": "2026-08-18T08:04:16Z",
  "end_time": "2026-08-18T09:04:16Z",
  "worker_exceptions": [],
  "threads_still_alive": []
}
---- PER-REQUEST ----
idx=0 status=409 class=conflict code=RESERVATION_CONFLICT latency_ms=595.65 reservation_id=None
idx=1 status=409 class=conflict code=RESERVATION_CONFLICT latency_ms=1175.191 reservation_id=None
idx=2 status=409 class=conflict code=RESERVATION_CONFLICT latency_ms=521.548 reservation_id=None
idx=3 status=409 class=conflict code=RESERVATION_CONFLICT latency_ms=1611.282 reservation_id=None
idx=4 status=409 class=conflict code=RESERVATION_CONFLICT latency_ms=1549.576 reservation_id=None
idx=5 status=409 class=conflict code=RESERVATION_CONFLICT latency_ms=404.865 reservation_id=None
idx=6 status=409 class=conflict code=RESERVATION_CONFLICT latency_ms=763.46 reservation_id=None
idx=7 status=409 class=conflict code=RESERVATION_CONFLICT latency_ms=1282.566 reservation_id=None
idx=8 status=409 class=conflict code=RESERVATION_CONFLICT latency_ms=1356.936 reservation_id=None
idx=9 status=409 class=conflict code=RESERVATION_CONFLICT latency_ms=1035.351 reservation_id=None
idx=10 status=409 class=conflict code=RESERVATION_CONFLICT latency_ms=1425.566 reservation_id=None
idx=11 status=409 class=conflict code=RESERVATION_CONFLICT latency_ms=826.606 reservation_id=None
idx=12 status=409 class=conflict code=RESERVATION_CONFLICT latency_ms=1045.539 reservation_id=None
idx=13 status=409 class=conflict code=RESERVATION_CONFLICT latency_ms=344.067 reservation_id=None
idx=14 status=409 class=conflict code=RESERVATION_CONFLICT latency_ms=779.447 reservation_id=None
idx=15 status=409 class=conflict code=RESERVATION_CONFLICT latency_ms=1105.798 reservation_id=None
idx=16 status=409 class=conflict code=RESERVATION_CONFLICT latency_ms=1296.826 reservation_id=None
idx=17 status=409 class=conflict code=RESERVATION_CONFLICT latency_ms=548.601 reservation_id=None
idx=18 status=409 class=conflict code=RESERVATION_CONFLICT latency_ms=640.119 reservation_id=None
idx=19 status=409 class=conflict code=RESERVATION_CONFLICT latency_ms=1234.734 reservation_id=None
idx=20 status=409 class=conflict code=RESERVATION_CONFLICT latency_ms=964.86 reservation_id=None
idx=21 status=409 class=conflict code=RESERVATION_CONFLICT latency_ms=482.048 reservation_id=None
idx=22 status=409 class=conflict code=RESERVATION_CONFLICT latency_ms=288.567 reservation_id=None
idx=23 status=409 class=conflict code=RESERVATION_CONFLICT latency_ms=797.923 reservation_id=None
idx=24 status=409 class=conflict code=RESERVATION_CONFLICT latency_ms=394.565 reservation_id=None
idx=25 status=409 class=conflict code=RESERVATION_CONFLICT latency_ms=278.842 reservation_id=None
idx=26 status=409 class=conflict code=RESERVATION_CONFLICT latency_ms=1220.16 reservation_id=None
idx=27 status=409 class=conflict code=RESERVATION_CONFLICT latency_ms=1159.416 reservation_id=None
idx=28 status=409 class=conflict code=RESERVATION_CONFLICT latency_ms=220.834 reservation_id=None
idx=29 status=201 class=success code=None latency_ms=161.155 reservation_id=30
idx=30 status=409 class=conflict code=RESERVATION_CONFLICT latency_ms=904.214 reservation_id=None
idx=31 status=409 class=conflict code=RESERVATION_CONFLICT latency_ms=733.132 reservation_id=None
idx=32 status=409 class=conflict code=RESERVATION_CONFLICT latency_ms=717.236 reservation_id=None
idx=33 status=409 class=conflict code=RESERVATION_CONFLICT latency_ms=579.234 reservation_id=None
idx=34 status=409 class=conflict code=RESERVATION_CONFLICT latency_ms=1097.974 reservation_id=None
idx=35 status=409 class=conflict code=RESERVATION_CONFLICT latency_ms=420.698 reservation_id=None
idx=36 status=409 class=conflict code=RESERVATION_CONFLICT latency_ms=349.393 reservation_id=None
idx=37 status=409 class=conflict code=RESERVATION_CONFLICT latency_ms=979.828 reservation_id=None
idx=38 status=409 class=conflict code=RESERVATION_CONFLICT latency_ms=609.025 reservation_id=None
idx=39 status=409 class=conflict code=RESERVATION_CONFLICT latency_ms=856.071 reservation_id=None
idx=40 status=409 class=conflict code=RESERVATION_CONFLICT latency_ms=455.002 reservation_id=None
idx=41 status=409 class=conflict code=RESERVATION_CONFLICT latency_ms=469.296 reservation_id=None
idx=42 status=409 class=conflict code=RESERVATION_CONFLICT latency_ms=700.943 reservation_id=None
idx=43 status=409 class=conflict code=RESERVATION_CONFLICT latency_ms=526.58 reservation_id=None
idx=44 status=409 class=conflict code=RESERVATION_CONFLICT latency_ms=1344.845 reservation_id=None
idx=45 status=409 class=conflict code=RESERVATION_CONFLICT latency_ms=917.465 reservation_id=None
idx=46 status=409 class=conflict code=RESERVATION_CONFLICT latency_ms=839.847 reservation_id=None
idx=47 status=409 class=conflict code=RESERVATION_CONFLICT latency_ms=653.665 reservation_id=None
idx=48 status=409 class=conflict code=RESERVATION_CONFLICT latency_ms=1482.332 reservation_id=None
idx=49 status=409 class=conflict code=RESERVATION_CONFLICT latency_ms=669.737 reservation_id=None
WROTE <REPO>\benchmark\results\20260814T070350Z-mysql-redis-correctness-n50-r1.json
WROTE <REPO>\benchmark\results\20260814T070350Z-mysql-redis-correctness-n50-r1.jsonl
