BENCH begin correctness profile=mysql-redis N=50 round=2
base_url=http://127.0.0.1:18080 python=3.14.0 (tags/v3.14.0:ebf955d, Oct  7 2025, 10:15:03) [MSC v.1944 64 bit (AMD64)] pid=640
LOGIN student status=200 latency_ms=94.3
LOGIN admin status=200 latency_ms=103.1
CREATE_EQUIPMENT code=BM-C-mysql-redis-20260814T070418Z-50-R2 status=201 latency_ms=24.4
CORRECTNESS start profile=mysql-redis N=50 round=2 equipmentId=19 startTime=2026-08-18T09:04:18Z endTime=2026-08-18T10:04:18Z
---- SUMMARY ----
{
  "scenario": "correctness",
  "profile": "mysql-redis",
  "lock_impl": "RedisReservationLock",
  "base_url": "http://127.0.0.1:18080",
  "concurrency": 50,
  "round": 2,
  "total_planned": 50,
  "total_observed": 50,
  "success_201": 1,
  "conflict_409": 49,
  "failed_other": 0,
  "status_counts": {
    "201": 1,
    "409": 49
  },
  "error_code_counts": {
    "RESERVATION_CONFLICT": 33,
    "RESERVATION_LOCK_TIMEOUT": 16,
    "HTTP_201": 1
  },
  "wall_seconds": 2.070908,
  "throughput_rps": 24.144002,
  "latency_all": {
    "count": 50,
    "min_ms": 39.691,
    "avg_ms": 1337.197,
    "p50_ms": 1489.126,
    "p95_ms": 2068.939,
    "p99_ms": 2069.578,
    "max_ms": 2069.921
  },
  "latency_201": {
    "count": 1,
    "min_ms": 39.691,
    "avg_ms": 39.691,
    "p50_ms": 39.691,
    "p95_ms": 39.691,
    "p99_ms": 39.691,
    "max_ms": 39.691
  },
  "latency_409": {
    "count": 49,
    "min_ms": 91.387,
    "avg_ms": 1363.677,
    "p50_ms": 1520.367,
    "p95_ms": 2068.965,
    "p99_ms": 2069.585,
    "max_ms": 2069.921
  },
  "started_at": "2026-08-14T07:04:21+00:00",
  "equipment_id": 19,
  "equipment_code": "BM-C-mysql-redis-20260814T070418Z-50-R2",
  "start_time": "2026-08-18T09:04:18Z",
  "end_time": "2026-08-18T10:04:18Z",
  "worker_exceptions": [],
  "threads_still_alive": []
}
---- PER-REQUEST ----
idx=0 status=409 class=conflict code=RESERVATION_CONFLICT latency_ms=1020.034 reservation_id=None
idx=1 status=409 class=conflict code=RESERVATION_CONFLICT latency_ms=587.34 reservation_id=None
idx=2 status=409 class=conflict code=RESERVATION_CONFLICT latency_ms=1703.59 reservation_id=None
idx=3 status=409 class=conflict code=RESERVATION_CONFLICT latency_ms=650.918 reservation_id=None
idx=4 status=409 class=conflict code=RESERVATION_CONFLICT latency_ms=2015.078 reservation_id=None
idx=5 status=409 class=conflict code=RESERVATION_CONFLICT latency_ms=153.854 reservation_id=None
idx=6 status=409 class=conflict code=RESERVATION_LOCK_TIMEOUT latency_ms=2069.921 reservation_id=None
idx=7 status=409 class=conflict code=RESERVATION_CONFLICT latency_ms=1079.203 reservation_id=None
idx=8 status=409 class=conflict code=RESERVATION_LOCK_TIMEOUT latency_ms=2068.66 reservation_id=None
idx=9 status=409 class=conflict code=RESERVATION_CONFLICT latency_ms=893.923 reservation_id=None
idx=10 status=409 class=conflict code=RESERVATION_LOCK_TIMEOUT latency_ms=2066.522 reservation_id=None
idx=11 status=409 class=conflict code=RESERVATION_LOCK_TIMEOUT latency_ms=2069.168 reservation_id=None
idx=12 status=409 class=conflict code=RESERVATION_CONFLICT latency_ms=91.387 reservation_id=None
idx=13 status=409 class=conflict code=RESERVATION_CONFLICT latency_ms=1640.018 reservation_id=None
idx=14 status=409 class=conflict code=RESERVATION_LOCK_TIMEOUT latency_ms=2066.466 reservation_id=None
idx=15 status=409 class=conflict code=RESERVATION_CONFLICT latency_ms=208.725 reservation_id=None
idx=16 status=409 class=conflict code=RESERVATION_CONFLICT latency_ms=1142.911 reservation_id=None
idx=17 status=409 class=conflict code=RESERVATION_CONFLICT latency_ms=337.863 reservation_id=None
idx=18 status=409 class=conflict code=RESERVATION_CONFLICT latency_ms=1520.367 reservation_id=None
idx=19 status=409 class=conflict code=RESERVATION_LOCK_TIMEOUT latency_ms=2068.644 reservation_id=None
idx=20 status=409 class=conflict code=RESERVATION_LOCK_TIMEOUT latency_ms=2069.22 reservation_id=None
idx=21 status=409 class=conflict code=RESERVATION_CONFLICT latency_ms=399.879 reservation_id=None
idx=22 status=409 class=conflict code=RESERVATION_CONFLICT latency_ms=955.26 reservation_id=None
idx=23 status=409 class=conflict code=RESERVATION_CONFLICT latency_ms=1330.155 reservation_id=None
idx=24 status=409 class=conflict code=RESERVATION_CONFLICT latency_ms=1580.058 reservation_id=None
idx=25 status=409 class=conflict code=RESERVATION_LOCK_TIMEOUT latency_ms=2067.932 reservation_id=None
idx=26 status=409 class=conflict code=RESERVATION_CONFLICT latency_ms=1394.489 reservation_id=None
idx=27 status=409 class=conflict code=RESERVATION_CONFLICT latency_ms=1765.136 reservation_id=None
idx=28 status=409 class=conflict code=RESERVATION_LOCK_TIMEOUT latency_ms=2067.355 reservation_id=None
idx=29 status=409 class=conflict code=RESERVATION_LOCK_TIMEOUT latency_ms=2068.239 reservation_id=None
idx=30 status=409 class=conflict code=RESERVATION_CONFLICT latency_ms=1457.885 reservation_id=None
idx=31 status=409 class=conflict code=RESERVATION_CONFLICT latency_ms=522.883 reservation_id=None
idx=32 status=409 class=conflict code=RESERVATION_CONFLICT latency_ms=770.367 reservation_id=None
idx=33 status=409 class=conflict code=RESERVATION_LOCK_TIMEOUT latency_ms=2068.651 reservation_id=None
idx=34 status=409 class=conflict code=RESERVATION_CONFLICT latency_ms=274.04 reservation_id=None
idx=35 status=409 class=conflict code=RESERVATION_CONFLICT latency_ms=707.984 reservation_id=None
idx=36 status=201 class=success code=None latency_ms=39.691 reservation_id=31
idx=37 status=409 class=conflict code=RESERVATION_CONFLICT latency_ms=97.056 reservation_id=None
idx=38 status=409 class=conflict code=RESERVATION_LOCK_TIMEOUT latency_ms=2067.749 reservation_id=None
idx=39 status=409 class=conflict code=RESERVATION_CONFLICT latency_ms=1954.558 reservation_id=None
idx=40 status=409 class=conflict code=RESERVATION_CONFLICT latency_ms=1267.11 reservation_id=None
idx=41 status=409 class=conflict code=RESERVATION_CONFLICT latency_ms=828.166 reservation_id=None
idx=42 status=409 class=conflict code=RESERVATION_CONFLICT latency_ms=467.613 reservation_id=None
idx=43 status=409 class=conflict code=RESERVATION_LOCK_TIMEOUT latency_ms=2064.428 reservation_id=None
idx=44 status=409 class=conflict code=RESERVATION_CONFLICT latency_ms=1203.205 reservation_id=None
idx=45 status=409 class=conflict code=RESERVATION_LOCK_TIMEOUT latency_ms=2066.91 reservation_id=None
idx=46 status=409 class=conflict code=RESERVATION_LOCK_TIMEOUT latency_ms=2067.722 reservation_id=None
idx=47 status=409 class=conflict code=RESERVATION_CONFLICT latency_ms=1827.526 reservation_id=None
idx=48 status=409 class=conflict code=RESERVATION_LOCK_TIMEOUT latency_ms=2065.355 reservation_id=None
idx=49 status=409 class=conflict code=RESERVATION_CONFLICT latency_ms=1888.639 reservation_id=None
WROTE <REPO>\benchmark\results\20260814T070350Z-mysql-redis-correctness-n50-r2.json
WROTE <REPO>\benchmark\results\20260814T070350Z-mysql-redis-correctness-n50-r2.jsonl
