[2026-08-14T07:03:52.7254914Z] Wrote <REPO>\benchmark\machine.json
[2026-08-14T07:03:52.7309735Z] Orchestrator start root=<REPO>
[2026-08-14T07:03:52.7328630Z] Starting middleware via wsl-docker-lib.ps1 (ErrorAction=Continue; docker progress on stderr is not fatal)
[2026-08-14T07:03:52.8732190Z] Host docker missing; starting WSL keepalive + dockerd
[2026-08-14T07:03:56.9522461Z] docker compose up -d
[2026-08-14T07:04:02.3870848Z] docker compose up exit=0
[2026-08-14T07:04:02.3915929Z] Waiting for mysql/redis/rabbitmq health
[2026-08-14T07:04:09.1085531Z] Middleware healthy
[2026-08-14T07:04:09.2621914Z] Starting production backend as orchestrator child: C:\Program Files\Java\jdk-25.0.2\bin\java.exe -jar <REPO>\target\lab-equipment-platform-0.0.1-SNAPSHOT.jar --spring.profiles.active=production --server.port=18080 --logging.file.name=<REPO>\benchmark\logs\20260814T070350Z-backend-mysql-redis.stdout.log --labops.jwt.refresh-cookie-secure=false
[2026-08-14T07:04:15.4852357Z] RUN 20260814T070350Z-mysql-redis-correctness-n50-r1
[2026-08-14T07:04:18.5590740Z] EXIT 20260814T070350Z-mysql-redis-correctness-n50-r1 code=0
[2026-08-14T07:04:18.6032808Z] RUN 20260814T070350Z-mysql-redis-correctness-n50-r2
[2026-08-14T07:04:21.6649317Z] EXIT 20260814T070350Z-mysql-redis-correctness-n50-r2 code=0
[2026-08-14T07:04:21.7003770Z] RUN 20260814T070350Z-mysql-redis-correctness-n50-r3
[2026-08-14T07:04:24.7534734Z] EXIT 20260814T070350Z-mysql-redis-correctness-n50-r3 code=0
[2026-08-14T07:04:24.8062376Z] RUN 20260814T070350Z-mysql-redis-correctness-n100-r1
[2026-08-14T07:04:27.8622106Z] EXIT 20260814T070350Z-mysql-redis-correctness-n100-r1 code=0
[2026-08-14T07:04:27.8907988Z] RUN 20260814T070350Z-mysql-redis-correctness-n100-r2
[2026-08-14T07:04:30.9439832Z] EXIT 20260814T070350Z-mysql-redis-correctness-n100-r2 code=0
[2026-08-14T07:04:30.9663732Z] RUN 20260814T070350Z-mysql-redis-correctness-n100-r3
[2026-08-14T07:04:34.0238085Z] EXIT 20260814T070350Z-mysql-redis-correctness-n100-r3 code=0
[2026-08-14T07:04:34.0505408Z] RUN 20260814T070350Z-mysql-redis-correctness-n200-r1
[2026-08-14T07:04:37.0905505Z] EXIT 20260814T070350Z-mysql-redis-correctness-n200-r1 code=0
[2026-08-14T07:04:37.1150140Z] RUN 20260814T070350Z-mysql-redis-correctness-n200-r2
[2026-08-14T07:04:40.1664698Z] EXIT 20260814T070350Z-mysql-redis-correctness-n200-r2 code=0
[2026-08-14T07:04:40.1963658Z] RUN 20260814T070350Z-mysql-redis-correctness-n200-r3
[2026-08-14T07:04:43.2440182Z] EXIT 20260814T070350Z-mysql-redis-correctness-n200-r3 code=0
[2026-08-14T07:04:43.2691819Z] RUN 20260814T070350Z-mysql-redis-performance-c50-t500-r1
[2026-08-14T07:04:48.3368558Z] EXIT 20260814T070350Z-mysql-redis-performance-c50-t500-r1 code=0
[2026-08-14T07:04:48.3389023Z] RUN 20260814T070350Z-mysql-redis-performance-c100-t500-r1
[2026-08-14T07:04:55.4061180Z] EXIT 20260814T070350Z-mysql-redis-performance-c100-t500-r1 code=0
[2026-08-14T07:04:55.7353164Z] Stopped pid=25684 from <REPO>\benchmark\.run\backend-mysql-redis.pid
[2026-08-14T07:05:03.8858331Z] RESULTS.md written
[2026-08-14T07:05:03.8868511Z] Orchestrator finished
