2026-08-14T02:57:34.377-04:00  INFO 19012 --- [lab-equipment-platform] [main] c.a.l.LabEquipmentPlatformApplication    : Starting LabEquipmentPlatformApplication v0.0.1-SNAPSHOT using Java 25.0.2 with PID 19012 (<REPO>\target\lab-equipment-platform-0.0.1-SNAPSHOT.jar started by <USER> in <REPO>)
2026-08-14T02:57:34.379-04:00  INFO 19012 --- [lab-equipment-platform] [main] c.a.l.LabEquipmentPlatformApplication    : No active profile set, falling back to 1 default profile: "default"
2026-08-14T02:57:35.104-04:00  INFO 19012 --- [lab-equipment-platform] [main] .s.d.r.c.RepositoryConfigurationDelegate : Multiple Spring Data modules found, entering strict repository configuration mode
2026-08-14T02:57:35.106-04:00  INFO 19012 --- [lab-equipment-platform] [main] .s.d.r.c.RepositoryConfigurationDelegate : Bootstrapping Spring Data JPA repositories in DEFAULT mode.
2026-08-14T02:57:35.210-04:00  INFO 19012 --- [lab-equipment-platform] [main] .s.d.r.c.RepositoryConfigurationDelegate : Finished Spring Data repository scanning in 96 ms. Found 6 JPA repository interfaces.
2026-08-14T02:57:35.659-04:00  INFO 19012 --- [lab-equipment-platform] [main] o.s.b.w.embedded.tomcat.TomcatWebServer  : Tomcat initialized with port 18080 (http)
2026-08-14T02:57:35.672-04:00  INFO 19012 --- [lab-equipment-platform] [main] o.apache.catalina.core.StandardService   : Starting service [Tomcat]
2026-08-14T02:57:35.672-04:00  INFO 19012 --- [lab-equipment-platform] [main] o.apache.catalina.core.StandardEngine    : Starting Servlet engine: [Apache Tomcat/10.1.55]
2026-08-14T02:57:35.700-04:00  INFO 19012 --- [lab-equipment-platform] [main] o.a.c.c.C.[Tomcat].[localhost].[/]       : Initializing Spring embedded WebApplicationContext
2026-08-14T02:57:35.700-04:00  INFO 19012 --- [lab-equipment-platform] [main] w.s.c.ServletWebServerApplicationContext : Root WebApplicationContext: initialization completed in 1290 ms
2026-08-14T02:57:35.972-04:00  INFO 19012 --- [lab-equipment-platform] [main] com.zaxxer.hikari.HikariDataSource       : HikariPool-1 - Starting...
2026-08-14T02:57:36.093-04:00  INFO 19012 --- [lab-equipment-platform] [main] com.zaxxer.hikari.pool.HikariPool        : HikariPool-1 - Added connection conn0: url=jdbc:h2:mem:labops user=SA
2026-08-14T02:57:36.094-04:00  INFO 19012 --- [lab-equipment-platform] [main] com.zaxxer.hikari.HikariDataSource       : HikariPool-1 - Start completed.
2026-08-14T02:57:36.123-04:00  INFO 19012 --- [lab-equipment-platform] [main] org.flywaydb.core.FlywayExecutor         : Database: jdbc:h2:mem:labops (H2 2.3)
2026-08-14T02:57:36.143-04:00  INFO 19012 --- [lab-equipment-platform] [main] o.f.c.i.s.JdbcTableSchemaHistory         : Schema history table "public"."flyway_schema_history" does not exist yet
2026-08-14T02:57:36.145-04:00  INFO 19012 --- [lab-equipment-platform] [main] o.f.core.internal.command.DbValidate     : Successfully validated 7 migrations (execution time 00:00.009s)
2026-08-14T02:57:36.149-04:00  INFO 19012 --- [lab-equipment-platform] [main] o.f.c.i.s.JdbcTableSchemaHistory         : Creating Schema History table "public"."flyway_schema_history" ...
2026-08-14T02:57:36.166-04:00  INFO 19012 --- [lab-equipment-platform] [main] o.f.core.internal.command.DbMigrate      : Current version of schema "public": << Empty Schema >>
2026-08-14T02:57:36.171-04:00  INFO 19012 --- [lab-equipment-platform] [main] o.f.core.internal.command.DbMigrate      : Migrating schema "public" to version "1 - init"
2026-08-14T02:57:36.184-04:00  INFO 19012 --- [lab-equipment-platform] [main] o.f.core.internal.command.DbMigrate      : Migrating schema "public" to version "2 - work order version"
2026-08-14T02:57:36.191-04:00  INFO 19012 --- [lab-equipment-platform] [main] o.f.core.internal.command.DbMigrate      : Migrating schema "public" to version "3 - platform users"
2026-08-14T02:57:36.194-04:00  INFO 19012 --- [lab-equipment-platform] [main] o.f.core.internal.command.DbMigrate      : Migrating schema "public" to version "4 - reservation expiry"
2026-08-14T02:57:36.200-04:00  INFO 19012 --- [lab-equipment-platform] [main] o.f.core.internal.command.DbMigrate      : Migrating schema "public" to version "5 - audit and user links"
2026-08-14T02:57:36.205-04:00  INFO 19012 --- [lab-equipment-platform] [main] o.f.core.internal.command.DbMigrate      : Migrating schema "public" to version "6 - equipment profile"
2026-08-14T02:57:36.218-04:00  INFO 19012 --- [lab-equipment-platform] [main] o.f.core.internal.command.DbMigrate      : Migrating schema "public" to version "7 - refresh tokens"
2026-08-14T02:57:36.223-04:00  INFO 19012 --- [lab-equipment-platform] [main] o.f.core.internal.command.DbMigrate      : Successfully applied 7 migrations to schema "public", now at version v7 (execution time 00:00.033s)
2026-08-14T02:57:36.276-04:00  INFO 19012 --- [lab-equipment-platform] [main] o.hibernate.jpa.internal.util.LogHelper  : HHH000204: Processing PersistenceUnitInfo [name: default]
2026-08-14T02:57:36.309-04:00  INFO 19012 --- [lab-equipment-platform] [main] org.hibernate.Version                    : HHH000412: Hibernate ORM core version 6.6.53.Final
2026-08-14T02:57:36.334-04:00  INFO 19012 --- [lab-equipment-platform] [main] o.h.c.internal.RegionFactoryInitiator    : HHH000026: Second-level cache disabled
2026-08-14T02:57:36.485-04:00  INFO 19012 --- [lab-equipment-platform] [main] o.s.o.j.p.SpringPersistenceUnitInfo      : No LoadTimeWeaver setup: ignoring JPA class transformer
2026-08-14T02:57:36.521-04:00  INFO 19012 --- [lab-equipment-platform] [main] org.hibernate.orm.connections.pooling    : HHH10001005: Database info:
	Database JDBC URL [Connecting through datasource 'HikariDataSource (HikariPool-1)']
	Database driver: undefined/unknown
	Database version: 2.3.232
	Autocommit mode: undefined/unknown
	Isolation level: undefined/unknown
	Minimum pool size: undefined/unknown
	Maximum pool size: undefined/unknown
2026-08-14T02:57:37.009-04:00  INFO 19012 --- [lab-equipment-platform] [main] o.h.e.t.j.p.i.JtaPlatformInitiator       : HHH000489: No JTA platform available (set 'hibernate.transaction.jta.platform' to enable JTA platform integration)
2026-08-14T02:57:37.023-04:00  INFO 19012 --- [lab-equipment-platform] [main] j.LocalContainerEntityManagerFactoryBean : Initialized JPA EntityManagerFactory for persistence unit 'default'
2026-08-14T02:57:37.260-04:00  INFO 19012 --- [lab-equipment-platform] [main] r$InitializeUserDetailsManagerConfigurer : Global AuthenticationManager configured with UserDetailsService bean with name databaseUserDetailsService
2026-08-14T02:57:37.274-04:00  INFO 19012 --- [lab-equipment-platform] [main] o.s.d.j.r.query.QueryEnhancerFactory     : Hibernate is in classpath; If applicable, HQL parser will be used.
2026-08-14T02:57:37.839-04:00  INFO 19012 --- [lab-equipment-platform] [main] o.s.b.a.e.web.EndpointLinksResolver      : Exposing 2 endpoints beneath base path '/actuator'
2026-08-14T02:57:38.471-04:00  INFO 19012 --- [lab-equipment-platform] [main] o.s.b.w.embedded.tomcat.TomcatWebServer  : Tomcat started on port 18080 (http) with context path '/'
2026-08-14T02:57:38.482-04:00  INFO 19012 --- [lab-equipment-platform] [main] c.a.l.LabEquipmentPlatformApplication    : Started LabEquipmentPlatformApplication in 4.389 seconds (process running for 4.699)
2026-08-14T02:57:38.882-04:00  INFO 19012 --- [lab-equipment-platform] [http-nio-18080-exec-1] o.a.c.c.C.[Tomcat].[localhost].[/]       : Initializing Spring DispatcherServlet 'dispatcherServlet'
2026-08-14T02:57:38.884-04:00  INFO 19012 --- [lab-equipment-platform] [http-nio-18080-exec-1] o.s.web.servlet.DispatcherServlet        : Initializing Servlet 'dispatcherServlet'
2026-08-14T02:57:38.885-04:00  INFO 19012 --- [lab-equipment-platform] [http-nio-18080-exec-1] o.s.web.servlet.DispatcherServlet        : Completed initialization in 1 ms
